01-16 14:20:28.298 24817-24817/? D/SC_GlobalScreenshotFileManager: loadState : 1482558204104	/storage/emulated/0/DCIM/Screenshots/Screenshot_20161223-214324.png	false	true
01-16 14:20:28.298 24817-24817/? D/SC_GlobalScreenshotFileManager: loadState : 1483686869925	/storage/emulated/0/DCIM/Screenshots/Screenshot_20170105-231429.png	false	true
01-16 14:20:28.298 24817-24817/? D/SC_GlobalScreenshotFileManager: loadState : 1484224607604	/storage/emulated/0/DCIM/Screenshots/Screenshot_20170112-043647.png	false	true
01-16 14:20:28.308 24770-24770/? D/ViewRootImpl: #3 mView = null
01-16 14:20:28.308 3021-3029/? I/SurfaceFlinger: id=4825 Removed TcreenshotA (9/11)
01-16 14:20:28.308 3021-5406/? I/SurfaceFlinger: id=4825 Removed TcreenshotA (-2/11)
01-16 14:20:28.308 3021-3021/? D/libEGL: eglTerminate EGLDisplay = 0x7fe3176668
01-16 14:20:28.318 24770-24770/? D/ViewRootImpl: #3 mView = null
01-16 14:20:28.318 3021-3945/? I/SurfaceFlinger: id=4824 Removed  (8/10)
01-16 14:20:28.318 3021-3939/? I/SurfaceFlinger: id=4824 Removed  (-2/10)
01-16 14:20:28.318 24770-24770/? D/SC_RemoteScrollCaptureInterface: onServiceConnected : Service connected. Elapsed = 196ms
01-16 14:20:28.318 24770-24770/? D/SC_RemoteScrollCaptureInterface: notifyGlobalScreenshotStarted
01-16 14:20:28.318 24817-24828/? D/SC_ScrollCaptureRemoteService: binder_onGlobalScreenshotStarted
01-16 14:20:28.328 24817-24817/? D/SC_ScrollCaptureRemoteService: onGlobalScreenshotStarted : TrId = 1484605227904
01-16 14:20:28.328 3021-3021/? D/libEGL: eglTerminate EGLDisplay = 0x7fe3176668
01-16 14:20:28.338 24817-24817/? D/SC_GlobalScreenshotFileManager: saveState : 5 items are saved
01-16 14:20:28.348 24817-24817/? D/SC_ScrollCaptureRemoteService: isUiActivated : Result = false
01-16 14:20:28.348 24817-24817/? W/ContextImpl: Calling a method in the system process without a qualified user: android.app.ContextImpl.startService:1305 android.content.ContextWrapper.startService:606 com.samsung.android.app.scrollcapture.core.ScrollCaptureRemoteService.startUiService:237 com.samsung.android.app.scrollcapture.core.ScrollCaptureRemoteService.onGlobalScreenshotStarted:189 com.samsung.android.app.scrollcapture.core.ScrollCaptureRemoteService.access$500:23 
01-16 14:20:28.358 24817-24817/? D/SC_ScrollCaptureUiService: onCreate()
01-16 14:20:28.358 24817-24817/? I/Sally Service: onCreate() : com.samsung.android.app.scrollcapture.ScrollCaptureUiService@6818a37
01-16 14:20:28.368 24817-24817/? D/ContextRelationManager: ContextRelationManager() : FEATURE_ENABLED=true
01-16 14:20:28.368 24817-24817/? I/Sally Service: loaded theme = 0
01-16 14:20:28.368 24817-24817/? I/Sally Service: createLayoutParams
01-16 14:20:28.368 24817-24817/? D/SC_ScrollCaptureUtils: Screen orientation default : Portrait
01-16 14:20:28.378 24817-24817/? D/ScoverManager: serviceVersion : 17170432
01-16 14:20:28.378 24817-24817/? D/ScoverManager: registerListener
01-16 14:20:28.388 3633-5261/? D/CoverManager.StateNotifier: registerListenerCallback : binder = android.os.BinderProxy@d971d77, pid : 24817, uid : 1000, type : 1
01-16 14:20:28.398 24817-24817/? D/SC_ScrollCaptureUiService: onStartCommand()
01-16 14:20:28.408 24817-24817/? D/SC_ScrollCaptureManager: loadSettings :  scrollRatio=0.75 imgBufSize=-1 showHidden=false scaleLv1=0.75 scaleLv2=0.5 dbg=false
01-16 14:20:28.418 24817-24817/? D/SC_ScrollCaptureComposer: init : scale=0.75x  buffSize=84MB
01-16 14:20:28.428 24817-24817/? D/SC_ScrollCaptureUiService: onStartCommand : All permissions are acquired
01-16 14:20:28.428 24817-24817/? D/SC_ScrollCaptureUtils: isSystemKeyEventRequested : 187
01-16 14:20:28.438 24817-24817/? I/Sally Service: setContentView() view
01-16 14:20:28.448 24817-24817/? I/Sally Service: onStartCommand()
01-16 14:20:28.468 24817-24817/? D/SecWifiDisplayUtil: Metadata value : SecSettings2
01-16 14:20:28.468 24817-24817/? D/ViewRootImpl: #1 mView = com.android.internal.policy.PhoneWindow$DecorView{5b1892f V.E...... R.....I. 0,0-0,0}
01-16 14:20:28.478 24817-24842/? D/OpenGLRenderer: Use EGL_SWAP_BEHAVIOR_PRESERVED: true
01-16 14:20:28.478 3633-5032/? D/ISSUE_DEBUG: InputChannelName : fcd1450 ScrollCaptureUiService
01-16 14:20:28.488 3633-5032/? V/MARsPolicyManager: handelAlertToastWindowStarted pkgName = com.samsung.android.app.scrollcapture
01-16 14:20:28.488 3633-3783/? D/StatusBarManagerService: manageDisableList userId=0 what=0x0 pkg=Window{fcd1450 u0 d0 ScrollCaptureUiService}
01-16 14:20:28.488 3633-5032/? D/InputDispatcher: Focus left window: 24619
01-16 14:20:28.488 5228-5228/? D/PhoneStatusBar: setSystemUiVisibility vis=8000 mask=ffffffff oldVal=8700 newVal=8000 diff=700
01-16 14:20:28.488 3633-5032/? D/InputDispatcher: Focus entered window: 24817
01-16 14:20:28.488 3633-3799/? D/PointerIcon: setMouseIconStyle1 pointerType: 1001 iconType:101 flag:0 pid:3633 uid:1000
01-16 14:20:28.488 3633-3799/? D/PointerIcon: setMouseCustomIcon IconType is same.101
01-16 14:20:28.508 24817-24817/? D/SC_ScrollCaptureAbstractMainUiView: onCallStateChanged : callState = 0
01-16 14:20:28.508 24817-24817/? D/SC_MainUiViewForStandAlone: onCreate : 1484605227904  /storage/emulated/0/DCIM/Screenshots/Screenshot_20170116-142027.png
01-16 14:20:28.508 24817-24817/? D/SC_ScrollCaptureUiService: onAttachedToWindow
01-16 14:20:28.518 24817-24817/? D/skia: ---- fAsset->read(0) returned 0
01-16 14:20:28.528 24817-24817/? D/SC_ToolbarItemView: initView
01-16 14:20:28.548 24817-24817/? D/SC_ToolbarItemView: initView
01-16 14:20:28.558 24817-24817/? D/SC_ToolbarItemView: initView
01-16 14:20:28.568 24817-24817/? D/SC_OverlayHelpView: initView
01-16 14:20:28.588 24817-24817/? D/SC_ScrollCaptureAbstractMainUiView: onAttachedToWindow
01-16 14:20:28.598 24817-24817/? D/SC_ScrollInfoExtractor: extractScrollInfoFromRemoteApp
01-16 14:20:28.598 3633-4496/? D/SpenGestureManagerService: getScrollableRect()
01-16 14:20:28.608 24619-24619/lalinw.washington.edu.activityspy D/SmartClipRemoteRequestDispatcher: dispatchScrollableAreaInfo : windowRect = Rect(0, 0 - 1440, 2560)
01-16 14:20:28.618 24619-24619/lalinw.washington.edu.activityspy D/SmartClipRemoteRequestDispatcher: dispatchScrollableAreaInfo : Scrollable view count = 3
01-16 14:20:28.618 24619-24619/lalinw.washington.edu.activityspy D/SmartClipRemoteRequestDispatcher: dispatchScrollableAreaInfo : Unscrollable view count = 0
01-16 14:20:28.618 24619-24619/lalinw.washington.edu.activityspy D/SmartClipRemoteRequestDispatcher: dispatchScrollableAreaInfo : Pkg=lalinw.washington.edu.activityspy Activity=lalinw.washington.edu.activityspy.MainActivity
01-16 14:20:28.618 3633-5631/? D/SpenGestureManagerService: sendSmartClipRemoteRequestResult : requestId=1 requestType=0
01-16 14:20:28.618 3633-4496/? D/SpenGestureManagerService: waitResult : Unlocked. Id = 1 Elapsed = 20ms
01-16 14:20:28.618 3633-4496/? D/SpenGestureManagerService: getScrollableRect : Result=Bundle[mParcelledData.dataSize=1780]
01-16 14:20:28.618 24817-24817/? D/SC_ScrollableViewDetector: getScrollInfoFromRemoteApp : Before filtering -  Pkg=lalinw.washington.edu.activityspy / Activity=lalinw.washington.edu.activityspy.MainActivity / S_Cnt=3 / US_Cnt=0 / WinRect=Rect(0, 0 - 1440, 2560) / Layer=21100
01-16 14:20:28.618 24817-24817/? D/SC_ScrollableViewDetector: getScrollInfoFromRemoteApp : Candidate view count = 3 White view count = 0
01-16 14:20:28.618 24817-24817/? D/SC_ScrollableViewDetector: filterSmallView : MinWidth = 1080 MinHeight=256
01-16 14:20:28.618 24817-24817/? D/SC_ScrollableViewDetector: removeSmallView : Remove @B67C5F7 W=1440 H=224 Rect(0, 96 - 1440, 320)
01-16 14:20:28.618 24817-24817/? D/SC_ScrollableViewDetector: removeSmallView : Remove @5D9245D W=224 H=224 Rect(1152, 2272 - 1376, 2496)
01-16 14:20:28.618 24817-24817/? D/SC_ScrollCaptureManager: canScrollCapture : true
01-16 14:20:28.618 24817-24817/? D/SC_MainUiViewForStandAlone: adjustMaxThumbnailHeight : Thumbnail max height = 2072
01-16 14:20:28.638 3021-3021/? I/SurfaceFlinger: id=4826 createSurf (1440x2560),1 flag=4, TcrollCaptu
01-16 14:20:28.638 3633-5632/? V/WindowOrientationListener: setCurrentAppOrientation :1
01-16 14:20:28.638 3633-5632/? V/WindowOrientationListener: OrientationSensorJudge.getProposedRotation, Rotation: -1
01-16 14:20:28.638 3633-5632/? V/WindowManager: rotationForOrientationLw(orient=1, last=0); user=0  sensorRotation=-1 mLidState=-1 mDockMode=0 mHdmiPlugged=false mMobileKeyboardEnabled=false displayId=0
01-16 14:20:28.638 3633-5632/? V/WindowOrientationListener: OrientationSensorJudge.getProposedRotation, Rotation: -1
01-16 14:20:28.658 24817-24842/? D/libEGL: eglInitialize EGLDisplay = 0x7f842ff178
01-16 14:20:28.658 24817-24842/? I/OpenGLRenderer: Initialized EGL, version 1.4
01-16 14:20:28.658 24817-24842/? D/mali_winsys: EGLint new_window_surface(egl_winsys_display*, void*, EGLSurface, EGLConfig, egl_winsys_surface**, egl_color_buffer_format*, EGLBoolean) returns 0x3000,  [1440x2560]-format:1
01-16 14:20:28.678 24817-24817/? E/SC_ScrollCaptureComposer: getComposedBitmapThumbnail : Empty composing buffer!
01-16 14:20:28.678 24817-24817/? D/SC_MainUiViewForStandAlone: updateThumbnail : have thumbnail = false
01-16 14:20:28.678 24817-24817/? D/ViewRootImpl: MSG_RESIZED_REPORT: ci=Rect(0, 0 - 0, 0) vi=Rect(0, 0 - 0, 0) or=1
01-16 14:20:28.688 24817-24817/? W/DisplayListCanvas: DisplayListCanvas is started on unbinded RenderNode (without mOwningView)
01-16 14:20:28.688 24817-24842/? D/libGLESv1: DTS_GLAPI : DTS is not allowed for Package : com.samsung.android.app.scrollcapture
01-16 14:20:28.728 3633-3807/? D/PackageManager: [MSG] WRITE_PACKAGE_RESTRICTIONS
01-16 14:20:28.728 24770-24831/? D/SaveImageInBackgroundTask: image.getByteCount() : 14745600
01-16 14:20:28.738 24817-24842/? W/OpenGLRenderer: SFEffectCache::get: create texture(0x7f842fe670): name, size, mSize = 6, 31208, 31208
01-16 14:20:28.738 24817-24842/? W/OpenGLRenderer: SFEffectCache::get: create texture(0x7f842fe670): name, size, mSize = 7, 12528, 43736
01-16 14:20:28.738 3633-3807/? W/System.err: remove failed: ENOENT (No such file or directory) : /data/system/users/0/package-restrictions.xml.bak
01-16 14:20:28.748 24817-24842/? W/OpenGLRenderer: SFEffectCache::get: create texture(0x7f842fe670): name, size, mSize = 8, 18876, 62612
01-16 14:20:28.748 24817-24842/? W/OpenGLRenderer: SFEffectCache::get: create texture(0x7f842fe670): name, size, mSize = 9, 18612, 81224
01-16 14:20:28.748 3021-3021/? D/libEGL: eglInitialize EGLDisplay = 0x7fe3176548
01-16 14:20:28.748 3633-5627/? V/WindowStateAnimator: Finishing drawing window Window{fcd1450 u0 d0 ScrollCaptureUiService}: mDrawState=DRAW_PENDING
01-16 14:20:28.768 3021-3021/? D/libEGL: eglInitialize EGLDisplay = 0x7fe3176548
01-16 14:20:28.828 328-19032/? E/MtpServerJNI: server is null in send_object_added
01-16 14:20:28.828 328-19032/? I/CMHServiceInterface: binding to CMH
01-16 14:20:28.828 18988-18988/? E/MTPJNIInterface: In MTPJNIINterface onReceive:com.android.MTP.OBJECT_ADDED
01-16 14:20:28.828 18988-18988/? E/MTPJNIInterface: ***** file path of  sendObjectAdded 
01-16 14:20:28.858 24859-24859/? E/Zygote: v2
01-16 14:20:28.858 24859-24859/? I/libpersona: KNOX_SDCARD checking this for 5004
01-16 14:20:28.858 24859-24859/? I/libpersona: KNOX_SDCARD not a persona
01-16 14:20:28.858 24859-24859/? W/SELinux: Function: selinux_compare_spd_ram, index[1], priority [2], priority version is VE=SEPF_SECMOBILE_6.0.1_0031
01-16 14:20:28.858 3633-5489/? I/ActivityManager: Start proc 24859:com.samsung.cmh:CMH/5004 for service com.samsung.cmh/.service.CMHService
01-16 14:20:28.858 24859-24859/? E/Zygote: accessInfo : 0
01-16 14:20:28.858 328-19032/? D/CMHServiceInterface: Sending intent to CMH
01-16 14:20:28.858 24859-24859/? W/SELinux: SELinux: seapp_context_lookup: seinfo=platform, level=s0:c512,c768, pkgname=com.samsung.cmh:CMH 
01-16 14:20:28.858 328-19032/? D/MediaProvider: [SCloudService] Send intent : insert
01-16 14:20:28.868 328-19032/? D/ContentSyncInterface: Sending insert intent to SCLOUD
01-16 14:20:28.878 24870-24870/? E/Zygote: v2
01-16 14:20:28.878 24870-24870/? I/libpersona: KNOX_SDCARD checking this for 5009
01-16 14:20:28.878 24870-24870/? I/libpersona: KNOX_SDCARD not a persona
01-16 14:20:28.888 24870-24870/? W/SELinux: Function: selinux_compare_spd_ram, index[1], priority [2], priority version is VE=SEPF_SECMOBILE_6.0.1_0031
01-16 14:20:28.888 24870-24870/? E/Zygote: accessInfo : 0
01-16 14:20:28.888 24870-24870/? W/SELinux: SELinux: seapp_context_lookup: seinfo=platform, level=s0:c512,c768, pkgname=com.samsung.android.scloud:contentsync 
01-16 14:20:28.888 3633-5603/? I/ActivityManager: Start proc 24870:com.samsung.android.scloud:contentsync/5009 for service com.samsung.android.scloud/.cloudagent.detector.MediaDetectionService
01-16 14:20:28.898 24859-24859/? D/TimaKeyStoreProvider: TimaSignature is unavailable
01-16 14:20:28.898 24859-24859/? D/ActivityThread: Added TimaKeyStore provider
01-16 14:20:28.918 6756-6756/? D/LibraryDataManager: onChange = 0, active = true, uri = content://media/external/images/media, this = com.sec.android.gallery3d.data.LibraryDataManager$NotifyBroker@4082a00
01-16 14:20:28.928 24870-24870/? D/TimaKeyStoreProvider: TimaSignature is unavailable
01-16 14:20:28.928 24870-24870/? D/ActivityThread: Added TimaKeyStore provider
01-16 14:20:28.938 24888-24888/? E/Zygote: v2
01-16 14:20:28.938 24888-24888/? I/libpersona: KNOX_SDCARD checking this for 1000
01-16 14:20:28.938 24888-24888/? I/libpersona: KNOX_SDCARD not a persona
01-16 14:20:28.938 24888-24888/? W/SELinux: Function: selinux_compare_spd_ram, index[1], priority [2], priority version is VE=SEPF_SECMOBILE_6.0.1_0031
01-16 14:20:28.938 3633-3782/? I/ActivityManager: Start proc 24888:com.samsung.clipboardsaveservice/1000 for broadcast-3 com.samsung.clipboardsaveservice/.ClipboardAppReceiver
01-16 14:20:28.938 24888-24888/? E/Zygote: accessInfo : 0
01-16 14:20:28.958 24770-24770/? D/SC_RemoteScrollCaptureInterface: notifyGlobalScreenshotFinished
01-16 14:20:28.958 24770-24770/? D/SaveImageInBackgroundTask: onPostExecute
01-16 14:20:28.958 24817-24828/? D/SC_ScrollCaptureRemoteService: binder_onGlobalScreenshotFinished
01-16 14:20:28.958 24817-24817/? D/SC_ScrollCaptureRemoteService: onGlobalScreenshotFinished : TrId = 1484605227904
01-16 14:20:28.968 24770-24770/? D/SC_RemoteScrollCaptureInterface: disconnect
01-16 14:20:28.968 24817-24817/? D/SC_GlobalScreenshotFileManager: saveState : 5 items are saved
01-16 14:20:28.968 24817-24817/? D/SC_MainUiViewForStandAlone: onGlobalScreenshotFileStateChanged : Changed TrId = 1484605227904 / Cur UI TrId = 1484605227904
01-16 14:20:28.968 24859-24859/? W/ResourcesManager: getTopLevelResources: /system/priv-app/CMHProvider/CMHProvider.apk / 1.0 running in com.samsung.cmh rsrc of package com.samsung.cmh
01-16 14:20:28.968 24817-24817/? D/SC_MainUiViewForStandAlone: onGlobalScreenshotFileWritingCompleted
01-16 14:20:28.978 24817-24817/? D/SC_ScreenshotNotificationManager: showNotification : Image saved
01-16 14:20:28.978 3633-5489/? I/InjectionManagerService -AppFeature: getCoreFeaturePkgList :[]
01-16 14:20:28.978 24859-24859/? I/InjectionManager: Inside getClassLibPath + mLibMap{0=, 1=}
01-16 14:20:28.978 24888-24888/? D/TimaKeyStoreProvider: TimaSignature is unavailable
01-16 14:20:28.978 24888-24888/? D/ActivityThread: Added TimaKeyStore provider
01-16 14:20:28.998 24859-24859/? D/ResourcesManager: For user 0 new overlays fetched Null
01-16 14:20:28.998 24870-24870/? W/ResourcesManager: getTopLevelResources: /system/priv-app/SamsungCloud/SamsungCloud.apk / 1.0 running in com.samsung.android.scloud rsrc of package com.samsung.android.scloud
01-16 14:20:28.998 24859-24859/? I/InjectionManager: Inside getClassLibPath caller 
01-16 14:20:29.008 3633-5603/? V/BroadcastQueue: [background] Process cur broadcast BroadcastRecord{7156581 u0 com.samsung.clipboardsaveservice.CLIPBOARD_COPY_RECEIVER qIdx=4}, state= (APP_RECEIVE) DELIVERED for app ProcessRecord{bcfb626 24888:com.samsung.clipboardsaveservice/1000}
01-16 14:20:29.008 24888-24888/? W/ResourcesManager: getTopLevelResources: /system/app/ClipboardSaveService/ClipboardSaveService.apk / 1.0 running in com.samsung.clipboardsaveservice rsrc of package com.samsung.clipboardsaveservice
01-16 14:20:29.018 3633-5601/? I/InjectionManagerService -AppFeature: getCoreFeaturePkgList :[]
01-16 14:20:29.018 3633-3652/? I/InjectionManagerService -AppFeature: getCoreFeaturePkgList :[]
01-16 14:20:29.018 24888-24888/? I/InjectionManager: Inside getClassLibPath + mLibMap{0=, 1=}
01-16 14:20:29.018 24870-24870/? I/InjectionManager: Inside getClassLibPath + mLibMap{0=, 1=}
01-16 14:20:29.018 24888-24888/? D/ResourcesManager: For user 0 new overlays fetched Null
01-16 14:20:29.028 24770-24770/? D/SaveImageInBackgroundTask: SaveImageInBackgroundTask setProcessForeground false
01-16 14:20:29.028 24888-24888/? I/InjectionManager: Inside getClassLibPath caller 
01-16 14:20:29.028 24859-24859/? W/System: ClassLoader referenced unknown path: /system/priv-app/CMHProvider/lib/arm64
01-16 14:20:29.038 24888-24888/? W/System: ClassLoader referenced unknown path: /system/app/ClipboardSaveService/lib/arm64
01-16 14:20:29.038 24870-24870/? D/ResourcesManager: For user 0 new overlays fetched Null
01-16 14:20:29.048 24888-24888/? D/InjectionManager: InjectionManager
01-16 14:20:29.048 24888-24888/? D/InjectionManager: fillFeatureStoreMap com.samsung.clipboardsaveservice
01-16 14:20:29.048 24888-24888/? I/InjectionManager: Constructor com.samsung.clipboardsaveservice, Feature store :{}
01-16 14:20:29.048 24888-24888/? I/InjectionManager: featureStore :{}
01-16 14:20:29.058 24859-24859/? I/CMHProvider: [#CMH#] onCreate 
01-16 14:20:29.058 24870-24870/? I/InjectionManager: Inside getClassLibPath caller 
01-16 14:20:29.058 24859-24859/? I/DatabaseManager: [#CMH#] DatabaseManager ctor 
01-16 14:20:29.068 24870-24870/? W/System: ClassLoader referenced unknown path: /system/priv-app/SamsungCloud/lib/arm64
01-16 14:20:29.068 3633-5261/? D/SecContentProvider: query(), uri = 15 selection = isClipboardAllowedAsUser
01-16 14:20:29.068 24888-24888/? I/ClipboardAppReceiver: BroadcastReceiver : onReceive : com.samsung.clipboardsaveservice.CLIPBOARD_COPY_RECEIVER
01-16 14:20:29.068 24859-24859/? I/CMHApplication: [#CMH#] CMH started with context  com.samsung.cmh.core.CMHApplication@acecba4
01-16 14:20:29.068 24859-24859/? I/DatabaseManager: [#CMH#] setContext 
01-16 14:20:29.068 24888-24888/? W/ContextImpl: Calling a method in the system process without a qualified user: android.app.ContextImpl.startService:1305 android.content.ContextWrapper.startService:606 android.content.ContextWrapper.startService:606 com.samsung.clipboardsaveservice.ClipboardAppReceiver.onReceive:99 android.app.ActivityThread.handleReceiver:3635 
01-16 14:20:29.078 24859-24859/? I/Controller: [#CMH#] Controller Ctor 
01-16 14:20:29.078 24859-24859/? I/CMHApplication: [#CMH#] Controller is ready, now starting CMH Core Init 
01-16 14:20:29.078 24859-24859/? I/Controller: [#CMH#] setContext =  com.samsung.cmh.core.CMHApplication@acecba4
01-16 14:20:29.078 24859-24859/? I/Controller: [#CMH#] setDBManager =  com.samsung.cmh.database.DatabaseManager@f0dd0d
01-16 14:20:29.088 24859-24859/? D/InjectionManager: InjectionManager
01-16 14:20:29.088 24859-24859/? D/InjectionManager: fillFeatureStoreMap com.samsung.cmh
01-16 14:20:29.088 24859-24912/? I/Initializer: [#CMH#] CMH initialization starts 
01-16 14:20:29.088 24859-24859/? I/InjectionManager: Constructor com.samsung.cmh, Feature store :{}
01-16 14:20:29.088 24859-24859/? I/InjectionManager: featureStore :{}
01-16 14:20:29.088 24859-24912/? I/DatabaseManager: [#CMH#] DatabaseVersion : 60
01-16 14:20:29.088 24888-24888/? D/ClipboardServiceEx: ClipboardCopyFileAppService onStartCommand
01-16 14:20:29.088 24888-24888/? D/ClipboardAppService: onStartCommand, intent : com.samsung.clipboardsaveservice.CLIPBOARD_COPY_SERVICE
01-16 14:20:29.098 24859-24859/? I/CMHService: [#CMH#] onCreate() 
01-16 14:20:29.098 3633-5627/? V/BroadcastQueue: [background] Process cur broadcast BroadcastRecord{b31d8bd u0 android.intent.action.MEDIA_SCANNER_SCAN_FILE qIdx=4}, state= (APP_RECEIVE) DELIVERED for app ProcessRecord{dc9c23e 328:android.process.media/u0a47}
01-16 14:20:29.098 328-328/? D/MediaScannerReceiver: action: android.intent.action.MEDIA_SCANNER_SCAN_FILE
01-16 14:20:29.108 24859-24913/? I/Controller: [#CMH#] waitForSuccessLatch  
01-16 14:20:29.118 24888-24888/? E/ClipboardServiceEx: setProcessForeground
01-16 14:20:29.118 24888-24888/? I/ClipboardServiceEx: defaultTheme :false, mDarkTheme :false
01-16 14:20:29.128 24888-24888/? E/ClipboardServiceEx: current user0
01-16 14:20:29.128 328-328/? I/CMHServiceInterface: CMHService connected
01-16 14:20:29.128 24888-24888/? D/ClipboardExManager: no extra bitmap file
01-16 14:20:29.138 3633-5332/? D/SecContentProvider: query(), uri = 15 selection = isClipboardAllowedAsUser
01-16 14:20:29.138 24859-24912/? I/DatabaseManager: [#CMH#] onConfigure 
01-16 14:20:29.138 3633-5332/? D/ClipboardExService: getLatestItem : false
01-16 14:20:29.138 3633-5332/? E/ClipboardDataMgr: in own condtnthis Bitmap class. Value is /data/clipboard/9290 1484224608751
01-16 14:20:29.138 3633-5332/? E/ClipboardDataMgr: before return latestdatalthis Bitmap class. Value is /data/clipboard/9290
01-16 14:20:29.138 3633-5332/? D/SecContentProvider: query(), uri = 26 selection = getSEContainerClipboardMode
01-16 14:20:29.148 3633-24914/? D/ClipboardDataMgr: inside removeData method19
01-16 14:20:29.168 24859-24912/? I/DatabaseManager: [#CMH#] createTables  
01-16 14:20:29.178 3633-5332/? I/ClipboardExService: isSEContainerClipboardEnabled for secontainerid:0 is 0
01-16 14:20:29.178 3633-5332/? I/ClipboardExService: setClipboardData,callingPackage = com.samsung.clipboardsaveservicegetSEAMSCategory result: 0, status: 0
01-16 14:20:29.178 24859-24912/? I/CloudEventSyncTable: [#CMH#]  CloudEventSyncTable constructor  
01-16 14:20:29.178 24859-24912/? I/DatabaseManager: [#CMH#] DB init done ReadOnly:  false
01-16 14:20:29.178 24859-24912/? I/Controller: [#CMH#] ServicesSetValue =      2035518
01-16 14:20:29.178 24859-24912/? I/Controller: [#CMH#] storagepermisssion =      0
01-16 14:20:29.178 24859-24912/? I/Controller: [#CMH#] initializeBroadcastReceiver  com.samsung.cmh.database.DatabaseManager@f0dd0d
01-16 14:20:29.178 24859-24912/? I/SystemBroadcastReceiver: [#CMH#]  in initialize  
01-16 14:20:29.178 24859-24912/? I/SystemBroadcastReceiver: [#CMH#] SystemBroadcastReceiver 
01-16 14:20:29.188 24870-24870/? I/[SC]CloudManager: requestInit
01-16 14:20:29.188 24888-24888/? E/ClipboardServiceEx: setProcessForeground!
01-16 14:20:29.188 24859-24917/? I/SystemBroadcastReceiver: [#CMH#] Received broadcast 
01-16 14:20:29.188 24859-24917/? I/SystemBroadcastReceiver: [#CMH#] No one is registered with Event Id EVENT_SIOP
01-16 14:20:29.188 24859-24917/? I/SystemBroadcastReceiver: [#CMH#] onReceive completed 
01-16 14:20:29.188 24859-24917/? I/SystemBroadcastReceiver: [#CMH#] Received broadcast 
01-16 14:20:29.188 24859-24917/? I/SystemBroadcastReceiver: [#CMH#] No one is registered with Event Id EVENT_NETWORK_CHANGED
01-16 14:20:29.188 24859-24917/? I/SystemBroadcastReceiver: [#CMH#] onReceive completed 
01-16 14:20:29.198 24859-24912/? I/SystemBroadcastReceiver: [#CMH#]  Registered 
01-16 14:20:29.198 24859-24912/? I/Controller: [#CMH#] initializePolicyManager  
01-16 14:20:29.198 24859-24912/? I/PolicyManager: [#CMH#] setCriticalStateFromSystem screenOn =  true high siop = false camera running = false
01-16 14:20:29.208 24859-24912/? I/Controller: [#CMH#] initializeServiceManager ++ 
01-16 14:20:29.208 24859-24912/? I/ServiceManager: [#CMH#] CMHServiceManager  
01-16 14:20:29.208 24859-24912/? I/ControllerEventHandler: [#CMH#] ControllerEventHandler ++ 
01-16 14:20:29.218 3633-5631/? D/GameManagerService: registerCallback
01-16 14:20:29.218 24859-24912/? I/GameObserver: [#CMH#] Game Observer callback registration status: true 
01-16 14:20:29.218 24859-24912/? I/ControllerEventHandler: [#CMH#] ControllerEventHandler -- 
01-16 14:20:29.218 24859-24912/? I/ServiceManager: [#CMH#] Binding To Service  EnhanceService
01-16 14:20:29.228 24870-24870/? I/[SC]Utils: folder : cachecreate fail, try again.
01-16 14:20:29.228 24870-24870/? I/[SC]Utils: folder : cache create fail.
01-16 14:20:29.228 24870-24870/? I/[SC]Utils: folder : thumbnailcreate fail, try again.
01-16 14:20:29.228 24870-24870/? I/[SC]Utils: folder : thumbnail create fail.
01-16 14:20:29.228 24870-24870/? I/[SC]Utils: folder : sharecreate fail, try again.
01-16 14:20:29.228 24870-24870/? I/[SC]Utils: folder : share create fail.
01-16 14:20:29.228 24870-24870/? I/[SC]Utils: folder : scratchcreate fail, try again.
01-16 14:20:29.228 24870-24870/? I/[SC]Utils: folder : scratch create fail.
01-16 14:20:29.228 24870-24870/? I/[SC]Utils: folder : eventSynccreate fail, try again.
01-16 14:20:29.228 24870-24870/? I/[SC]Utils: folder : eventSync create fail.
01-16 14:20:29.238 24923-24923/? E/Zygote: v2
01-16 14:20:29.238 24923-24923/? I/libpersona: KNOX_SDCARD checking this for 5004
01-16 14:20:29.238 24923-24923/? I/libpersona: KNOX_SDCARD not a persona
01-16 14:20:29.238 24923-24923/? W/SELinux: Function: selinux_compare_spd_ram, index[1], priority [2], priority version is VE=SEPF_SECMOBILE_6.0.1_0031
01-16 14:20:29.238 3633-5626/? I/ActivityManager: Start proc 24923:com.samsung.enhanceservice/5004 for service com.samsung.enhanceservice/.EnhanceService
01-16 14:20:29.238 24923-24923/? E/Zygote: accessInfo : 0
01-16 14:20:29.238 24923-24923/? W/SELinux: SELinux: seapp_context_lookup: seinfo=platform, level=s0:c512,c768, pkgname=com.samsung.enhanceservice 
01-16 14:20:29.248 24859-24912/? I/ServiceManager: [#CMH#] Binding To Service  DCMService
01-16 14:20:29.258 24934-24934/? E/Zygote: v2
01-16 14:20:29.258 24870-24870/? V/SamsungCloudLogs:  set Log level [4->4]act[false]
01-16 14:20:29.258 24934-24934/? I/libpersona: KNOX_SDCARD checking this for 5004
01-16 14:20:29.258 24934-24934/? I/libpersona: KNOX_SDCARD not a persona
01-16 14:20:29.258 24934-24934/? W/SELinux: Function: selinux_compare_spd_ram, index[1], priority [2], priority version is VE=SEPF_SECMOBILE_6.0.1_0031
01-16 14:20:29.268 24934-24934/? E/Zygote: accessInfo : 0
01-16 14:20:29.268 24934-24934/? W/SELinux: SELinux: seapp_context_lookup: seinfo=platform, level=s0:c512,c768, pkgname=com.samsung.dcmservice 
01-16 14:20:29.268 3633-3655/? I/ActivityManager: Start proc 24934:com.samsung.dcmservice/5004 for service com.samsung.dcmservice/.DCMService
01-16 14:20:29.268 24859-24912/? I/Controller: [#CMH#] initializeServiceManager -- 
01-16 14:20:29.268 24859-24912/? I/Controller: [#CMH#] initializeContentObserver  
01-16 14:20:29.268 24870-24870/? I/[SC]CommonUtil: isSemAvailable:0
01-16 14:20:29.278 24923-24923/? D/TimaKeyStoreProvider: TimaSignature is unavailable
01-16 14:20:29.278 24923-24923/? D/ActivityThread: Added TimaKeyStore provider
01-16 14:20:29.278 24870-24870/? I/[SC]SamsungCloudApp: AppVer[2.1.20][L:4]Sem[false]V21MAIN_R slog[false]com.samsung.android.scloud:contentsync
01-16 14:20:29.278 24870-24870/? D/InjectionManager: InjectionManager
01-16 14:20:29.278 24870-24870/? D/InjectionManager: fillFeatureStoreMap com.samsung.android.scloud
01-16 14:20:29.278 24870-24870/? I/InjectionManager: Constructor com.samsung.android.scloud, Feature store :{}
01-16 14:20:29.278 24870-24870/? I/InjectionManager: featureStore :{}
01-16 14:20:29.278 24870-24948/? I/[SC]MediaDetectionService: onHandleIntent
01-16 14:20:29.278 24870-24948/? I/[SC]FeatureManager: FeatureManager 
                                                       [SEC_FLOATING_FEATURE_SAMSUNGCLOUD_CONFIG_CLOUD_USAGE_MENU_TREE]str 
                                                       [SEC_FLOATING_FEATURE_SAMSUNGCLOUD_SUPPORT_CONTENT_SYNC]bln true
                                                       [SEC_FLOATING_FEATURE_SAMSUNGCLOUD_ENABLE_SETTING_MENU]bln true
01-16 14:20:29.288 24870-24948/? E/[SC]SCLOUD_ERR-Utils: isShipMode : 1 
01-16 14:20:29.288 24934-24934/? D/TimaKeyStoreProvider: TimaSignature is unavailable
01-16 14:20:29.288 24934-24934/? D/ActivityThread: Added TimaKeyStore provider
01-16 14:20:29.298 24859-24912/? I/Controller: [#CMH#] initializeStorageController  
01-16 14:20:29.298 24923-24923/? W/ResourcesManager: getTopLevelResources: /system/priv-app/EnhanceService/EnhanceService.apk / 1.0 running in com.samsung.enhanceservice rsrc of package com.samsung.enhanceservice
01-16 14:20:29.308 6756-6756/? D/LibraryDataManager: onChange = 0, active = true, uri = content://media/, this = com.sec.android.gallery3d.data.LibraryDataManager$NotifyBroker@4082a00
01-16 14:20:29.308 24951-24951/? E/Zygote: v2
01-16 14:20:29.308 24951-24951/? I/libpersona: KNOX_SDCARD checking this for 10040
01-16 14:20:29.308 24951-24951/? I/libpersona: KNOX_SDCARD not a persona
01-16 14:20:29.308 24951-24951/? W/SELinux: Function: selinux_compare_spd_ram, index[1], priority [2], priority version is VE=SEPF_SECMOBILE_6.0.1_0031
01-16 14:20:29.308 24951-24951/? E/Zygote: accessInfo : 0
01-16 14:20:29.308 24951-24951/? W/SELinux: SELinux: seapp_context_lookup: seinfo=default, level=s0:c512,c768, pkgname=com.osp.app.signin 
01-16 14:20:29.308 3633-5601/? I/InjectionManagerService -AppFeature: getCoreFeaturePkgList :[]
01-16 14:20:29.308 3633-5261/? I/ActivityManager: Start proc 24951:com.osp.app.signin/u0a40 for content provider com.osp.app.signin/com.msc.openprovider.OpenContentProvider
01-16 14:20:29.308 24923-24923/? I/InjectionManager: Inside getClassLibPath + mLibMap{0=, 1=}
01-16 14:20:29.308 3633-5035/? D/NetworkPolicy: isUidForegroundLocked: 10040, mScreenOn: true, uidstate: -1, mProxSensorScreenOff: false
01-16 14:20:29.318 6756-6756/? D/LibraryDataManager: onChange = 0, active = true, uri = content://media/, this = com.sec.android.gallery3d.data.LibraryDataManager$NotifyBroker@e12d109
01-16 14:20:29.328 24923-24923/? D/ResourcesManager: For user 0 new overlays fetched Null
01-16 14:20:29.338 3633-5035/? D/NetworkPolicy: isUidForegroundLocked: 10040, mScreenOn: true, uidstate: 16, mProxSensorScreenOff: false
01-16 14:20:29.348 24934-24934/? W/ResourcesManager: getTopLevelResources: /system/priv-app/DCMService/DCMService.apk / 1.0 running in com.samsung.dcmservice rsrc of package com.samsung.dcmservice
01-16 14:20:29.348 3633-24914/? I/ClipboardExService: add success && KNOX_PASTE_FLAG is : true
01-16 14:20:29.348 24923-24923/? I/InjectionManager: Inside getClassLibPath caller 
01-16 14:20:29.348 24951-24951/? D/TimaKeyStoreProvider: TimaSignature is unavailable
01-16 14:20:29.348 24951-24951/? D/ActivityThread: Added TimaKeyStore provider
01-16 14:20:29.348 3633-5603/? I/InjectionManagerService -AppFeature: getCoreFeaturePkgList :[]
01-16 14:20:29.348 24934-24934/? I/InjectionManager: Inside getClassLibPath + mLibMap{0=, 1=}
01-16 14:20:29.368 24923-24923/? W/System: ClassLoader referenced unknown path: /system/priv-app/EnhanceService/lib/arm64
01-16 14:20:29.368 24934-24934/? D/ResourcesManager: For user 0 new overlays fetched Null
01-16 14:20:29.368 24923-24923/? D/InjectionManager: InjectionManager
01-16 14:20:29.368 24923-24923/? D/InjectionManager: fillFeatureStoreMap com.samsung.enhanceservice
01-16 14:20:29.368 24923-24923/? I/InjectionManager: Constructor com.samsung.enhanceservice, Feature store :{}
01-16 14:20:29.368 24923-24923/? I/InjectionManager: featureStore :{}
01-16 14:20:29.368 24923-24923/? I/EnhanceService: [EnhanceService] onbind () called 
01-16 14:20:29.378 24934-24934/? I/InjectionManager: Inside getClassLibPath caller 
01-16 14:20:29.378 24934-24934/? W/System: ClassLoader referenced unknown path: /system/priv-app/DCMService/lib/arm64
01-16 14:20:29.388 24934-24934/? D/InjectionManager: InjectionManager
01-16 14:20:29.388 24934-24934/? D/InjectionManager: fillFeatureStoreMap com.samsung.dcmservice
01-16 14:20:29.388 24934-24934/? I/InjectionManager: Constructor com.samsung.dcmservice, Feature store :{}
01-16 14:20:29.388 24934-24934/? I/InjectionManager: featureStore :{}
01-16 14:20:29.388 24859-24912/? I/Controller: [#CMH#] initializeSmartClustering 
01-16 14:20:29.388 24934-24934/? I/DCMService: [#CMH#] onBind() called 
01-16 14:20:29.388 24934-24934/? I/Utilities: [#CMH#] Location feature: true
01-16 14:20:29.388 24934-24934/? W/DCMTask: [#CMH#] No calendar permission  calendar events not supported
01-16 14:20:29.388 24934-24934/? I/NamedPlaceExtractor: [#CMH#] Locale  en_US
01-16 14:20:29.388 3633-3782/? V/BroadcastQueue: [background] Process cur broadcast BroadcastRecord{947228 u0 com.samsung.clipboardsaveservice.CLIPBOARD_DELETE_RECEIVER qIdx=4}, state= (APP_RECEIVE) DELIVERED for app ProcessRecord{bcfb626 24888:com.samsung.clipboardsaveservice/1000}
01-16 14:20:29.398 328-24915/? D/MediaScanner: scanSingleFile : 7klwibgf7fvntblfd7(7DCRV7Kciffukpwlk7Kciffukpwl_)(*/(**-6*,)()/5hug
01-16 14:20:29.398 24859-24859/? I/ServiceManager: [#CMH#] Bound to Package  com.samsung.enhanceservice
01-16 14:20:29.398 24859-24912/? I/Controller: [#CMH#] registerSmartClusterIntents 
01-16 14:20:29.398 24923-24923/? I/EnhanceService: [EnhanceService] onSetResponseHandler () called 
01-16 14:20:29.408 24859-24912/? I/Controller: [#CMH#] startSmartClustering starting clustering 
01-16 14:20:29.408 24859-24912/? I/Controller: [#CMH#] startSmartClustering starting day clustering 
01-16 14:20:29.408 24859-24964/? I/ClusteringTask: [#CMH#] before mutex 
01-16 14:20:29.408 24859-24964/? I/ClusteringTask: [#CMH#] after mutex 
01-16 14:20:29.408 24859-24912/? I/Controller: [#CMH#] startDaywiseClustering starting day clustering 
01-16 14:20:29.408 24859-24964/? I/MomentClusteringAlgo: [#CMH#] performClustering images deleted false
01-16 14:20:29.408 3633-5489/? D/SecContentProvider: query(), uri = 15 selection = isClipboardAllowedAsUser
01-16 14:20:29.408 24859-24964/? I/ClusteringDBUtils: [#CMH#] updateClusterTable In nothing to update 
01-16 14:20:29.408 24859-24859/? I/ServiceManager: [#CMH#] Bound to Package  com.samsung.dcmservice
01-16 14:20:29.408 24859-24965/? I/DayClusteringTask: [#CMH#] before mutex 
01-16 14:20:29.408 24859-24965/? I/DayClusteringTask: [#CMH#] after mutex 
01-16 14:20:29.408 24859-24965/? I/DayClusteringTask: [#CMH#] internalRun Cluster size after image deletion:  0
01-16 14:20:29.408 24859-24965/? I/ClusteringDBUtils: [#CMH#] No clusters..!! 
01-16 14:20:29.408 24859-24966/? I/DayAndMonthTask: [#CMH#] before mutex 
01-16 14:20:29.408 24859-24966/? I/DayAndMonthTask: [#CMH#] after mutex 
01-16 14:20:29.408 24888-24888/? I/ClipboardAppReceiver: BroadcastReceiver : onReceive : com.samsung.clipboardsaveservice.CLIPBOARD_DELETE_RECEIVER
01-16 14:20:29.408 24888-24888/? W/ContextImpl: Calling a method in the system process without a qualified user: android.app.ContextImpl.startService:1305 android.content.ContextWrapper.startService:606 android.content.ContextWrapper.startService:606 com.samsung.clipboardsaveservice.ClipboardAppReceiver.onReceive:99 android.app.ActivityThread.handleReceiver:3635 
01-16 14:20:29.418 24951-24951/? W/ResourcesManager: getTopLevelResources: /system/priv-app/SamsungAccount_Hero/SamsungAccount_Hero.apk / 1.0 running in com.osp.app.signin rsrc of package com.osp.app.signin
01-16 14:20:29.418 3633-3655/? D/ConnectivityService: returning getNetworkInfo for network type 0 : [type: MOBILE[] - MOBILE, state: DISCONNECTED/DISCONNECTED, reason: (unspecified), extra: (none), roaming: false, failover: false, isAvailable: true]
01-16 14:20:29.418 3633-3655/? D/ConnectivityService: returning getNetworkInfo for network type 1 : [type: WIFI[] - WIFI, state: CONNECTED/CONNECTED, reason: (unspecified), extra: "Balto", roaming: false, failover: false, isAvailable: true]
01-16 14:20:29.418 3633-3655/? D/ConnectivityService: returning getNetworkInfo for network type 2 : [type: MOBILE_MMS[] - MOBILE_MMS, state: DISCONNECTED/DISCONNECTED, reason: (unspecified), extra: (none), roaming: false, failover: false, isAvailable: true]
01-16 14:20:29.418 3633-3655/? D/ConnectivityService: returning getNetworkInfo for network type 3 : [type: MOBILE_SUPL[] - MOBILE_SUPL, state: DISCONNECTED/DISCONNECTED, reason: (unspecified), extra: (none), roaming: false, failover: false, isAvailable: true]
01-16 14:20:29.418 3633-3655/? D/ConnectivityService: returning getNetworkInfo for network type 4 : [type: MOBILE_DUN[] - MOBILE_DUN, state: DISCONNECTED/DISCONNECTED, reason: (unspecified), extra: (none), roaming: false, failover: false, isAvailable: true]
01-16 14:20:29.418 3633-3655/? D/ConnectivityService: returning getNetworkInfo for network type 5 : [type: MOBILE_HIPRI[] - MOBILE_HIPRI, state: DISCONNECTED/DISCONNECTED, reason: (unspecified), extra: (none), roaming: false, failover: false, isAvailable: true]
01-16 14:20:29.418 3633-3655/? D/ConnectivityService: returning getNetworkInfo for network type 7 : [type: BLUETOOTH[] - BLUETOOTH, state: DISCONNECTED/DISCONNECTED, reason: (unspecified), extra: (none), roaming: false, failover: false, isAvailable: true]
01-16 14:20:29.418 3633-3655/? D/ConnectivityService: returning getNetworkInfo for network type 9 : [type: ETHERNET[] - ETHERNET, state: DISCONNECTED/DISCONNECTED, reason: (unspecified), extra: (none), roaming: false, failover: false, isAvailable: true]
01-16 14:20:29.418 3633-3655/? D/ConnectivityService: returning getNetworkInfo for network type 10 : [type: MOBILE_FOTA[] - MOBILE_FOTA, state: DISCONNECTED/DISCONNECTED, reason: (unspecified), extra: (none), roaming: false, failover: false, isAvailable: true]
01-16 14:20:29.418 3633-3655/? D/ConnectivityService: returning getNetworkInfo for network type 11 : [type: MOBILE_IMS[] - MOBILE_IMS, state: DISCONNECTED/DISCONNECTED, reason: (unspecified), extra: (none), roaming: false, failover: false, isAvailable: true]
01-16 14:20:29.418 3633-3655/? D/ConnectivityService: returning getNetworkInfo for network type 12 : [type: MOBILE_CBS[] - MOBILE_CBS, state: DISCONNECTED/DISCONNECTED, reason: (unspecified), extra: (none), roaming: false, failover: false, isAvailable: true]
01-16 14:20:29.418 3633-3655/? D/ConnectivityService: returning getNetworkInfo for network type 13 : [type: WIFI_P2P[] - WIFI_P2P, state: DISCONNECTED/DISCONNECTED, reason: (unspecified), extra: (none), roaming: false, failover: false, isAvailable: true]
01-16 14:20:29.418 3633-3655/? D/ConnectivityService: returning getNetworkInfo for network type 14 : [type: MOBILE_IA[] - MOBILE_IA, state: DISCONNECTED/DISCONNECTED, reason: (unspecified), extra: (none), roaming: false, failover: false, isAvailable: true]
01-16 14:20:29.418 3633-3655/? D/ConnectivityService: returning getNetworkInfo for network type 15 : [type: MOBILE_EMERGENCY[] - MOBILE_EMERGENCY, state: DISCONNECTED/DISCONNECTED, reason: (unspecified), extra: (none), roaming: false, failover: false, isAvailable: true]
01-16 14:20:29.418 3633-3655/? D/ConnectivityService: returning getNetworkInfo for network type 17 : [type: VPN[] - VPN, state: DISCONNECTED/DISCONNECTED, reason: (unspecified), extra: (none), roaming: false, failover: false, isAvailable: true]
01-16 14:20:29.418 3633-5332/? I/InjectionManagerService -AppFeature: getCoreFeaturePkgList :[]
01-16 14:20:29.418 24951-24951/? I/InjectionManager: Inside getClassLibPath + mLibMap{0=, 1=}
01-16 14:20:29.428 328-24915/? D/MediaScanner: getExternalStorageSdPath :  /storage/0000-0000
01-16 14:20:29.448 24888-24888/? D/ClipboardServiceEx: ClipboardDeleteFileAppService onStartCommand
01-16 14:20:29.448 24888-24888/? D/ClipboardAppService: onStartCommand, intent : com.samsung.clipboardsaveservice.CLIPBOARD_DELETE_SERVICE
01-16 14:20:29.448 24951-24951/? D/ResourcesManager: For user 0 new overlays fetched Null
01-16 14:20:29.458 328-24915/? D/MediaScanner: Prescan. DB items number : 3559 DB_FILES_NUMBER_CACHING_LIMITATION : 7000  Caching mode : true
01-16 14:20:29.458 24888-24888/? E/ClipboardServiceEx: setProcessForeground
01-16 14:20:29.458 24888-24888/? I/ClipboardServiceEx: ClipboardDeleteFileAppService. Temp file will be deleted
01-16 14:20:29.458 24951-24951/? I/InjectionManager: Inside getClassLibPath caller 
01-16 14:20:29.468 24888-24888/? E/ClipboardServiceEx: setProcessForeground!
01-16 14:20:29.478 24951-24951/? W/System: ClassLoader referenced unknown path: /system/priv-app/SamsungAccount_Hero/lib/arm64
01-16 14:20:29.488 328-24915/? D/VolumeInfo: VolumeInfo from Parcel: id private ,type 1 ,disk null
01-16 14:20:29.488 24859-24912/? I/Controller: [#CMH#] takeBackupIfNeeded done 
01-16 14:20:29.488 328-24915/? D/VolumeInfo: VolumeInfo from Parcel: id public:179,1 ,type 0 ,disk DiskInfo{disk:179,0}:
                                                 flags=SD size=64021856256 label= 
                                                 sysPath=/sys//devices/15740000.dwmmc2/mmc_host/mmc0/mmc0:0001/block/mmcblk0 
01-16 14:20:29.488 328-24915/? D/VolumeInfo: VolumeInfo from Parcel: id emulated ,type 2 ,disk null
01-16 14:20:29.488 328-24915/? D/VolumeInfo: VolumeInfo from Parcel: id privatemode ,type 0 ,disk null
01-16 14:20:29.488 24859-24966/? I/DayAndMonthTask: [#CMH#] after mutex release 
01-16 14:20:29.488 24859-24912/? I/Controller: [#CMH#] setSuccessState =  true
01-16 14:20:29.488 24859-24912/? I/Controller: [#CMH#] setSuccessState latch is down 
01-16 14:20:29.488 24859-24912/? I/Initializer: [#CMH#] CMH initialization ends 
01-16 14:20:29.488 24859-24913/? I/Controller: [#CMH#] com.android.providers.media Insert
01-16 14:20:29.498 24859-24913/? I/Controller: [#CMH#] processInsertAction,No of files to insert: 1,Origin:com.android.providers.media
01-16 14:20:29.508 3633-5631/? D/ApplicationPolicy: isStatusBarNotificationAllowedAsUser: packageName = com.samsung.android.app.scrollcapture,userId = 0
01-16 14:20:29.518 24859-24965/? I/Utils: [#CMH#] No of media items  (images/videos) to process ::  1
01-16 14:20:29.518 24859-24965/? I/TimeBasedClustering: [#CMH#] performClustering insertimages In 1 
01-16 14:20:29.518 24859-24965/? I/TimeBasedClustering: [#CMH#] performClustering In handling negative images 
01-16 14:20:29.518 24859-24965/? I/ClusteringDBUtils: [#CMH#] updateDayClusterTable In 1 32 
01-16 14:20:29.518 328-24915/? D/CMHServiceInterface: Sending intent to CMH to update
01-16 14:20:29.518 24859-24964/? I/MomentClusteringAlgo: [#CMH#] performClustering In 0 
01-16 14:20:29.518 24859-24964/? I/ClusteringTask: [#CMH#] Cluster size: 0
01-16 14:20:29.518 24859-24964/? I/ClusteringDBUtils: [#CMH#] updateClusterTable In nothing to update 
01-16 14:20:29.518 24859-24964/? I/ClusteringTask: [#CMH#] after mutex release 
01-16 14:20:29.528 24859-24913/? W/ExifInterface: Invalid image.
                                                  java.io.IOException: Invalid marker: 89
                                                      at android.media.ExifInterface.getJpegAttributes(ExifInterface.java:1609)
                                                      at android.media.ExifInterface.loadAttributes(ExifInterface.java:1341)
                                                      at android.media.ExifInterface.<init>(ExifInterface.java:1058)
                                                      at com.samsung.cmh.features.ImageFeatures.isJustShot(ImageFeatures.java:54)
                                                      at com.samsung.cmh.core.Controller.processInsertAction(Controller.java:1880)
                                                      at com.samsung.cmh.core.Controller.execute(Controller.java:944)
                                                      at com.samsung.cmh.service.CMHService.onHandleIntent(CMHService.java:86)
                                                      at android.app.IntentService$ServiceHandler.handleMessage(IntentService.java:66)
                                                      at android.os.Handler.dispatchMessage(Handler.java:102)
                                                      at android.os.Looper.loop(Looper.java:158)
                                                      at android.os.HandlerThread.run(HandlerThread.java:61)
01-16 14:20:29.528 24817-24817/? D/SC_ScrollCaptureRemoteService: onDestroy
01-16 14:20:29.528 24859-24913/? I/ValidateContentValues: [#CMH#] getInstance : success 
01-16 14:20:29.528 24859-24913/? I/ValidateContentValues: [#CMH#] Initilized true : mIsInitialized=true 
01-16 14:20:29.528 328-24915/? D/MediaProvider: [SCloudService] Fetch contentvalues to send intent : update
01-16 14:20:29.528 328-24915/? I/ContentSyncInterface: binding to SCloud
01-16 14:20:29.548 3633-3633/? W/ResourcesManager: getTopLevelResources: /system/app/ScrollCapture/ScrollCapture.apk / 1.0 running in null rsrc of package com.samsung.android.app.scrollcapture
01-16 14:20:29.548 3633-3633/? D/ResourcesManager: For user 0 new overlays fetched Null
01-16 14:20:29.548 328-24915/? D/ContentSyncInterface: Sending update intent to SCLOUD
01-16 14:20:29.558 24951-24951/? I/SA: [SSP] onCreated
01-16 14:20:29.558 5228-5246/? W/ResourcesManager: getTopLevelResources: /system/app/ScrollCapture/ScrollCapture.apk / 1.0 running in com.android.systemui rsrc of package com.samsung.android.app.scrollcapture
01-16 14:20:29.558 6756-6756/? D/LibraryDataManager: onChange = 0, active = true, uri = content://media/external/images/media/4654, this = com.sec.android.gallery3d.data.LibraryDataManager$NotifyBroker@4082a00
01-16 14:20:29.568 328-328/? I/ContentSyncInterface: SCloudService connected
01-16 14:20:29.578 5228-5246/? D/ResourcesManager: For user 0 new overlays fetched Null
01-16 14:20:29.578 6756-6756/? D/LibraryDataManager: onChange = 0, active = true, uri = content://com.samsung.cmh/notify_images, this = com.sec.android.gallery3d.data.LibraryDataManager$NotifyBroker@802e885
01-16 14:20:29.578 24859-24913/? I/Controller: [#CMH#] Sent Notification for uri content://com.samsung.cmh/notify_images
01-16 14:20:29.588 5228-5228/? W/ResourcesManager: getTopLevelResources: /system/app/ScrollCapture/ScrollCapture.apk / 1.0 running in com.android.systemui rsrc of package com.samsung.android.app.scrollcapture
01-16 14:20:29.588 942-952/? W/ResourcesManager: getTopLevelResources: /system/app/ScrollCapture/ScrollCapture.apk / 1.0 running in com.kakao.talk rsrc of package com.samsung.android.app.scrollcapture
01-16 14:20:29.598 942-952/? D/ResourcesManager: For user 0 new overlays fetched Null
01-16 14:20:29.608 5228-5228/? I/InjectionManager: Inside getClassLibPath caller 
01-16 14:20:29.628 5228-5228/? W/ResourcesManager: getTopLevelResources: /system/app/ScrollCapture/ScrollCapture.apk / 1.0 running in com.android.systemui rsrc of package com.samsung.android.app.scrollcapture
01-16 14:20:29.658 24951-24961/? I/SA: [SCU] isHaveSA() - true
01-16 14:20:29.668 24859-24913/? I/Controller: [#CMH#] startSmartClustering starting clustering 
01-16 14:20:29.668 24859-24913/? I/Controller: [#CMH#] startDaywiseClustering starting day clustering 
01-16 14:20:29.668 24859-24966/? I/ClusteringTask: [#CMH#] before mutex 
01-16 14:20:29.668 24859-24966/? I/ClusteringTask: [#CMH#] after mutex 
01-16 14:20:29.668 24859-24966/? I/MomentClusteringAlgo: [#CMH#] performClustering images deleted false
01-16 14:20:29.668 24859-24966/? I/ClusteringDBUtils: [#CMH#] updateClusterTable In nothing to update 
01-16 14:20:29.678 24859-24913/? I/Controller: [#CMH#] com.android.providers.media Update
01-16 14:20:29.678 5228-5228/? W/ResourcesManager: getTopLevelResources: /system/app/ScrollCapture/ScrollCapture.apk / 1.0 running in com.android.systemui rsrc of package com.samsung.android.app.scrollcapture
01-16 14:20:29.678 5228-5228/? W/ResourceType: No package identifier when getting value for resource number 0x00000000
01-16 14:20:29.698 24870-24948/? I/[SC]CommonUtil: email : 0 tncState :0 nameCheckState : 0 emailValidationState : 0
01-16 14:20:29.708 24859-24966/? I/Utils: [#CMH#] No of media items  (images/videos) to process ::  1
01-16 14:20:29.708 3633-5631/? I/ActivityManager: Killing 23356:com.facebook.system/u0a11 (adj 15): DHA:empty #33
01-16 14:20:29.708 24859-24966/? I/MomentClusteringAlgo: [#CMH#] performClustering In 1 
01-16 14:20:29.708 5228-5228/? E/Icon: Unable to load resource 0x00000000 from pkg=
                                       android.content.res.Resources$NotFoundException: Resource ID #0x0
                                           at android.content.res.Resources.getValue(Resources.java:2558)
                                           at android.content.res.Resources.getDrawable(Resources.java:2001)
                                           at android.content.res.Resources.getDrawable(Resources.java:1987)
                                           at android.graphics.drawable.Icon.loadDrawableInner(Icon.java:313)
                                           at android.graphics.drawable.Icon.loadDrawable(Icon.java:269)
                                           at android.widget.RemoteViews$TextViewDrawableAction.apply(RemoteViews.java:1659)
                                           at android.widget.RemoteViews.performApply(RemoteViews.java:3418)
                                           at android.widget.RemoteViews.apply(RemoteViews.java:3378)
                                           at android.widget.RemoteViews$ViewGroupAction.apply(RemoteViews.java:1530)
                                           at android.widget.RemoteViews.performApply(RemoteViews.java:3418)
                                           at android.widget.RemoteViews.apply(RemoteViews.java:3378)
                                           at com.android.systemui.statusbar.BaseStatusBar.inflateViews(BaseStatusBar.java:2252)
                                           at com.android.systemui.statusbar.BaseStatusBar.createNotificationViews(BaseStatusBar.java:3202)
                                           at com.android.systemui.statusbar.phone.PhoneStatusBar.addNotification(PhoneStatusBar.java:1926)
