01-16 14:23:11.398 3633-5603/? I/ActivityManager: Start proc 25381:com.google.process.gapps/u0a18 for content provider com.google.android.gsf/.gservices.GservicesProvider
01-16 14:23:11.408 25368-25368/? W/System: ClassLoader referenced unknown path: 
01-16 14:23:11.408 25368-25368/? W/System.err: mkdir failed: EEXIST (File exists) : /data/user/0/com.microsoft.skydrive/files/libs
01-16 14:23:11.408 25368-25368/? W/System.err: mkdir failed: EEXIST (File exists) : /data/user/0/com.microsoft.skydrive/files/libs/sqldrivers
01-16 14:23:11.408 25381-25381/? D/TimaKeyStoreProvider: TimaSignature is unavailable
01-16 14:23:11.408 25381-25381/? D/ActivityThread: Added TimaKeyStore provider
01-16 14:23:11.418 25381-25381/? W/ResourcesManager: getTopLevelResources: /system/priv-app/GoogleServicesFramework/GoogleServicesFramework.apk / 1.0 running in com.google.android.gsf rsrc of package com.google.android.gsf
01-16 14:23:11.428 3633-5332/? I/InjectionManagerService -AppFeature: getCoreFeaturePkgList :[]
01-16 14:23:11.428 25381-25381/? I/InjectionManager: Inside getClassLibPath + mLibMap{0=, 1=}
01-16 14:23:11.428 25381-25381/? D/ResourcesManager: For user 0 new overlays fetched Null
01-16 14:23:11.438 25381-25381/? I/InjectionManager: Inside getClassLibPath caller 
01-16 14:23:11.438 25381-25381/? W/System: ClassLoader referenced unknown path: /system/priv-app/GoogleServicesFramework/lib/arm64
01-16 14:23:11.448 25381-25381/? I/GservicesProvider: Gservices pushing to system: true; secure/global: true
01-16 14:23:11.488 25381-25381/? I/GoogleHttpClient: GMS http client unavailable, use old client
01-16 14:23:11.518 25381-25381/? D/InjectionManager: InjectionManager
01-16 14:23:11.518 25381-25381/? D/InjectionManager: fillFeatureStoreMap com.google.android.gsf
01-16 14:23:11.518 25381-25381/? I/InjectionManager: Constructor com.google.android.gsf, Feature store :{}
01-16 14:23:11.518 25381-25381/? I/InjectionManager: featureStore :{}
01-16 14:23:11.548 25368-25368/? D/libEGL: eglInitialize EGLDisplay = 0xffd63084
01-16 14:23:11.548 25368-25368/? D/libEGL: eglTerminate EGLDisplay = 0xffd6309c
01-16 14:23:11.678 25368-25421/? W/linker: /data/data/com.microsoft.skydrive/files/libs/sqldrivers/libqsqlite.so: unused DT entry: type 0xf arg 0x1b92
01-16 14:23:11.678 25368-25421/? W/linker: /data/data/com.microsoft.skydrive/files/libs/sqldrivers/libqsqlite.so: unsupported flags DT_FLAGS_1=0x81
01-16 14:23:11.698 25368-25368/? W/ResourcesManager: getTopLevelResources: /data/app/com.microsoft.skydrive-2/base.apk / 1.0 running in com.microsoft.skydrive rsrc of package com.microsoft.skydrive
01-16 14:23:11.718 25368-25437/? V/GoogleSignatureVerifier: com.google.android.gms signature not valid.  Found: 
                                                            MIIEQzCCAyugAwIBAgIJAMLgh0ZkSjCNMA0GCSqGSIb3DQEBBAUAMHQxCzAJBgNVBAYTAlVTMRMw
                                                            EQYDVQQIEwpDYWxpZm9ybmlhMRYwFAYDVQQHEw1Nb3VudGFpbiBWaWV3MRQwEgYDVQQKEwtHb29n
                                                            bGUgSW5jLjEQMA4GA1UECxMHQW5kcm9pZDEQMA4GA1UEAxMHQW5kcm9pZDAeFw0wODA4MjEyMzEz
                                                            MzRaFw0zNjAxMDcyMzEzMzRaMHQxCzAJBgNVBAYTAlVTMRMwEQYDVQQIEwpDYWxpZm9ybmlhMRYw
                                                            FAYDVQQHEw1Nb3VudGFpbiBWaWV3MRQwEgYDVQQKEwtHb29nbGUgSW5jLjEQMA4GA1UECxMHQW5k
                                                            cm9pZDEQMA4GA1UEAxMHQW5kcm9pZDCCASAwDQYJKoZIhvcNAQEBBQADggENADCCAQgCggEBAKtW
                                                            LgDYO6IIrgqWbxJOKdoR8qtW0I9Y4sypEwPpt1TTcvZApxsdyxMJZ2JORland2qSGT2y5b+3JKke
                                                            dxiLDmpHpDsz2WCbdxgxRczfey5YZnTJ4VZbH0xqWVW/8lGmPav5xVwnIiJS6HXk+BVKZF+JcWjA
                                                            sb/GEuq/eFdpuzSqeYTcfi6idkyugwfYwXFU1+5fZKUaRKYCwkkFQVfcAs1fXA5V+++FGfvjJ/Cx
                                                            URaSxaBvGdGDhfXE28LWuT9ozCl5xw4Yq5OGazvV24mZVSoOO0yZ31j7kYvtwYK6NeADwbSxDdJE
                                                            qO4k//0zOHKrUiGYXtqw/A0LFFtqoZKFjnkCAQOjgdkwgdYwHQYDVR0OBBYEFMd9jMIhF1Ylmn/T
                                                            gt9r45jk14alMIGmBgNVHSMEgZ4wgZuAFMd9jMIhF1Ylmn/Tgt9r45jk14aloXikdjB0MQswCQYD
                                                            VQQGEwJVUzETMBEGA1UECBMKQ2FsaWZvcm5pYTEWMBQGA1UEBxMNTW91bnRhaW4gVmlldzEUMBIG
                                                            A1UEChMLR29vZ2xlIEluYy4xEDAOBgNVBAsTB0FuZHJvaWQxEDAOBgNVBAMTB0FuZHJvaWSCCQDC
                                                            4IdGZEowjTAMBgNVHRMEBTADAQH/MA0GCSqGSIb3DQEBBAUAA4IBAQBt0lLO74UwLDYKqs6Tm8/y
                                                            zKkEu116FmH4rkaymUIE0P9KaMftGlMexFlaYjzmB2OxZyl6euNXEsQH8gjwyxCUKRJNexBiGcCE
                                                            yj6z+a1fuHHvkiaai+KL8W1EyNmgjmyy8AW7P+LLlkR+ho5zEHatRbM/YAnqGcFh5iZBqpknHf1S
                                                            KMXFh4dd239FJ1jWYfbMDMy3NS5CTMQ2XFI1MvcyUTdZPErjQfTbQe3aDQsQcafEQPD+nqActifK
                                                            Z0Np0IS9L9kR/wbNvyz6ENwPiTrjV2KRkEjH78ZMcUQXg0L3BYHJ3lc69Vs5Ddf9uUGGMYldX3Wf
                                                            MBEmh/9iFBDAaTCK
01-16 14:23:11.718 3633-5032/? E/SensorService: getSensorList a sensor (HRM Ambient Light Canceling) without holding its required permission: com.samsung.permission.HRM_EXT
01-16 14:23:11.718 3633-5032/? I/SensorService: Skipped sensor HRM Ambient Light Canceling because it requires permission com.samsung.permission.HRM_EXT and app op -1
01-16 14:23:11.718 3633-5032/? E/SensorService: getSensorList a sensor (HRM Proximity detecting) without holding its required permission: com.samsung.permission.HRM_EXT
01-16 14:23:11.718 3633-5032/? I/SensorService: Skipped sensor HRM Proximity detecting because it requires permission com.samsung.permission.HRM_EXT and app op -1
01-16 14:23:11.718 3633-5032/? W/ServiceManager: Permission failure: android.permission.BODY_SENSORS from uid=10121 pid=25368
01-16 14:23:11.718 3633-5032/? E/SensorService: getSensorList a sensor (HRMLED IR) without holding its required permission: android.permission.BODY_SENSORS
01-16 14:23:11.718 3633-5032/? I/SensorService: Skipped sensor HRMLED IR because it requires permission android.permission.BODY_SENSORS and app op 56
01-16 14:23:11.728 3633-5032/? W/ServiceManager: Permission failure: android.permission.BODY_SENSORS from uid=10121 pid=25368
01-16 14:23:11.728 3633-5032/? E/SensorService: getSensorList a sensor (HRMLED RED) without holding its required permission: android.permission.BODY_SENSORS
01-16 14:23:11.728 3633-5032/? I/SensorService: Skipped sensor HRMLED RED because it requires permission android.permission.BODY_SENSORS and app op 56
01-16 14:23:11.728 3633-5032/? E/SensorService: getSensorList a sensor (MAX86902) without holding its required permission: com.samsung.permission.SSENSOR
01-16 14:23:11.728 3633-5032/? I/SensorService: Skipped sensor MAX86902 because it requires permission com.samsung.permission.SSENSOR and app op -1
01-16 14:23:11.728 3633-5032/? E/SensorService: getSensorList a sensor (HRM Sensor) without holding its required permission: com.samsung.permission.SSENSOR
01-16 14:23:11.728 3633-5032/? I/SensorService: Skipped sensor HRM Sensor because it requires permission com.samsung.permission.SSENSOR and app op -1
01-16 14:23:11.728 3633-5032/? W/ServiceManager: Permission failure: android.permission.BODY_SENSORS from uid=10121 pid=25368
01-16 14:23:11.728 3633-5032/? E/SensorService: getSensorList a sensor (HeartRate Sensor) without holding its required permission: android.permission.BODY_SENSORS
01-16 14:23:11.728 3633-5032/? I/SensorService: Skipped sensor HeartRate Sensor because it requires permission android.permission.BODY_SENSORS and app op 56
01-16 14:23:11.728 25368-25368/? D/libcrashlytics: Initializing libcrashlytics version 1.1.5
01-16 14:23:11.728 25368-25368/? D/libcrashlytics: Attempting to load unwinder...
01-16 14:23:11.738 25368-25368/? D/libcrashlytics: Done; using libunwind
01-16 14:23:11.738 25368-25368/? D/libcrashlytics: Attempting to register signal handler...
01-16 14:23:11.738 25368-25368/? D/libcrashlytics: Signal handler registered.
01-16 14:23:11.738 25368-25368/? D/libcrashlytics: Initializing native crash handling successful.
01-16 14:23:11.738 25368-25368/? I/CrashlyticsCore: Initializing Crashlytics 2.3.14.151
01-16 14:23:11.748 25368-25427/? I/System.out: (HTTPLog)-Static: isSBSettingEnabled false
01-16 14:23:11.748 25368-25427/? I/System.out: (HTTPLog)-Static: isSBSettingEnabled false
01-16 14:23:11.748 3171-3609/? D/EnterpriseController: netId is 0
01-16 14:23:11.748 3171-3609/? D/Netd: getNetworkForDns: using netid 662 for uid 10121
01-16 14:23:11.808 25446-25446/? E/Zygote: v2
01-16 14:23:11.808 25446-25446/? I/libpersona: KNOX_SDCARD checking this for 10126
01-16 14:23:11.808 25446-25446/? I/libpersona: KNOX_SDCARD not a persona
01-16 14:23:11.808 25446-25446/? W/SELinux: Function: selinux_compare_spd_ram, index[1], priority [2], priority version is VE=SEPF_SECMOBILE_6.0.1_0031
01-16 14:23:11.818 3633-5603/? I/ActivityManager: Start proc 25446:com.google.android.apps.photos:CameraShortcut/u0a126 for service com.google.android.apps.photos/.camerashortcut.CameraShortcutServiceImpl
01-16 14:23:11.818 25446-25446/? E/Zygote: accessInfo : 0
01-16 14:23:11.818 25368-25368/? D/ContextRelationManager: ContextRelationManager() : FEATURE_ENABLED=true
01-16 14:23:11.818 25446-25446/? W/SELinux: SELinux: seapp_context_lookup: seinfo=untrusted, level=s0:c512,c768, pkgname=com.google.android.apps.photos:CameraShortcut 
01-16 14:23:11.818 25368-25453/? W/System.err: mkdir failed: EEXIST (File exists) : /storage/emulated/0/Android/data/com.microsoft.skydrive/cache/instrumentationa
01-16 14:23:11.838 25446-25446/? D/TimaKeyStoreProvider: TimaSignature is unavailable
01-16 14:23:11.838 25446-25446/? D/ActivityThread: Added TimaKeyStore provider
01-16 14:23:11.868 25446-25446/? W/ResourcesManager: getTopLevelResources: /data/app/com.google.android.apps.photos-2/base.apk / 1.0 running in com.google.android.apps.photos rsrc of package com.google.android.apps.photos
01-16 14:23:11.868 3633-5627/? I/InjectionManagerService -AppFeature: getCoreFeaturePkgList :[]
01-16 14:23:11.868 25446-25446/? I/InjectionManager: Inside getClassLibPath + mLibMap{0=, 1=}
01-16 14:23:11.878 25446-25446/? D/ResourcesManager: For user 0 new overlays fetched Null
01-16 14:23:11.878 25446-25446/? I/InjectionManager: Inside getClassLibPath caller 
01-16 14:23:11.908 25368-25368/? D/SecWifiDisplayUtil: Metadata value : SecSettings2
01-16 14:23:11.928 3633-6253/? D/WifiDisplayAdapter: getWifiDisplayStatusLocked: result=WifiDisplayStatus{featureState=2, scanState=0, activeDisplayState=0, activeDisplay=null, displays=[], sessionInfo=WifiDisplaySessionInfo: Client/Owner: Client GroupId:  Passphrase:  SessionId: 0 IP Address: , connectedState=-1, networkQoS=0}
01-16 14:23:11.948 3633-4496/? D/WifiDisplayAdapter: getWifiDisplayStatusLocked: result=WifiDisplayStatus{featureState=2, scanState=0, activeDisplayState=0, activeDisplay=null, displays=[], sessionInfo=WifiDisplaySessionInfo: Client/Owner: Client GroupId:  Passphrase:  SessionId: 0 IP Address: , connectedState=-1, networkQoS=0}
01-16 14:23:11.958 3633-5335/? D/AudioService: getStreamVolume 3 index 150
01-16 14:23:11.958 25368-25368/? I/MediaRouter: Found default route: MediaRouter.RouteInfo{ uniqueId=android/.support.v7.e.o:DEFAULT_ROUTE, name=Phone, description=null, iconUri=null, enabled=true, connecting=false, connectionState=0, canDisconnect=false, playbackType=0, playbackStream=3, deviceType=0, volumeHandling=1, volume=15, volumeMax=15, presentationDisplayId=-1, extras=null, settingsIntent=null, providerPackageName=android }
01-16 14:23:12.038 25368-25368/? D/TokenSharingManager_v1.1.8: Library works in release mode
01-16 14:23:12.038 25368-25368/? A/Adjust: PRODUCTION: Adjust is running in Production mode. Use this setting only for the build that you want to publish. Set the environment to `sandbox` if you want to test your app!
01-16 14:23:12.048 25368-25368/? I/AMEnrollmentStatusCache: No MAM enrollment status found.
01-16 14:23:12.048 25368-25368/? D/InjectionManager: InjectionManager
01-16 14:23:12.048 25368-25368/? D/InjectionManager: fillFeatureStoreMap com.microsoft.skydrive
01-16 14:23:12.048 25368-25368/? I/InjectionManager: Constructor com.microsoft.skydrive, Feature store :{}
01-16 14:23:12.048 25368-25368/? I/InjectionManager: featureStore :{}
01-16 14:23:12.078 3633-3652/? V/BroadcastQueue: [background] Process cur broadcast BroadcastRecord{8684858 u0 null qIdx=4}, state= (APP_RECEIVE) DELIVERED for app ProcessRecord{c2127b8 5977:com.google.android.gms.persistent/u0a18}
01-16 14:23:12.128 3633-5035/? D/NetworkPolicy: isUidForegroundLocked: 10018, mScreenOn: false, uidstate: 3, mProxSensorScreenOff: false
01-16 14:23:12.128 3633-5035/? D/NetworkPolicy: isUidForegroundLocked: 10018, mScreenOn: false, uidstate: 3, mProxSensorScreenOff: false
01-16 14:23:12.158 3633-5032/? V/AlarmManager:  remove PendingIntent] PendingIntent{cd97e6e: PendingIntentRecord{1a67d5a com.google.android.gms broadcastIntent}}
01-16 14:23:12.208 5977-19292/? W/GCM: Raising wifi heartbeat interval to 1440000, good=15 bad=0
01-16 14:23:12.218 3633-5261/? V/AlarmManager:  remove PendingIntent] PendingIntent{123137a: PendingIntentRecord{1a67d5a com.google.android.gms broadcastIntent}}
01-16 14:23:12.238 5977-25472/? D/SecWifiDisplayUtil: Metadata value : SecSettings2
01-16 14:23:12.248 3633-3655/? D/WifiDisplayAdapter: getWifiDisplayStatusLocked: result=WifiDisplayStatus{featureState=2, scanState=0, activeDisplayState=0, activeDisplay=null, displays=[], sessionInfo=WifiDisplaySessionInfo: Client/Owner: Client GroupId:  Passphrase:  SessionId: 0 IP Address: , connectedState=-1, networkQoS=0}
01-16 14:23:12.248 25446-25446/? D/InjectionManager: InjectionManager
01-16 14:23:12.248 25446-25446/? D/InjectionManager: fillFeatureStoreMap com.google.android.apps.photos
01-16 14:23:12.258 25446-25446/? I/InjectionManager: Constructor com.google.android.apps.photos, Feature store :{}
01-16 14:23:12.258 25446-25446/? I/InjectionManager: featureStore :{}
01-16 14:23:12.338 3633-5332/? I/ActivityManager: Killing 23453:com.samsung.android.app.assistantmenu/1000 (adj 15): DHA:empty #33
01-16 14:23:12.338 328-360/? D/VolumeInfo: VolumeInfo from Parcel: id private ,type 1 ,disk null
01-16 14:23:12.338 328-360/? D/VolumeInfo: VolumeInfo from Parcel: id public:179,1 ,type 0 ,disk DiskInfo{disk:179,0}:
                                               flags=SD size=64021856256 label= 
                                               sysPath=/sys//devices/15740000.dwmmc2/mmc_host/mmc0/mmc0:0001/block/mmcblk0 
01-16 14:23:12.338 328-360/? D/VolumeInfo: VolumeInfo from Parcel: id emulated ,type 2 ,disk null
01-16 14:23:12.338 328-360/? D/VolumeInfo: VolumeInfo from Parcel: id privatemode ,type 0 ,disk null
01-16 14:23:12.368 3633-5632/? D/ActivityManager: cleanUpApplicationRecord -- 23453
01-16 14:23:12.368 3633-5632/? D/ActivityManager: isAutoRunBlockedApp:: com.samsung.android.app.assistantmenu, Auto Run ON
01-16 14:23:12.378 3633-5626/? W/ActivityManager: Permission Denial: Accessing service ComponentInfo{com.google.android.music/com.google.android.music.dial.DialMediaRouteProviderService} from pid=25368, uid=10121 that is not exported from uid 10119
01-16 14:23:12.468 5643-5643/? I/CastMediaRouteProvider: in onDiscoveryRequestChanged: request=DiscoveryRequest{ selector=MediaRouteSelector{ controlCategories=[com.google.android.gms.cast.CATEGORY_CAST/805741C9] }, activeScan=false, isValid=true }
01-16 14:23:12.478 5643-5643/? I/CastMediaRouteProvider: Logging initial network connection state.
01-16 14:23:12.478 328-340/? D/VolumeInfo: VolumeInfo from Parcel: id private ,type 1 ,disk null
01-16 14:23:12.478 328-340/? D/VolumeInfo: VolumeInfo from Parcel: id public:179,1 ,type 0 ,disk DiskInfo{disk:179,0}:
                                               flags=SD size=64021856256 label= 
                                               sysPath=/sys//devices/15740000.dwmmc2/mmc_host/mmc0/mmc0:0001/block/mmcblk0 
01-16 14:23:12.478 328-340/? D/VolumeInfo: VolumeInfo from Parcel: id emulated ,type 2 ,disk null
01-16 14:23:12.478 328-340/? D/VolumeInfo: VolumeInfo from Parcel: id privatemode ,type 0 ,disk null
01-16 14:23:12.498 328-19032/? D/VolumeInfo: VolumeInfo from Parcel: id private ,type 1 ,disk null
01-16 14:23:12.498 328-19032/? D/VolumeInfo: VolumeInfo from Parcel: id public:179,1 ,type 0 ,disk DiskInfo{disk:179,0}:
                                                 flags=SD size=64021856256 label= 
                                                 sysPath=/sys//devices/15740000.dwmmc2/mmc_host/mmc0/mmc0:0001/block/mmcblk0 
01-16 14:23:12.498 328-19032/? D/VolumeInfo: VolumeInfo from Parcel: id emulated ,type 2 ,disk null
01-16 14:23:12.498 328-19032/? D/VolumeInfo: VolumeInfo from Parcel: id privatemode ,type 0 ,disk null
01-16 14:23:12.508 5643-5643/? I/CastMediaRouteProvider: Network connectivity changed
01-16 14:23:12.568 328-18986/? D/VolumeInfo: VolumeInfo from Parcel: id private ,type 1 ,disk null
01-16 14:23:12.568 328-18986/? D/VolumeInfo: VolumeInfo from Parcel: id public:179,1 ,type 0 ,disk DiskInfo{disk:179,0}:
                                                 flags=SD size=64021856256 label= 
                                                 sysPath=/sys//devices/15740000.dwmmc2/mmc_host/mmc0/mmc0:0001/block/mmcblk0 
01-16 14:23:12.568 328-18986/? D/VolumeInfo: VolumeInfo from Parcel: id emulated ,type 2 ,disk null
01-16 14:23:12.568 328-18986/? D/VolumeInfo: VolumeInfo from Parcel: id privatemode ,type 0 ,disk null
01-16 14:23:12.638 23575-25465/? D/ContextRelationManager: ContextRelationManager() : FEATURE_ENABLED=true
01-16 14:23:12.638 25368-25496/? I/System.out: (HTTPLog)-Static: isSBSettingEnabled false
01-16 14:23:12.638 25368-25496/? I/System.out: (HTTPLog)-Static: isSBSettingEnabled false
01-16 14:23:12.638 3171-3609/? D/EnterpriseController: netId is 0
01-16 14:23:12.638 3171-3609/? D/Netd: getNetworkForDns: using netid 662 for uid 10121
01-16 14:23:12.678 23575-25465/? W/TrustedPartners: no provider found for com.motorola.camera.provider.bestshotprovider.BestShotProvider; do not trust
01-16 14:23:12.678 23575-25465/? W/TrustedPartners: no provider found for com.google.android.apps.camera.specialtypes.SpecialTypesProvider; do not trust
01-16 14:23:12.678 23575-25465/? W/TrustedPartners: no provider found for com.google.android.apps.photos.api.SpecialTypesProvider; do not trust
01-16 14:23:12.678 23575-25465/? W/TrustedPartners: no provider found for com.lge.photos.specialtypeprovider; do not trust
01-16 14:23:12.698 23575-25465/? W/native: jpeg_io.cc:108 File's first two bytes does not match the sequence �216
01-16 14:23:12.718 328-5401/? D/VolumeInfo: VolumeInfo from Parcel: id private ,type 1 ,disk null
01-16 14:23:12.718 328-5401/? D/VolumeInfo: VolumeInfo from Parcel: id public:179,1 ,type 0 ,disk DiskInfo{disk:179,0}:
                                                flags=SD size=64021856256 label= 
                                                sysPath=/sys//devices/15740000.dwmmc2/mmc_host/mmc0/mmc0:0001/block/mmcblk0 
01-16 14:23:12.718 328-5401/? D/VolumeInfo: VolumeInfo from Parcel: id emulated ,type 2 ,disk null
01-16 14:23:12.718 328-5401/? D/VolumeInfo: VolumeInfo from Parcel: id privatemode ,type 0 ,disk null
01-16 14:23:12.848 3633-3655/? D/ConnectivityService: returning getNetworkInfo for network type 1 : [type: WIFI[] - WIFI, state: CONNECTED/CONNECTED, reason: (unspecified), extra: "Balto", roaming: false, failover: false, isAvailable: true]
01-16 14:23:17.868 3633-5603/? I/ActivityManager: Killing 20242:com.sec.android.widgetapp.samsungapps/u0a103 (adj 15): DHA:empty #33
01-16 14:23:17.918 3633-5632/? D/ActivityManager: cleanUpApplicationRecord -- 20242
01-16 14:23:17.918 3633-5632/? D/ActivityManager: isAutoRunBlockedApp:: com.sec.android.widgetapp.samsungapps, Auto Run ON
01-16 14:23:18.968 5228-5411/? D/NetworkController.MobileSignalController(0/1): onSignalStrengthsChanged signalStrength=SignalStrength: 11 99 -16 -200 -16 -200 -1 99 -90 -5 160 2 2147483647 0x4000 gsm|lte level=4
01-16 14:23:18.968 5228-5411/? D/NetworkController.MobileSignalController(0/1): getMobileIconGroup(): 13
01-16 14:23:18.968 5228-5411/? D/NetworkController.MobileSignalController(0/1): updateLTEMobileIconGroup(): 13
01-16 14:23:19.688 3633-8576/? D/SSRM:u: SIOP:: AP = 290, PST = 289 (W:10), CP = 248, LCD = 0
01-16 14:23:21.008 3633-3907/? V/AlarmManager: Expired Alarm result :4
01-16 14:23:22.128 3633-5035/? D/NetworkPolicy: isUidForegroundLocked: 10018, mScreenOn: false, uidstate: 3, mProxSensorScreenOff: false
01-16 14:23:22.128 3633-5035/? D/NetworkPolicy: isUidForegroundLocked: 10018, mScreenOn: false, uidstate: 3, mProxSensorScreenOff: false
01-16 14:23:26.788 3633-3782/? I/ActivityManager: Waited long enough for: ServiceRecord{a46513c u0 com.microsoft.skydrive/.updateuserinfo.UpdateUserInfoService}
01-16 14:23:27.068 3633-3782/? I/ActivityManager: Waited long enough for: ServiceRecord{e343335 u0 com.microsoft.skydrive/.streamcache.service.UpdateMetadataForOfflineFilesService}
01-16 14:23:29.748 3633-8576/? D/SSRM:u: SIOP:: AP = 290, PST = 287 (W:10), CP = 246, LCD = 0
01-16 14:23:31.878 3633-5414/? E/Watchdog: !@Sync 7104 [01-16 14:23:31.881]
01-16 14:23:36.488 3633-5632/? D/BatteryService: !@BatteryListener : batteryPropertiesChanged!
01-16 14:23:36.498 3633-5632/? D/BatteryService: level:100, scale:100, status:5, health:2, present:true, voltage: 4327, temperature: 278, technology: Li-ion, AC powered:false, USB powered:true, POGO powered:false, Wireless powered:false, icon:17303413, invalid charger:0, maxChargingCurrent:0
01-16 14:23:36.498 3633-5632/? D/BatteryService: online:4, current avg:-2, charge type:0, power sharing:false, high voltage charger:false, capacity:280000, batterySWSelfDischarging:false, current_now:0
01-16 14:23:36.498 3633-3633/? D/BatteryService: Sending ACTION_BATTERY_CHANGED.
01-16 14:23:36.508 3633-3633/? I/MotionRecognitionService: Plugged
01-16 14:23:36.508 3633-3633/? D/MotionRecognitionService:   cableConnection= 1
01-16 14:23:36.508 3633-3633/? D/MotionRecognitionService: setPowerConnected | current backoffstate  = 1024 , state =1024
01-16 14:23:36.508 3633-3633/? D/MotionRecognitionService: skip setTransmitPower. 
01-16 14:23:36.508 3633-5040/? D/WifiController: ApOrStaEnabledState  msg.what= 155652
01-16 14:23:36.518 5228-5228/? D/KeyguardUpdateMonitor: received broadcast android.intent.action.BATTERY_CHANGED
01-16 14:23:36.518 5228-5228/? D/KeyguardUpdateMonitor: handleBatteryUpdate
01-16 14:23:36.518 5228-5228/? D/PowerUI: priorPlugType = 2 mPlugType =  2
01-16 14:23:36.528 5228-5228/? D/BatteryMeterView: ACTION_BATTERY_CHANGED : level:100 status:5 health:2
01-16 14:23:36.548 5604-5604/? D/CommonServiceConfiguration: getStringValueSetting
01-16 14:23:36.558 5228-5228/? D/BatteryMeterView: ACTION_BATTERY_CHANGED : level:100 status:5 health:2
01-16 14:23:36.568 5604-5604/? D/BatteryMonitor: new battery level: 100
01-16 14:23:36.568 22178-22178/? I/[SC]AutoBackupBroadcastReceiver: [onReceive] action Name : android.intent.action.BATTERY_CHANGED
01-16 14:23:36.568 22178-22178/? I/[SC]AutoBackupBroadcastReceiver: setChargerStatus[true]
01-16 14:23:36.568 22178-22178/? I/[SC]AutoBackupProvider: call !!  method : setChargerStatusarg = AUTOBAKCUP
01-16 14:23:36.568 22178-22178/? I/[SC]AutoBackupProvider: setChargerStatus - started.
01-16 14:23:36.568 22178-22178/? I/[SC]AutoBackupBroadcastReceiver: [onReceive] chargerStatus : true
01-16 14:23:38.628 3171-3605/? E/NetlinkEvent: NetlinkEvent::FindParam(): Parameter 'LABEL' not found
01-16 14:23:39.798 3633-8576/? D/SSRM:u: SIOP:: AP = 280, PST = 286 (W:10), CP = 245, CUR = -2, LCD = 0
01-16 14:23:42.938 3171-3605/? E/NetlinkEvent: NetlinkEvent::FindParam(): Parameter 'LABEL' not found
01-16 14:23:49.858 3633-8576/? D/SSRM:u: SIOP:: AP = 280, PST = 285 (W:10), CP = 244, CUR = -2, LCD = 0
01-16 14:23:58.728 3633-3907/? V/AlarmManager: Expired Alarm result :4
01-16 14:23:58.758 3633-5261/? V/AlarmManager:  remove PendingIntent] PendingIntent{4c96730: PendingIntentRecord{cda7b79 com.facebook.orca broadcastIntent}}
01-16 14:23:58.768 3633-3907/? V/AlarmManager: Expired Alarm result :4
01-16 14:23:58.808 28757-28791/? E/msgr.StickinessController: StickinessController not initialized yet
01-16 14:23:58.828 28757-28757/? E/msgr.StickinessController: StickinessController not initialized yet
01-16 14:23:58.828 3633-5627/? V/AlarmManager:  remove PendingIntent] PendingIntent{eea492e: PendingIntentRecord{b323055 com.facebook.katana broadcastIntent}}
01-16 14:23:59.828 3171-3605/? E/NetlinkEvent: NetlinkEvent::FindParam(): Parameter 'LABEL' not found
01-16 14:23:59.918 3633-8576/? D/SSRM:u: SIOP:: AP = 280, PST = 284 (W:14), CP = 244, CUR = -2, LCD = 0
01-16 14:23:59.988 3633-3907/? V/AlarmManager: Expired Alarm result :8
01-16 14:24:01.878 3633-5414/? E/Watchdog: !@Sync 7105 [01-16 14:24:01.883]
01-16 14:24:06.548 3633-5601/? D/BatteryService: !@BatteryListener : batteryPropertiesChanged!
01-16 14:24:06.548 3633-5601/? D/BatteryService: level:100, scale:100, status:5, health:2, present:true, voltage: 4328, temperature: 278, technology: Li-ion, AC powered:false, USB powered:true, POGO powered:false, Wireless powered:false, icon:17303413, invalid charger:0, maxChargingCurrent:0
01-16 14:24:06.548 3633-5601/? D/BatteryService: online:4, current avg:0, charge type:0, power sharing:false, high voltage charger:false, capacity:280000, batterySWSelfDischarging:false, current_now:0
01-16 14:24:06.548 3633-3633/? D/BatteryService: Sending ACTION_BATTERY_CHANGED.
01-16 14:24:06.558 3633-3633/? I/MotionRecognitionService: Plugged
01-16 14:24:06.558 3633-3633/? D/MotionRecognitionService:   cableConnection= 1
01-16 14:24:06.558 3633-3633/? D/MotionRecognitionService: setPowerConnected | current backoffstate  = 1024 , state =1024
01-16 14:24:06.558 3633-3633/? D/MotionRecognitionService: skip setTransmitPower. 
01-16 14:24:06.558 3633-5040/? D/WifiController: ApOrStaEnabledState  msg.what= 155652
01-16 14:24:06.558 5228-5228/? D/KeyguardUpdateMonitor: received broadcast android.intent.action.BATTERY_CHANGED
01-16 14:24:06.558 5228-5228/? D/KeyguardUpdateMonitor: handleBatteryUpdate
01-16 14:24:06.568 5228-5228/? D/PowerUI: priorPlugType = 2 mPlugType =  2
01-16 14:24:06.578 5604-5604/? D/CommonServiceConfiguration: getStringValueSetting
01-16 14:24:06.588 5604-5604/? D/BatteryMonitor: new battery level: 100
01-16 14:24:06.598 5228-5228/? D/BatteryMeterView: ACTION_BATTERY_CHANGED : level:100 status:5 health:2
01-16 14:24:06.608 5228-5228/? D/BatteryMeterView: ACTION_BATTERY_CHANGED : level:100 status:5 health:2
01-16 14:24:06.608 22178-22178/? I/[SC]AutoBackupBroadcastReceiver: [onReceive] action Name : android.intent.action.BATTERY_CHANGED
01-16 14:24:06.608 22178-22178/? I/[SC]AutoBackupBroadcastReceiver: setChargerStatus[true]
01-16 14:24:06.608 22178-22178/? I/[SC]AutoBackupProvider: call !!  method : setChargerStatusarg = AUTOBAKCUP
01-16 14:24:06.608 22178-22178/? I/[SC]AutoBackupProvider: setChargerStatus - started.
01-16 14:24:06.608 22178-22178/? I/[SC]AutoBackupBroadcastReceiver: [onReceive] chargerStatus : true
01-16 14:24:06.898 21915-21932/? I/Quasar: start to send events
01-16 14:24:09.958 3633-8576/? D/SSRM:u: SIOP:: AP = 280, PST = 282 (W:14), CP = 243, LCD = 0
01-16 14:24:10.128 3633-3642/? I/art: Background sticky concurrent mark sweep GC freed 154705(10MB) AllocSpace objects, 142(3MB) LOS objects, 17% free, 69MB/83MB, paused 3.216ms total 164.249ms
01-16 14:24:10.798 32484-32501/? D/ContactsProvider_EventLog: contents_sample_state: [ contacts(221) data(770) accounts({vnd.sec.contact.phone (1)=178, com.google (10)=44, vnd.sec.contact.sim (3)=2}) accounts deleted({}) calls([logtype:100 cnt:493, logtype:500 cnt:2, logtype:800 cnt:5])  ]
                                                              contents_sample_state: [ agr({[3]=2, [2]=41, [10]=1, [1 ,1]=1, [1]=174, [2 ,1]=2})  ]
01-16 14:24:10.978 32484-32501/? E/ContactsProvider_EventLog: Flush buffer to file cnt : 6 size : 7Kb duration : 184ms lastUpdatedAfter : 131115ms
01-16 14:24:13.348 3171-3605/? E/NetlinkEvent: NetlinkEvent::FindParam(): Parameter 'LABEL' not found
01-16 14:24:15.288 5228-5411/? D/NetworkController.MobileSignalController(0/1): onSignalStrengthsChanged signalStrength=SignalStrength: 11 99 -11 -200 -11 -200 -1 20 -91 -6 100 2 2147483647 0x4000 gsm|lte level=4
01-16 14:24:15.288 5228-5411/? D/NetworkController.MobileSignalController(0/1): getMobileIconGroup(): 13
01-16 14:24:15.288 5228-5411/? D/NetworkController.MobileSignalController(0/1): updateLTEMobileIconGroup(): 13
01-16 14:24:19.998 3633-8576/? D/SSRM:u: SIOP:: AP = 280, PST = 281 (W:14), CP = 243, LCD = 0
01-16 14:24:20.398 5228-5411/? D/NetworkController.MobileSignalController(0/1): onSignalStrengthsChanged signalStrength=SignalStrength: 11 99 -11 -200 -11 -200 -1 21 -90 -7 130 2 2147483647 0x4000 gsm|lte level=4
01-16 14:24:20.408 5228-5411/? D/NetworkController.MobileSignalController(0/1): getMobileIconGroup(): 13
01-16 14:24:20.408 5228-5411/? D/NetworkController.MobileSignalController(0/1): updateLTEMobileIconGroup(): 13
01-16 14:24:24.858 6195-6195/? E/audit: type=1400 msg=audit(1484605464.848:5328): avc:  denied  { ioctl } for  pid=25542 comm="sh" path="socket:[4732950]" dev="sockfs" ino=4732950 ioctlcmd=5401 scontext=u:r:untrusted_app:s0:c512,c768 tcontext=u:r:untrusted_app:s0:c512,c768 tclass=tcp_socket permissive=0
01-16 14:24:24.858 6195-6195/? E/audit:  SEPF_SECMOBILE_6.0.1_0031
01-16 14:24:24.858 6195-6195/? E/audit: type=1300 msg=audit(1484605464.848:5328): arch=c00000b7 syscall=29 per=8 success=no exit=-13 a0=0 a1=5401 a2=7ffaf00120 a3=7ffaf00100 items=0 ppid=24352 pid=25542 auid=4294967295 uid=10264 gid=10264 euid=10264 suid=10264 fsuid=10264 egid=10264 sgid=10264 fsgid=10264 tty=(none) ses=4294967295 comm="sh" exe="/system/bin/sh" subj=u:r:untrusted_app:s0:c512,c768 key=(null)
01-16 14:24:24.858 6195-6195/? E/audit: type=1327 msg=audit(1484605464.848:5328): proctitle=7368002D6300616D2062726F616463617374202D2D757365722030202D6120636F6D2E74656E63656E742E616E64726F69642E74707573682E616374696F6E2E53444B
01-16 14:24:24.858 6195-6195/? E/audit: type=1320 msg=audit(1484605464.848:5328): 
01-16 14:24:24.858 6195-6195/? E/audit: type=1400 msg=audit(1484605464.858:5329): avc:  denied  { ioctl } for  pid=25542 comm="am" path="socket:[4732950]" dev="sockfs" ino=4732950 ioctlcmd=5401 scontext=u:r:untrusted_app:s0:c512,c768 tcontext=u:r:untrusted_app:s0:c512,c768 tclass=tcp_socket permissive=0
01-16 14:24:24.858 6195-6195/? E/audit:  SEPF_SECMOBILE_6.0.1_0031
01-16 14:24:24.858 6195-6195/? E/audit: type=1300 msg=audit(1484605464.858:5329): arch=c00000b7 syscall=29 per=8 success=no exit=-13 a0=0 a1=5401 a2=7fc1dc65e0 a3=7fc1dc65c0 items=0 ppid=24352 pid=25542 auid=4294967295 uid=10264 gid=10264 euid=10264 suid=10264 fsuid=10264 egid=10264 sgid=10264 fsgid=10264 tty=(none) ses=4294967295 comm="am" exe="/system/bin/sh" subj=u:r:untrusted_app:s0:c512,c768 key=(null)
01-16 14:24:24.858 6195-6195/? E/audit: type=1327 msg=audit(1484605464.858:5329): proctitle=7368002D6300616D2062726F616463617374202D2D757365722030202D6120636F6D2E74656E63656E742E616E64726F69642E74707573682E616374696F6E2E53444B
01-16 14:24:24.858 6195-6195/? E/audit: type=1320 msg=audit(1484605464.858:5329): 
01-16 14:24:25.288 25542-25542/? I/FIPS_bssl: FIPS approved mode (1) | 25542 | app_process
01-16 14:24:25.288 25542-25542/? D/AndroidRuntime: >>>>>> START com.android.internal.os.RuntimeInit uid 10264 <<<<<<
01-16 14:24:25.298 25542-25542/? D/AndroidRuntime: CheckJNI is OFF
01-16 14:24:25.298 25542-25542/? D/AndroidRuntime: readGMSProperty: start
01-16 14:24:25.298 25542-25542/? D/AndroidRuntime: readGMSProperty: already setted!!
01-16 14:24:25.298 25542-25542/? D/AndroidRuntime: propertySet: couldn't set property (it is from app)
01-16 14:24:25.298 25542-25542/? D/AndroidRuntime: readGMSProperty: could not set the property(default)!!
01-16 14:24:25.298 25542-25542/? D/AndroidRuntime: readGMSProperty: end
01-16 14:24:25.298 25542-25542/? D/AndroidRuntime: addProductProperty: start
01-16 14:24:25.318 25542-25542/? D/ICU: No timezone override file found: /data/misc/zoneinfo/current/icu/icu_tzdata.dat
01-16 14:24:25.338 25542-25542/? I/Radio-JNI: register_android_hardware_Radio DONE
01-16 14:24:25.348 25542-25542/? E/AffinityControl: AffinityControl: registerfunction enter
01-16 14:24:25.348 25542-25542/? D/AndroidRuntime: Calling main entry com.android.commands.am.Am
01-16 14:24:25.388 3633-3782/? V/BroadcastQueue: [background] Process cur broadcast BroadcastRecord{3a15ccf u0 com.tencent.android.tpush.action.SDK qIdx=4}, state= (APP_RECEIVE) DELIVERED for app ProcessRecord{a9ba9b5 24275:com.comikin.manhua2:xg_service_v2/u0a264}
01-16 14:24:25.398 25542-25542/? D/AndroidRuntime: Shutting down VM
01-16 14:24:26.238 3186-3225/? D/Sensorhubs: readLargeContextData: 1, 1, 26, 4, 4, -68, -114, -75, 1, 1, 1, 18, 79, -86
01-16 14:24:26.248 3633-3910/? D/SensorHubManager: onGetSensorHubDataLocked: library(14) = 1, 1, 26, 4, 4, -68, -114, -75, 1, 1, 1, 18, 79, -86
01-16 14:24:26.248 3633-3909/? I/CAE: sendCmdToSensorHub(SensorHubCommManager.java:162) - -63, 14, 22, 24, 26,
01-16 14:24:26.248 3633-3909/? D/SensorHubManager: SendSensorHubData: send data = -63, 14, 22, 24, 26
01-16 14:24:26.248 3186-3911/? D/Sensorhubs: sendContextData: -63, 14, 22, 24, 26
01-16 14:24:26.258 3633-3909/? D/CAE: onGetSensorHubData(SensorHubParserProvider.java:92) - onGetSensorHubData Event [event buffer len :14], AP_SLEEP
01-16 14:24:26.258 3633-3909/? I/CAE: parse(SensorHubParserProvider.java:188) - buffer size = 14
01-16 14:24:26.258 3633-3909/? I/CAE: parse(SensorHubParserProvider.java:199) - 1, 1, 26, 4, 4, -68, -114, -75, 1, 1, 1, 18, 79, -86,
01-16 14:24:26.268 3633-3909/? W/CAE: parse(ActivityTrackerBatchRunner.java:236) - parse start
01-16 14:24:26.268 3633-3909/? I/CAE: getMostActivity(ActivityTrackerBatchRunner.java:321) - size:1
01-16 14:24:26.268 3633-3909/? D/CAE: display(ContextProvider.java:375) - ================= ACTIVITY_TRACKER_BATCH =================
01-16 14:24:26.268 3633-3909/? I/CAE: display(ContextProvider.java:391) - Accuracy=[1], Duration=[1200042], Count=[1], OperationMode=[2], ActivityType=[1], MostActivity=[1], TimeStamp=[1484604266165]
01-16 14:24:26.268 3633-3913/? D/SContextService: updateSContext() : event = Activity Batch
01-16 14:24:26.268 3633-3909/? W/CAE: parse(ActivityTrackerBatchRunner.java:307) - parse end
01-16 14:24:28.088 5228-5411/? D/NetworkController.MobileSignalController(0/1): onSignalStrengthsChanged signalStrength=SignalStrength: 10 99 -10 -200 -10 -200 -1 19 -92 -7 160 2 2147483647 0x4000 gsm|lte level=4
01-16 14:24:28.088 5228-5411/? D/NetworkController.MobileSignalController(0/1): getMobileIconGroup(): 13
01-16 14:24:28.088 5228-5411/? D/NetworkController.MobileSignalController(0/1): updateLTEMobileIconGroup(): 13
01-16 14:24:30.028 3633-8576/? D/SSRM:u: SIOP:: AP = 280, PST = 281 (W:14), CP = 243, LCD = 0
01-16 14:24:30.638 5228-5411/? D/NetworkController.MobileSignalController(0/1): onSignalStrengthsChanged signalStrength=SignalStrength: 9 99 -9 -200 -9 -200 -1 17 -94 -7 140 2 2147483647 0x4000 gsm|lte level=4
01-16 14:24:30.638 5228-5411/? D/NetworkController.MobileSignalController(0/1): getMobileIconGroup(): 13
01-16 14:24:30.638 5228-5411/? D/NetworkController.MobileSignalController(0/1): updateLTEMobileIconGroup(): 13
01-16 14:24:30.668 6195-6195/? E/audit: type=1400 msg=audit(1484605470.668:5330): avc:  denied  { ioctl } for  pid=25550 comm="sh" path="socket:[4732950]" dev="sockfs" ino=4732950 ioctlcmd=5401 scontext=u:r:untrusted_app:s0:c512,c768 tcontext=u:r:untrusted_app:s0:c512,c768 tclass=tcp_socket permissive=0
01-16 14:24:30.668 6195-6195/? E/audit:  SEPF_SECMOBILE_6.0.1_0031
01-16 14:24:30.668 6195-6195/? E/audit: type=1300 msg=audit(1484605470.668:5330): arch=c00000b7 syscall=29 per=8 success=no exit=-13 a0=0 a1=5401 a2=7fc8ba1400 a3=7fc8ba13e0 items=0 ppid=24352 pid=25550 auid=4294967295 uid=10264 gid=10264 euid=10264 suid=10264 fsuid=10264 egid=10264 sgid=10264 fsgid=10264 tty=(none) ses=4294967295 comm="sh" exe="/system/bin/sh" subj=u:r:untrusted_app:s0:c512,c768 key=(null)
01-16 14:24:30.668 6195-6195/? E/audit: type=1327 msg=audit(1484605470.668:5330): proctitle=7368002D6300616D20737461727473657276696365202D2D757365722030202D6E20636F6D2E636F6D696B696E2E6D616E687561322F636F6D2E74656E63656E742E616E64726F69642E74707573682E736572766963652E58475075736853657276696365202D6120636F6D2E74656E63656E742E616E64726F69642E747075
01-16 14:24:30.668 6195-6195/? E/audit: type=1320 msg=audit(1484605470.668:5330): 
01-16 14:24:30.678 6195-6195/? E/audit: type=1400 msg=audit(1484605470.678:5331): avc:  denied  { ioctl } for  pid=25550 comm="am" path="socket:[4732950]" dev="sockfs" ino=4732950 ioctlcmd=5401 scontext=u:r:untrusted_app:s0:c512,c768 tcontext=u:r:untrusted_app:s0:c512,c768 tclass=tcp_socket permissive=0
01-16 14:24:30.678 6195-6195/? E/audit:  SEPF_SECMOBILE_6.0.1_0031
01-16 14:24:30.678 6195-6195/? E/audit: type=1300 msg=audit(1484605470.678:5331): arch=c00000b7 syscall=29 per=8 success=no exit=-13 a0=0 a1=5401 a2=7fdfbdffa0 a3=7fdfbdff80 items=0 ppid=24352 pid=25550 auid=4294967295 uid=10264 gid=10264 euid=10264 suid=10264 fsuid=10264 egid=10264 sgid=10264 fsgid=10264 tty=(none) ses=4294967295 comm="am" exe="/system/bin/sh" subj=u:r:untrusted_app:s0:c512,c768 key=(null)
01-16 14:24:30.678 6195-6195/? E/audit: type=1327 msg=audit(1484605470.678:5331): proctitle=7368002D6300616D20737461727473657276696365202D2D757365722030202D6E20636F6D2E636F6D696B696E2E6D616E687561322F636F6D2E74656E63656E742E616E64726F69642E74707573682E736572766963652E58475075736853657276696365202D6120636F6D2E74656E63656E742E616E64726F69642E747075
01-16 14:24:30.678 6195-6195/? E/audit: type=1320 msg=audit(1484605470.678:5331): 
01-16 14:24:31.078 25550-25550/? I/FIPS_bssl: FIPS approved mode (1) | 25550 | app_process
01-16 14:24:31.088 25550-25550/? D/AndroidRuntime: >>>>>> START com.android.internal.os.RuntimeInit uid 10264 <<<<<<
01-16 14:24:31.088 25550-25550/? D/AndroidRuntime: CheckJNI is OFF
01-16 14:24:31.088 25550-25550/? D/AndroidRuntime: readGMSProperty: start
01-16 14:24:31.088 25550-25550/? D/AndroidRuntime: readGMSProperty: already setted!!
01-16 14:24:31.088 25550-25550/? D/AndroidRuntime: propertySet: couldn't set property (it is from app)
01-16 14:24:31.088 25550-25550/? D/AndroidRuntime: readGMSProperty: could not set the property(default)!!
01-16 14:24:31.088 25550-25550/? D/AndroidRuntime: readGMSProperty: end
01-16 14:24:31.088 25550-25550/? D/AndroidRuntime: addProductProperty: start
01-16 14:24:31.108 25550-25550/? D/ICU: No timezone override file found: /data/misc/zoneinfo/current/icu/icu_tzdata.dat
01-16 14:24:31.128 25550-25550/? I/Radio-JNI: register_android_hardware_Radio DONE
01-16 14:24:31.128 25550-25550/? E/AffinityControl: AffinityControl: registerfunction enter
01-16 14:24:31.138 25550-25550/? D/AndroidRuntime: Calling main entry com.android.commands.am.Am
01-16 14:24:31.158 25550-25550/? D/AndroidRuntime: Shutting down VM
01-16 14:24:31.878 3633-5414/? E/Watchdog: !@Sync 7106 [01-16 14:24:31.885]
01-16 14:24:33.198 5228-5411/? D/NetworkController.MobileSignalController(0/1): onSignalStrengthsChanged signalStrength=SignalStrength: 10 99 -10 -200 -10 -200 -1 19 -92 -7 90 2 2147483647 0x4000 gsm|lte level=4
01-16 14:24:33.198 5228-5411/? D/NetworkController.MobileSignalController(0/1): getMobileIconGroup(): 13
01-16 14:24:33.198 5228-5411/? D/NetworkController.MobileSignalController(0/1): updateLTEMobileIconGroup(): 13
01-16 14:24:34.478 5228-5411/? D/NetworkController.MobileSignalController(0/1): onSignalStrengthsChanged signalStrength=SignalStrength: 9 99 -9 -200 -9 -200 -1 16 -95 -7 130 2 2147483647 0x4000 gsm|lte level=4
01-16 14:24:34.488 5228-5411/? D/NetworkController.MobileSignalController(0/1): getMobileIconGroup(): 13
01-16 14:24:34.488 5228-5411/? D/NetworkController.MobileSignalController(0/1): updateLTEMobileIconGroup(): 13
01-16 14:24:34.508 5228-5411/? D/NetworkController.MobileSignalController(0/1): onSignalStrengthsChanged signalStrength=SignalStrength: 9 99 -8 -200 -8 -200 -1 99 -95 -7 130 2 2147483647 0x3000 gsm|lte level=3
01-16 14:24:34.508 5228-5411/? D/NetworkController.MobileSignalController(0/1): getMobileIconGroup(): 13
01-16 14:24:34.508 5228-5411/? D/NetworkController.MobileSignalController(0/1): updateLTEMobileIconGroup(): 13
01-16 14:24:35.768 5228-5411/? D/NetworkController.MobileSignalController(0/1): onSignalStrengthsChanged signalStrength=SignalStrength: 10 99 -10 -200 -10 -200 -1 18 -93 -7 150 2 2147483647 0x3000 gsm|lte level=3
01-16 14:24:35.768 5228-5411/? D/NetworkController.MobileSignalController(0/1): getMobileIconGroup(): 13
01-16 14:24:35.768 5228-5411/? D/NetworkController.MobileSignalController(0/1): updateLTEMobileIconGroup(): 13
01-16 14:24:36.588 3633-5332/? D/BatteryService: !@BatteryListener : batteryPropertiesChanged!
01-16 14:24:36.598 3633-5332/? D/BatteryService: level:100, scale:100, status:5, health:2, present:true, voltage: 4328, temperature: 278, technology: Li-ion, AC powered:false, USB powered:true, POGO powered:false, Wireless powered:false, icon:17303413, invalid charger:0, maxChargingCurrent:0
01-16 14:24:36.598 3633-5332/? D/BatteryService: online:4, current avg:-2, charge type:0, power sharing:false, high voltage charger:false, capacity:280000, batterySWSelfDischarging:false, current_now:0
01-16 14:24:36.598 3633-3633/? D/BatteryService: Sending ACTION_BATTERY_CHANGED.
01-16 14:24:36.598 3633-3633/? I/MotionRecognitionService: Plugged
01-16 14:24:36.598 3633-3633/? D/MotionRecognitionService:   cableConnection= 1
01-16 14:24:36.598 3633-3633/? D/MotionRecognitionService: setPowerConnected | current backoffstate  = 1024 , state =1024
01-16 14:24:36.598 3633-3633/? D/MotionRecognitionService: skip setTransmitPower. 
01-16 14:24:36.608 3633-5040/? D/WifiController: ApOrStaEnabledState  msg.what= 155652
01-16 14:24:36.608 5228-5228/? D/KeyguardUpdateMonitor: received broadcast android.intent.action.BATTERY_CHANGED
01-16 14:24:36.608 5228-5228/? D/KeyguardUpdateMonitor: handleBatteryUpdate
01-16 14:24:36.618 5228-5228/? D/PowerUI: priorPlugType = 2 mPlugType =  2
01-16 14:24:36.628 5604-5604/? D/CommonServiceConfiguration: getStringValueSetting
01-16 14:24:36.648 5604-5604/? D/BatteryMonitor: new battery level: 100
01-16 14:24:36.648 5228-5228/? D/BatteryMeterView: ACTION_BATTERY_CHANGED : level:100 status:5 health:2
01-16 14:24:36.658 5228-5228/? D/BatteryMeterView: ACTION_BATTERY_CHANGED : level:100 status:5 health:2
01-16 14:24:36.658 22178-22178/? I/[SC]AutoBackupBroadcastReceiver: [onReceive] action Name : android.intent.action.BATTERY_CHANGED
01-16 14:24:36.658 22178-22178/? I/[SC]AutoBackupBroadcastReceiver: setChargerStatus[true]
01-16 14:24:36.658 22178-22178/? I/[SC]AutoBackupProvider: call !!  method : setChargerStatusarg = AUTOBAKCUP
01-16 14:24:36.658 22178-22178/? I/[SC]AutoBackupProvider: setChargerStatus - started.
01-16 14:24:36.658 22178-22178/? I/[SC]AutoBackupBroadcastReceiver: [onReceive] chargerStatus : true
