01-16 14:21:58.278 3633-3801/? D/DisplayPowerController: animateScreenStateChange[0]: target=1
01-16 14:21:58.278 3633-3801/? D/DisplayPowerController: [M OS] 0 REPORTED_TO_POLICY_SCREEN_* -> REPORTED_TO_POLICY_SCREEN_OFF.
01-16 14:21:58.288 5812-5812/? D/Launcher: onPause, Launcher: 68553536
01-16 14:21:58.288 5812-5812/? D/Launcher.HomeView: onPause
01-16 14:21:58.288 5812-5812/? D/Launcher.Workspace: exitWidgetResizeMode. isClearResizeFrame is false
01-16 14:21:58.308 3633-5086/? D/lights: lcd : 0 -
01-16 14:21:58.368 3633-3801/? D/SContextService: unregisterCallback() : Listener = android.hardware.scontext.SContextService$Listener@cb42c8c, Service = Auto Rotation, used = 0
01-16 14:21:58.368 5812-5812/? V/ActivityThread: updateVisibility : ActivityRecord{b7adfbc token=android.os.BinderProxy@91d1c1f {com.sec.android.app.launcher/com.sec.android.app.launcher.activities.LauncherActivity}} show : true
01-16 14:21:58.368 5812-5812/? D/Launcher.HomeView: onStop
01-16 14:21:58.368 5812-5812/? D/capture: ----destroy
01-16 14:21:58.388 3633-3801/? W/CAE: unregisterCallback(ContextAwareService.java:206) - [unregi 01] Mutex is locked for AUTO_ROTATION
01-16 14:21:58.388 3633-3801/? V/CAE: stop(ContextProvider.java:155)
01-16 14:21:58.398 3633-3801/? V/CAE: clear(AutoRotationRunner.java:182)
01-16 14:21:58.398 3633-3801/? V/CAE: disable(AutoRotationRunner.java:171)
01-16 14:21:58.398 3633-3801/? I/CAE: sendCmdToSensorHub(SensorHubCommManager.java:162) - -78, 7, 0, 0,
01-16 14:21:58.398 3633-3801/? D/SensorHubManager: SendSensorHubData: send data = -78, 7, 0, 0
01-16 14:21:58.408 3186-8788/? D/Sensorhubs: sendContextData: -78, 7, 0, 0
01-16 14:21:58.408 3633-3801/? D/CAE: getFaultDetectionResult(AutoRotationRunner.java:195) - true
01-16 14:21:58.408 3633-3801/? I/CAE: notifyCmdProcessResultObserver(ContextProvider.java:627) - CheckResult = 0, Cause = Success
01-16 14:21:58.428 3633-3801/? D/CAE: doCommendProcess(ContextAwareService.java:433) - complete notify the operation result.
01-16 14:21:58.438 3633-3801/? I/CAE: displayUsedCountForService(ContextAwareService.java:525) - totalCnt = 0, serviceCount = 0, subCollectionCount = 0
01-16 14:21:58.438 3633-3801/? D/CAE: showListenerList(ContextAwareService.java:366) - ===== Context Aware Service List =====
01-16 14:21:58.438 3633-3801/? I/CAE: showListenerList(ContextAwareService.java:375) - Listener : com.samsung.android.contextaware.manager.ContextAwareService$Listener@f90a7d, Service : ACTIVITY_TRACKER_CURRENT_INFO(1)
01-16 14:21:58.438 3633-3801/? I/CAE: showListenerList(ContextAwareService.java:375) - Listener : com.samsung.android.contextaware.manager.ContextAwareService$Listener@f90a7d, Service : ACTIVITY_TRACKER(1)
01-16 14:21:58.448 3633-3801/? I/CAE: showListenerList(ContextAwareService.java:375) - Listener : com.samsung.android.contextaware.manager.ContextAwareService$Listener@8bd4bb4, Service : PEDOMETER(1)
01-16 14:21:58.448 3633-3801/? I/CAE: showListenerList(ContextAwareService.java:375) - Listener : com.samsung.android.contextaware.manager.ContextAwareService$Listener@8bd4bb4, Service : PEDOMETER_CURRENT_INFO(1)
01-16 14:21:58.448 3633-3801/? I/CAE: showListenerList(ContextAwareService.java:375) - Listener : com.samsung.android.contextaware.manager.ContextAwareService$Listener@3a8d67b, Service : ACTIVITY_TRACKER_BATCH(1)
01-16 14:21:58.448 3633-3801/? I/CAE: showListenerList(ContextAwareService.java:375) - Listener : com.samsung.android.contextaware.manager.ContextAwareService$Listener@d622dba, Service : STEP_LEVEL_MONITOR(1)
01-16 14:21:58.448 3633-3801/? I/CAE: showListenerList(ContextAwareService.java:375) - Listener : com.samsung.android.contextaware.manager.ContextAwareService$Listener@88ca5df, Service : SENSOR_STATUS_CHECK_RUNNER(1)
01-16 14:21:58.448 3633-3801/? I/CAE: showListenerList(ContextAwareService.java:375) - Listener : com.samsung.android.contextaware.manager.ContextAwareService$Listener@cfd19d9, Service : ANY_MOTION_DETECTOR_RUNNER(1)
01-16 14:21:58.448 3633-3801/? I/CAE: showListenerList(ContextAwareService.java:375) - Listener : com.samsung.android.contextaware.manager.ContextAwareService$Listener@5b99e63, Service : AUTO_BRIGHTNESS(1)
01-16 14:21:58.448 3633-3801/? W/CAE: unregisterCallback(ContextAwareService.java:241) - [unregi 02] Mutex is unlocked for AUTO_ROTATION
01-16 14:21:58.448 3633-3801/? D/SContextService: 	.unregisterCallback : 7, client=
01-16 14:21:58.448 3633-3801/? D/SContextService: ===== SContext Service List =====
01-16 14:21:58.448 3633-3801/? D/SContextService: Listener : android.hardware.scontext.SContextService$Listener@3da2e0a, Service : Step Level Monitor
01-16 14:21:58.448 3633-3801/? D/SContextService: Listener : android.hardware.scontext.SContextService$Listener@3da2e0a, Service : Pedometer
01-16 14:21:58.448 3633-3801/? D/SContextService: Listener : android.hardware.scontext.SContextService$Listener@e5efc98, Service : Activity Batch
01-16 14:21:58.448 3633-3801/? D/SContextService: Listener : android.hardware.scontext.SContextService$Listener@7e6c22c, Service : Sensor Status Check
01-16 14:21:58.448 3633-3801/? D/SContextService: Listener : android.hardware.scontext.SContextService$Listener@c1c7a95, Service : Any Motion Detector
01-16 14:21:58.448 3633-3801/? D/SContextService: Listener : android.hardware.scontext.SContextService$Listener@1dcca60, Service : Auto Brightness
01-16 14:21:58.448 3633-3801/? D/SContextService: Listener : android.hardware.scontext.SContextService$Listener@4b2481e, Service : Activity Tracker
01-16 14:21:58.448 3633-3801/? D/SContextManager:   .unregisterListener : listener = com.android.server.policy.WindowOrientationListener$OrientationSensorJudge@76adc3c, service=Auto Rotation
01-16 14:21:58.448 3633-3801/? V/KeyguardServiceDelegate: onScreenTurnedOff()
01-16 14:21:58.448 3633-3801/? D/DisplayPowerController: mWindowManagerPolicy.screenTurnedOff(0)
01-16 14:21:58.448 3633-3801/? D/DisplayPowerController: [Dual Screen Compatible] state[0] :1
01-16 14:21:58.448 3633-3801/? D/PowerManagerUtil: fileWriteInt to /sys/class/tcon/tcon/auto_br, 0
01-16 14:21:58.448 3633-5085/? D/AutomaticBrightnessController: [DAB] setLightSensorEnabled : unregisterListenerRunnable
01-16 14:21:58.448 3633-5085/? D/SContextService: unregisterCallback() : Listener = android.hardware.scontext.SContextService$Listener@1dcca60, Service = Auto Brightness, used = 0
01-16 14:21:58.448 3633-3801/? D/PowerManagerUtil: fileWriteInt to /sys/class/backlight/panel/auto_brightness, 0
01-16 14:21:58.448 5228-10968/? D/KeyguardViewMediator: notifyScreenTurnedOff
01-16 14:21:58.448 5228-5228/? D/KeyguardViewMediator: handleNotifyScreenTurnedOff
01-16 14:21:58.458 3633-5085/? W/CAE: unregisterCallback(ContextAwareService.java:206) - [unregi 01] Mutex is locked for AUTO_BRIGHTNESS
01-16 14:21:58.458 5228-5228/? D/vol.SecVolumeDialog: onScreenTurnedOff()
01-16 14:21:58.458 3633-3801/? D/PowerManagerUtil: fileWriteInt to /sys/class/mdnie/mdnie/auto_brightness, 0
01-16 14:21:58.458 5228-5228/? D/vol.SecVolumeDialog: dismissH reason: 4
01-16 14:21:58.458 3633-3801/? D/AutomaticBrightnessController: [DAB] no lux value from sensor manager
01-16 14:21:58.458 5228-5228/? D/vol.SecVolumeDialog: dismissH : false
01-16 14:21:58.458 3633-3801/? D/DisplayPowerController: getFinalBrightness : Summary is 0 -> 0
01-16 14:21:58.458 3633-5085/? V/CAE: stop(ContextProvider.java:155)
01-16 14:21:58.458 3633-3801/? D/DisplayPowerController: Animating brightness: target=0, rate=0 (PSM:false, AB limit:(-1 ~ -1) MB Limit:(-1 ~ -1))
01-16 14:21:58.458 3633-25330/? D/MISC PowerHAL: sysfs_write +: /sys/class/input/event0/device/enabled: 0
01-16 14:21:58.458 3633-3801/? D/DisplayPowerController: animateScreenStateChange[0]: target=1
01-16 14:21:58.458 3633-25331/? D/MISC PowerHAL: sysfs_write +: /sys/class/input/event1/device/enabled: 0
01-16 14:21:58.458 3633-3801/? D/DisplayPowerController: [Dual Screen Compatible] state[0] :1
01-16 14:21:58.458 3633-25330/? D/MISC PowerHAL: sysfs_write -: /sys/class/input/event0/device/enabled: 0
01-16 14:21:58.458 3633-3801/? D/DisplayPowerController: getFinalBrightness : Summary is 0 -> 0
01-16 14:21:58.458 3633-3801/? D/DisplayPowerController: Animating brightness: target=0, rate=0 (PSM:false, AB limit:(-1 ~ -1) MB Limit:(-1 ~ -1))
01-16 14:21:58.458 3633-25331/? D/MISC PowerHAL: sysfs_write -: /sys/class/input/event1/device/enabled: 0
01-16 14:21:58.458 3633-3806/? D/DisplayManagerService: !@display_state: ON -> OFF brightness: 0 -> 0
01-16 14:21:58.458 3633-5085/? V/CAE: clear(AutoBrightnessRunner.java:297)
01-16 14:21:58.458 3633-3799/? I/DisplayManagerService: Display device changed state: "Built-in Screen", OFF
01-16 14:21:58.458 3633-3806/? D/MISC PowerHAL: sysfs_write +: /sys/class/power_supply/battery/lcd: 0
01-16 14:21:58.458 3633-3799/? I/DisplayManagerService: Display device changed state: "ActivityViewVirtualDisplay", OFF
01-16 14:21:58.458 3633-3806/? D/MISC PowerHAL: sysfs_write -: /sys/class/power_supply/battery/lcd: 0
01-16 14:21:58.458 3633-5085/? V/CAE: disable(AutoBrightnessRunner.java:286)
01-16 14:21:58.458 3021-3021/? D/SurfaceFlinger: Set power mode=0, type=0 flinger=0x7fa1503c00
01-16 14:21:58.458 3633-5085/? I/CAE: sendCmdToSensorHub(SensorHubCommManager.java:162) - -78, 48, 0, 0,
01-16 14:21:58.458 3633-5085/? D/SensorHubManager: SendSensorHubData: send data = -78, 48, 0, 0
01-16 14:21:58.458 3021-3021/? I/hwcomposer: int exynos_setPowerMode(hwc_composer_device_1*, int, int):: disp(0), mode(0)
01-16 14:21:58.468 3186-3186/? D/Sensorhubs: sendContextData: -78, 48, 0, 0
01-16 14:21:58.528 3633-5085/? D/CAE: getFaultDetectionResult(AutoBrightnessRunner.java:311) - true
01-16 14:21:58.528 3633-5085/? I/CAE: notifyCmdProcessResultObserver(ContextProvider.java:627) - CheckResult = 0, Cause = Success
01-16 14:21:58.538 3633-5085/? D/CAE: doCommendProcess(ContextAwareService.java:433) - complete notify the operation result.
01-16 14:21:58.548 3633-5085/? I/CAE: displayUsedCountForService(ContextAwareService.java:525) - totalCnt = 0, serviceCount = 0, subCollectionCount = 0
01-16 14:21:58.548 3633-5085/? D/CAE: showListenerList(ContextAwareService.java:366) - ===== Context Aware Service List =====
01-16 14:21:58.548 3633-5085/? I/CAE: showListenerList(ContextAwareService.java:375) - Listener : com.samsung.android.contextaware.manager.ContextAwareService$Listener@f90a7d, Service : ACTIVITY_TRACKER_CURRENT_INFO(1)
01-16 14:21:58.548 3633-5085/? I/CAE: showListenerList(ContextAwareService.java:375) - Listener : com.samsung.android.contextaware.manager.ContextAwareService$Listener@f90a7d, Service : ACTIVITY_TRACKER(1)
01-16 14:21:58.548 3633-5085/? I/CAE: showListenerList(ContextAwareService.java:375) - Listener : com.samsung.android.contextaware.manager.ContextAwareService$Listener@8bd4bb4, Service : PEDOMETER(1)
01-16 14:21:58.548 3633-5085/? I/CAE: showListenerList(ContextAwareService.java:375) - Listener : com.samsung.android.contextaware.manager.ContextAwareService$Listener@8bd4bb4, Service : PEDOMETER_CURRENT_INFO(1)
01-16 14:21:58.548 3633-5085/? I/CAE: showListenerList(ContextAwareService.java:375) - Listener : com.samsung.android.contextaware.manager.ContextAwareService$Listener@3a8d67b, Service : ACTIVITY_TRACKER_BATCH(1)
01-16 14:21:58.548 3633-5085/? I/CAE: showListenerList(ContextAwareService.java:375) - Listener : com.samsung.android.contextaware.manager.ContextAwareService$Listener@d622dba, Service : STEP_LEVEL_MONITOR(1)
01-16 14:21:58.548 3633-5085/? I/CAE: showListenerList(ContextAwareService.java:375) - Listener : com.samsung.android.contextaware.manager.ContextAwareService$Listener@88ca5df, Service : SENSOR_STATUS_CHECK_RUNNER(1)
01-16 14:21:58.548 3633-5085/? I/CAE: showListenerList(ContextAwareService.java:375) - Listener : com.samsung.android.contextaware.manager.ContextAwareService$Listener@cfd19d9, Service : ANY_MOTION_DETECTOR_RUNNER(1)
01-16 14:21:58.548 3633-5085/? W/CAE: unregisterCallback(ContextAwareService.java:241) - [unregi 02] Mutex is unlocked for AUTO_BRIGHTNESS
01-16 14:21:58.548 3633-5085/? D/SContextService: 	.unregisterCallback : 6, client=
01-16 14:21:58.548 3633-5085/? D/SContextService: ===== SContext Service List =====
01-16 14:21:58.548 3633-5085/? D/SContextService: Listener : android.hardware.scontext.SContextService$Listener@3da2e0a, Service : Step Level Monitor
01-16 14:21:58.548 3633-5085/? D/PowerManagerUtil: Excessive delay in SensorHubAutoBrightnessEnabled::unregisterListener done: 101ms
01-16 14:21:58.548 3633-5085/? D/SContextService: Listener : android.hardware.scontext.SContextService$Listener@3da2e0a, Service : Pedometer
01-16 14:21:58.548 3633-5085/? D/SContextService: Listener : android.hardware.scontext.SContextService$Listener@e5efc98, Service : Activity Batch
01-16 14:21:58.548 3633-5085/? D/SContextService: Listener : android.hardware.scontext.SContextService$Listener@7e6c22c, Service : Sensor Status Check
01-16 14:21:58.548 3633-5085/? D/SContextService: Listener : android.hardware.scontext.SContextService$Listener@c1c7a95, Service : Any Motion Detector
01-16 14:21:58.548 3633-5085/? D/SContextService: Listener : android.hardware.scontext.SContextService$Listener@4b2481e, Service : Activity Tracker
01-16 14:21:58.548 3633-5085/? D/SContextManager:   .unregisterListener : listener = com.android.server.display.AutomaticBrightnessController$6@6e402c3, service=Auto Brightness
01-16 14:21:58.578 5228-5228/? D/ImageWallpaper: onVisibilityChanged:false
01-16 14:21:58.578 5228-5228/? D/ImageWallpaper: drawFrame:false rotation:0 mLastRotation:0
01-16 14:21:58.578 5228-5228/? D/ImageWallpaper: drawFrame:[frame.width()]1440[frame.height()]2560
01-16 14:21:58.578 5228-5228/? D/ImageWallpaper: Suppressed drawFrame since redraw is not needed and offsets have not changed.
01-16 14:21:58.638 3633-3806/? D/SurfaceControl: Excessive delay in setPowerMode(): 173ms
01-16 14:21:58.638 3633-3806/? D/PowerManagerUtil: Excessive delay in !@display_state: OFF: 174ms
01-16 14:21:58.638 3633-3806/? D/PowerManagerUtil: Excessive delay in DisplayManagerInternal.requestDesiredDisplayState: 178ms
01-16 14:21:58.638 3633-3801/? D/DisplayPowerController: animateScreenStateChange[0]: target=1
01-16 14:21:58.638 3633-3801/? D/DisplayPowerController: [Dual Screen Compatible] state[0] :1
01-16 14:21:58.638 3633-3801/? D/DisplayPowerController: getFinalBrightness : Summary is 0 -> 0
01-16 14:21:58.638 3633-3801/? D/DisplayPowerController: Animating brightness: target=0, rate=0 (PSM:false, AB limit:(-1 ~ -1) MB Limit:(-1 ~ -1))
01-16 14:21:58.638 3633-3801/? I/PowerManagerService: [PWL] Off : 0s ago
01-16 14:21:58.638 3633-3801/? I/libsuspend: !@autosuspend_wakeup_count_enable
01-16 14:21:58.638 3633-3801/? I/PowerManagerService: [PWL]   PowerManagerService.Display: ref count=2
01-16 14:21:58.638 3633-3801/? I/libsuspend: !@autosuspend_wakeup_count_enable done
01-16 14:21:58.638 3633-3801/? I/PowerManagerService: [PWL]     mUserActivitySummary : 0x4
01-16 14:21:58.638 3633-3801/? I/PowerManagerService: [PWL]     mDisplayReady : false
01-16 14:21:58.638 3633-3801/? D/DisplayPowerController: animateScreenStateChange[0]: target=1
01-16 14:21:58.638 3633-3801/? D/DisplayPowerController: [Dual Screen Compatible] state[0] :1
01-16 14:21:58.638 3633-3801/? D/DisplayPowerController: getFinalBrightness : Summary is 0 -> 0
01-16 14:21:58.638 3633-3801/? D/DisplayPowerController: Animating brightness: target=0, rate=0 (PSM:false, AB limit:(-1 ~ -1) MB Limit:(-1 ~ -1))
01-16 14:21:58.638 3633-3801/? D/PowerManagerService: [s] DisplayPowerCallbacks : onStateChanged()
01-16 14:21:58.638 3633-3801/? D/PowerManagerService: mDisplayReady: true
01-16 14:21:58.638 3633-3801/? D/PowerManagerService: [PWL] sb release: PowerManagerService.Display
01-16 14:21:58.638 3633-3801/? D/PowerManagerService: handleSandman : startDreaming: true  (canDreamLocked: false  canDozeLocked: true)
01-16 14:21:58.638 3633-3801/? D/PowerManagerService: handleSandman : startDream(true)
01-16 14:21:58.638 3633-3801/? E/PowerManagerService: handleSandman : startDreaming, but isDreaming false
01-16 14:21:58.638 3633-3801/? I/PowerManagerService: Sleeping (uid 1000)...
01-16 14:21:58.638 3633-3801/? D/PowerManagerService: [s] UserActivityState : 4 -> 0
01-16 14:21:58.638 3633-5083/? D/PersonaManagerService: onfinishedGoingToSleep why = 3
01-16 14:21:58.638 3633-3801/? D/PowerManagerService: [PWL] sb acquire: PowerManagerService.Broadcasts
01-16 14:21:58.638 5228-10160/? D/KeyguardViewMediator: onFinishedGoingToSleep(3)
01-16 14:21:58.638 5228-10160/? D/KeyguardViewMediator: notifyFinishedGoingToSleep
01-16 14:21:58.638 5228-5228/? D/KeyguardViewMediator: handleNotifyFinishedGoingToSleep
01-16 14:21:58.638 5228-5228/? D/KeyguardEffectViewController: onScreenTurnedOff
01-16 14:21:58.638 5228-5228/? D/KeyguardEffectViewController: ## mBackgroundView.onPause()
01-16 14:21:58.638 5228-5228/? D/KeyguardEffectViewWallpaper: onPause()
01-16 14:21:58.638 3633-3811/? D/PersonaManagerServiceHandler: MSG_ACTION_SCREEN_OFF called
01-16 14:21:58.648 5228-5228/? D/SecKeyguardStatusView: onFinishedGoingToSleep() why=3
01-16 14:21:58.648 5228-5228/? V/KeyguardUpdateMonitor: handleFinishedGoingToSleep( requestSessionOpen )
01-16 14:21:58.648 3633-5626/? V/FingerprintService: request(2) called from pid=5228
01-16 14:21:58.648 5300-5300/? D/Recents_RecentsActivity: Screen off broadcast is received
01-16 14:21:58.648 5300-5300/? D/Recents_RecentsActivity: clearWindowFlag is getting called
01-16 14:21:58.648 5300-5300/? D/Recents_RecentsActivity: dismissRecentsToHome, animated=false
01-16 14:21:58.648 3204-3204/? V/fingerprintd: request()
01-16 14:21:58.648 3204-3204/? D/bauth_service: BAuthService, 722
01-16 14:21:58.658 3204-3204/? D/bauth_FPBAuthService: FPBAuthService, 5281
01-16 14:21:58.658 3204-3204/? I/TLC_BAUTH: Call FUNC ID 0x3 , 1;478
01-16 14:21:58.658 3204-3204/? I/tlc_communication: tlc_open() called;82
01-16 14:21:58.658 3204-3204/? I/tlc_communication: Opening MobiCore device;86
01-16 14:21:58.658 3204-3204/? I/TeeDriverClient: driver client open [hardware/samsung_slsi/exynos8890/mobicore/ClientLib/src/driver_client.cpp:103]
01-16 14:21:58.658 3204-3204/? I/tlc_communication: Allocating WSM for TCI;100
01-16 14:21:58.658 3204-3204/? I/tlc_communication: Opening the session;116
01-16 14:21:58.758 23109-23109/? I/stephli: delay start ss3 when screen off.
01-16 14:21:58.818 3633-3633/? I/CAE: handleMessage(CaPowerManager.java:182) - AP_SLEEP
01-16 14:21:58.818 3633-3633/? I/CAE: updateApPowerStatus(SensorHubParserProvider.java:443) - AP_SLEEP
01-16 14:21:58.818 3204-3204/? I/tlc_communication: tlc_open() successed;136
01-16 14:21:58.818 3204-3204/? I/TLC_BAUTH: Check TCI buffer;539
01-16 14:21:58.818 3633-3633/? I/CAE: sendCmdToSensorHub(SensorHubCommManager.java:162) - -76, 13, -46, 0,
01-16 14:21:58.818 3633-3633/? D/SensorHubManager: SendSensorHubData: send data = -76, 13, -46, 0
01-16 14:21:58.818 3186-3911/? D/Sensorhubs: sendContextData: -76, 13, -46, 0
01-16 14:21:58.818 3633-3633/? I/CAE: sendCmdToSensorHub(SensorHubCommManager.java:162) - -63, 14, 22, 21, 58,
01-16 14:21:58.818 3633-3633/? D/SensorHubManager: SendSensorHubData: send data = -63, 14, 22, 21, 58
01-16 14:21:58.818 3186-3226/? D/Sensorhubs: sendContextData: -63, 14, 22, 21, 58
01-16 14:21:58.828 3204-3204/? I/TLC_BAUTH: Call FP cmd 0x11;328
01-16 14:21:58.828 3204-3204/? I/tlc_communication: Send Trustlet TCI Message;214
01-16 14:21:58.828 3204-3204/? I/tlc_communication: mcNotify is completed;224
01-16 14:21:58.828 3633-3633/? D/MotionRecognitionService:   mReceiver.onReceive : ACTION_SCREEN_OFF
01-16 14:21:58.828 3204-3204/? I/tlc_communication: mcWaitNotification is completed;237
01-16 14:21:58.828 3204-3204/? I/TLC_BAUTH: Check the Trustlet return code is completed;363
01-16 14:21:58.828 3204-3204/? I/TLC_BAUTH: Call FUNC ID 0x10;204
01-16 14:21:58.828 3204-3204/? I/TLC_BAUTH: FUNC ID 0x10 is completed;236
01-16 14:21:58.828 3204-3204/? I/TLC_BAUTH: Call FP cmd 0x12;380
01-16 14:21:58.828 3204-3204/? I/tlc_communication: Send Trustlet TCI Message;214
01-16 14:21:58.828 3204-3204/? I/tlc_communication: mcNotify is completed;224
01-16 14:21:58.828 3204-3204/? I/tlc_communication: mcWaitNotification is completed;237
01-16 14:21:58.828 3204-3204/? I/TLC_BAUTH: Check the Trustlet return code is completed;407
01-16 14:21:58.828 3204-3204/? I/TLC_BAUTH: FUNC ID 0x3 is completed;667
                                            
                                            [ 01-16 14:21:58.828  3204: 3204 D/         ]
                                            fprc : rc 
01-16 14:21:58.828 3204-3204/? D/bauth_FPBAuthSensorControl: FPBAuthSensorControl, 534
01-16 14:21:58.828 3204-3204/? D/bauth_FPBAuthService: FPBAuthService, 5306
01-16 14:21:58.828 3204-3204/? D/bauth_FPBAuthSensorControl: FPBAuthSensorControl, 388
01-16 14:21:58.828 3204-3204/? D/bauth_FPBAuthSensorControl: FPBAuthSensorControl, 394
01-16 14:21:58.838 3204-3204/? D/bauth_FPBAuthServiceStorage: FPBAuthServiceStorage, 538
01-16 14:21:58.838 3204-3204/? I/TLC_BAUTH: Call FP cmd 0xc (48);1549
01-16 14:21:58.848 3204-3204/? I/tlc_communication: Send Trustlet TCI Message;214
01-16 14:21:58.848 3204-3204/? I/tlc_communication: mcNotify is completed;224
01-16 14:21:58.848 3633-3914/? D/MotionRecognitionService: Screen off setAccIntStatus 
01-16 14:21:58.848 3633-3914/? E/MotionRecognitionService:  handler : SCREEN_OFF end 
01-16 14:21:58.848 3204-3204/? I/tlc_communication: mcWaitNotification is completed;237
01-16 14:21:58.848 3204-3204/? I/TLC_BAUTH: Check the Trustlet return code is completed;1649
01-16 14:21:58.848 3204-3204/? D/bauth_FPBAuthService: check_opcode status = 5, opcode = 0, func_ret_val = 0, function_status = 0, timeout = 0
01-16 14:21:58.848 3204-3204/? I/TLC_BAUTH: Call FP cmd 0xc (49);1549
01-16 14:21:58.848 3204-3204/? I/TLC_BAUTH: Skip cmd : 0xc, opcode : 49;1573
01-16 14:21:58.848 3204-3204/? I/TLC_BAUTH: Call FP cmd 0xc (37);1549
01-16 14:21:58.848 3204-3204/? I/TLC_BAUTH: reqUserID = User_0 | User_0;1602
01-16 14:21:58.848 3204-3204/? I/tlc_communication: Send Trustlet TCI Message;214
01-16 14:21:58.848 3204-3204/? I/tlc_communication: mcNotify is completed;224
01-16 14:21:58.858 3633-3782/? V/BroadcastQueue: [background] Process cur broadcast BroadcastRecord{c9be5fa u-1 com.samsung.settings.action.directaccess.CLOSE_DIALOG qIdx=4}, state= (APP_RECEIVE) DELIVERED for app ProcessRecord{842215 24441:com.samsung.android.SettingsReceiver/1000}
01-16 14:21:58.868 3633-3633/? D/UniversalCredentialManagerService: inside mBReciever onReceive : android.intent.action.SCREEN_OFF
01-16 14:21:58.888 3633-3633/? D/UniversalCredentialManagerService: ****MSG_LOCK_STATUS_UPDATE block started****
01-16 14:21:58.888 3633-3633/? D/UniversalCredentialManagerService: notifyChangeToPlugin is called for Lock status update...
01-16 14:21:58.888 3633-3633/? D/UcmService: notifyChangeToPlugin event 16
01-16 14:21:58.888 3633-3633/? D/UcmService: checkCallerPermissionFor is called for method-notifyChangeToPlugin
01-16 14:21:58.888 3633-3633/? I/UcmService: checkIfNotify for cs Name = com.samsung.ucs.agent.boot:com.samsung.ucs.agent.boot Package name = com.samsung.ucs.agent.boot
01-16 14:21:58.888 3633-3633/? D/UcmService: notifying to unmanaged plugin
01-16 14:21:58.888 6187-1220/? D/BootAgentService: notifyChange eventId-16
01-16 14:21:58.888 3633-3633/? D/UcmService: agentService com.samsung.ucs.agent.boot:com.samsung.ucs.agent.boot notify status - -1
01-16 14:21:58.888 3633-3633/? D/UcmService: agentService status--1
01-16 14:21:58.888 3633-3633/? I/UcmService: checkIfNotify for cs Name = com.sec.smartcard.manager:com.samsung.ucs.agent.baiMobile Package name = com.sec.smartcard.manager
01-16 14:21:58.888 3633-3633/? D/UcmService: notifying to unmanaged plugin
01-16 14:21:58.898 6162-1217/? E/ucsBai_agentService: notifyChange NOT SUPPORTED
01-16 14:21:58.898 3633-3633/? D/UcmService: agentService com.sec.smartcard.manager:com.samsung.ucs.agent.baiMobile notify status - 0
01-16 14:21:58.898 3633-3633/? D/UcmService: agentService status-0
01-16 14:21:58.898 3633-3633/? I/UcmService: checkIfNotify for cs Name = com.samsung.ucs.agent.ese:eSE Credential Storage Package name = com.samsung.ucs.agent.ese
01-16 14:21:58.898 3633-3633/? D/UcmService: notifying to managed plugin
01-16 14:21:58.898 3633-3633/? D/UcmService: checkIfNotify: Valid userid - 0
01-16 14:21:58.898 3633-3633/? D/PolicyManager: PolicyManager.isStorageEnabled() for userId = 0
01-16 14:21:58.898 3633-3633/? D/UniversalCredentialManagerService: checkCallerPermissionFor is called for method-isCredentialStorageManagedAsUser
01-16 14:21:58.898 3633-3633/? D/UniversalCredentialManagerService: isCredentialStorageManagedAsUser is called....
01-16 14:21:58.898 3633-3633/? D/PolicyManager: PolicyManager.isStorageEnabled() result = false
01-16 14:21:58.898 3633-3633/? D/UcmService: agentService com.samsung.ucs.agent.ese:eSE Credential Storage not notified
01-16 14:21:58.898 3633-3633/? D/UcmService: agentService status-0
01-16 14:21:58.898 3633-3633/? D/UniversalCredentialManagerService: ****MSG_LOCK_STATUS_UPDATE block ended****
01-16 14:21:58.928 3633-3633/? I/WifiTrafficPoller: evaluateTrafficStatsPolling
01-16 14:21:58.938 3204-3204/? I/tlc_communication: mcWaitNotification is completed;237
01-16 14:21:58.938 3204-3204/? I/TLC_BAUTH: Check the Trustlet return code is completed;1649
01-16 14:21:58.938 3204-3204/? D/bauth_FPBAuthService: check_opcode status = 5, opcode = 0, func_ret_val = 0, function_status = 0, timeout = 0
01-16 14:21:58.938 3204-3204/? I/TLC_BAUTH: Call FP cmd 0xc (47);1549
01-16 14:21:58.948 3204-3204/? I/TLC_BAUTH: reqUserID = User_0 | User_0;1602
01-16 14:21:58.948 3204-3204/? I/tlc_communication: Send Trustlet TCI Message;214
01-16 14:21:58.948 3204-3204/? I/tlc_communication: mcNotify is completed;224
01-16 14:21:58.948 3633-5037/? D/WifiStateMachine: handleScreenStateChanged, screen off, set scan interval as max value  !!!
01-16 14:21:58.948 3633-5037/? D/WifiNative-wlan0: callSECApiVoid - ID [19]
01-16 14:21:58.948 25412-25412/? I/wpa_supplicant: set PERIODIC_SCAN_INTERVAL_MAX to 128sec !!!
01-16 14:21:58.948 3633-3633/? D/NotificationService: ACTION_SCREEN_OFF
01-16 14:21:58.948 3633-3633/? D/NotificationService: Pickup - Found Missed Event
01-16 14:21:58.948 3633-3633/? D/MotionRecognitionManager:  [MOVEMENT_SERVICE] registerListener 
01-16 14:21:58.948 3633-3633/? E/SContext.CaeProvider: setAttribute() : attribute is null!
01-16 14:21:58.948 3633-5037/? E/WifiNative-wlan0: do suspend true
01-16 14:21:58.948 3633-3633/? W/CAE: registerCallback(ContextAwareService.java:144) - [regi 01] Mutex is locked for MOVEMENT
01-16 14:21:58.948 3633-3633/? V/CAE: start(ContextProvider.java:128)
01-16 14:21:58.958 3204-3204/? I/tlc_communication: mcWaitNotification is completed;237
01-16 14:21:58.958 3204-3204/? I/TLC_BAUTH: Check the Trustlet return code is completed;1649
01-16 14:21:58.958 3204-3204/? D/bauth_FPBAuthService: check_opcode status = 5, opcode = 0, func_ret_val = 0, function_status = 0, timeout = 0
01-16 14:21:58.958 3633-5626/? W/FingerprintService: startRequest[2] FP_FINISH (305ms) RESULT: 0
01-16 14:21:58.958 5228-5228/? V/KeyguardFingerPrint: updateFingerprintListeningState(false)
01-16 14:21:58.958 3633-3633/? V/CAE: clear(MovementRunner.java:126)
01-16 14:21:58.958 3633-3633/? V/CAE: enable(MovementRunner.java:102)
01-16 14:21:58.958 3633-3633/? I/CAE: sendCmdToSensorHub(SensorHubCommManager.java:162) - -79, 8, 0, 0,
01-16 14:21:58.958 3633-3633/? D/SensorHubManager: SendSensorHubData: send data = -79, 8, 0, 0
01-16 14:21:58.958 3186-8788/? D/Sensorhubs: sendContextData: -79, 8, 0, 0
01-16 14:21:58.958 5228-5228/? D/KeyguardFingerPrint: shouldListenForFingerprint ( mKeyguardIsVisible = false , mDeviceInteractive = false , mSwitchingUser = false , mGoingToSleep = false
01-16 14:21:58.958 5228-5228/? V/KeyguardUpdateMonitor: stopListeningForFingerprint()
01-16 14:21:58.958 3633-3633/? D/CAE: getFaultDetectionResult(MovementRunner.java:139) - true
01-16 14:21:58.958 3633-3633/? I/CAE: notifyCmdProcessResultObserver(ContextProvider.java:627) - CheckResult = 0, Cause = Success
01-16 14:21:58.978 3633-3633/? D/CAE: doCommendProcess(ContextAwareService.java:433) - complete notify the operation result.
01-16 14:21:58.978 3633-3633/? I/CAE: displayUsedCountForService(ContextAwareService.java:525) - totalCnt = 1, serviceCount = 1, subCollectionCount = 0
01-16 14:21:58.978 3633-3633/? D/CAE: showListenerList(ContextAwareService.java:366) - ===== Context Aware Service List =====
01-16 14:21:58.978 3633-3633/? I/CAE: showListenerList(ContextAwareService.java:375) - Listener : com.samsung.android.contextaware.manager.ContextAwareService$Listener@f90a7d, Service : ACTIVITY_TRACKER_CURRENT_INFO(1)
01-16 14:21:58.978 3633-3633/? I/CAE: showListenerList(ContextAwareService.java:375) - Listener : com.samsung.android.contextaware.manager.ContextAwareService$Listener@f90a7d, Service : ACTIVITY_TRACKER(1)
01-16 14:21:58.978 3633-3633/? I/CAE: showListenerList(ContextAwareService.java:375) - Listener : com.samsung.android.contextaware.manager.ContextAwareService$Listener@8bd4bb4, Service : PEDOMETER(1)
01-16 14:21:58.978 3633-3633/? I/CAE: showListenerList(ContextAwareService.java:375) - Listener : com.samsung.android.contextaware.manager.ContextAwareService$Listener@8bd4bb4, Service : PEDOMETER_CURRENT_INFO(1)
01-16 14:21:58.988 3633-3633/? I/CAE: showListenerList(ContextAwareService.java:375) - Listener : com.samsung.android.contextaware.manager.ContextAwareService$Listener@3a8d67b, Service : ACTIVITY_TRACKER_BATCH(1)
01-16 14:21:58.988 3633-3633/? I/CAE: showListenerList(ContextAwareService.java:375) - Listener : com.samsung.android.contextaware.manager.ContextAwareService$Listener@d622dba, Service : STEP_LEVEL_MONITOR(1)
01-16 14:21:58.988 3633-3633/? I/CAE: showListenerList(ContextAwareService.java:375) - Listener : com.samsung.android.contextaware.manager.ContextAwareService$Listener@88ca5df, Service : SENSOR_STATUS_CHECK_RUNNER(1)
01-16 14:21:58.988 3633-3633/? I/CAE: showListenerList(ContextAwareService.java:375) - Listener : com.samsung.android.contextaware.manager.ContextAwareService$Listener@cfd19d9, Service : ANY_MOTION_DETECTOR_RUNNER(1)
01-16 14:21:58.988 3633-3633/? I/CAE: showListenerList(ContextAwareService.java:375) - Listener : com.samsung.android.contextaware.manager.ContextAwareService$Listener@7cf47ab, Service : MOVEMENT(1)
01-16 14:21:58.988 3633-3633/? W/CAE: registerCallback(ContextAwareService.java:180) - [regi 02] Mutex is unlocked for MOVEMENT
01-16 14:21:58.988 3633-3633/? D/SContextService: 	.registerCallback : 6, client=
01-16 14:21:58.988 3633-3633/? D/SContextService: ===== SContext Service List =====
01-16 14:21:58.988 3633-3633/? D/SContextService: Listener : android.hardware.scontext.SContextService$Listener@3da2e0a, Service : Step Level Monitor
01-16 14:21:58.988 3633-3633/? D/SContextService: Listener : android.hardware.scontext.SContextService$Listener@3da2e0a, Service : Pedometer
01-16 14:21:58.988 3633-3633/? D/SContextService: Listener : android.hardware.scontext.SContextService$Listener@e5efc98, Service : Activity Batch
01-16 14:21:58.988 3633-3633/? D/SContextService: Listener : android.hardware.scontext.SContextService$Listener@7e6c22c, Service : Sensor Status Check
01-16 14:21:58.988 3633-3633/? D/SContextService: Listener : android.hardware.scontext.SContextService$Listener@c1c7a95, Service : Any Motion Detector
01-16 14:21:58.988 3633-3633/? D/NotificationService: Pickup - registerListener
01-16 14:21:58.988 3633-3633/? D/SContextService: Listener : android.hardware.scontext.SContextService$Listener@4b2481e, Service : Activity Tracker
01-16 14:21:58.988 3633-3633/? D/SContextService: Listener : android.hardware.scontext.SContextService$Listener@459ce08, Service : Movement
01-16 14:21:58.988 3633-3633/? D/LightsService: [api] [SvcLED] turnOff:: id = 6 (uid: 1000 pid: 3633) 
01-16 14:21:58.988 3633-3633/? D/SContextManager:   .registerListener : listener = com.samsung.android.motion.MotionRecognitionManager$1@d3704d1, service=Movement
01-16 14:21:58.988 3633-3633/? V/MotionRecognitionManager:   .registerListenerEvent : success. listener count = 0->1, motion_events=0,  
01-16 14:21:58.988 3633-3633/? D/LightsService: [SvcLED] setSvcLedStateLocked:: SvcLEDState : 0x0 -> 0x0 | SvcLED(id=6) set Off
01-16 14:21:58.988 3633-3633/? D/EdgeLight: Turning off
01-16 14:21:58.988 3633-3805/? D/LightsService: [SvcLED] handleForcedSvcLEDTask()
01-16 14:21:58.988 3633-3805/? D/LightsService: [SvcLED]  setSvcLedLightLocked :: Current SvcLED(id=5) maintains its priority right
01-16 14:21:59.008 3179-19138/? D/audio_hw_primary: adev_set_parameters: enter: kvpairs: screen_state=off
01-16 14:21:59.038 3633-3633/? I/MdnieScenarioControlService: action  :  android.intent.action.SCREEN_OFF
01-16 14:21:59.038 3633-3633/? I/FingerprintService: onReceive: android.intent.action.SCREEN_OFF
01-16 14:21:59.058 3633-3633/? I/BackgroundCompactionService: Schedule Type1 BGCompaction
01-16 14:21:59.068 3633-3633/? D/SContextService: unregisterCallback() : Listener = android.hardware.scontext.SContextService$Listener@4b2481e, Service = Activity Tracker, used = 0
01-16 14:21:59.068 3633-3633/? D/WifiService: ACTION_SCREEN_OFF, mSContextManager.unregisterListener !!
01-16 14:21:59.068 3633-5040/? D/WifiController: ApOrStaEnabledState  msg.what= 155651
01-16 14:21:59.068 3633-3633/? W/CAE: unregisterCallback(ContextAwareService.java:206) - [unregi 01] Mutex is locked for ACTIVITY_TRACKER
01-16 14:21:59.068 3633-3633/? V/CAE: stop(ContextProvider.java:155)
01-16 14:21:59.078 3633-3633/? V/CAE: clear(ActivityTrackerRunner.java:108)
01-16 14:21:59.078 3633-3633/? V/CAE: disable(ActivityTrackerRunner.java:96)
01-16 14:21:59.088 3633-3633/? I/CAE: sendCmdToSensorHub(SensorHubCommManager.java:162) - -78, 26, 0, 0, 0, 0, 0, 0, 0, 0,
01-16 14:21:59.088 3633-3633/? D/SensorHubManager: SendSensorHubData: send data = -78, 26, 0, 0, 0, 0, 0, 0, 0, 0
01-16 14:21:59.088 3186-3186/? D/Sensorhubs: sendContextData: -78, 26, 0, 0, 0, 0, 0, 0, 0, 0
01-16 14:21:59.088 3633-3633/? D/CAE: getFaultDetectionResult(ActivityTrackerRunner.java:154) - true
01-16 14:21:59.088 3633-3633/? I/CAE: notifyCmdProcessResultObserver(ContextProvider.java:627) - CheckResult = 0, Cause = Success
01-16 14:21:59.108 3633-3633/? D/CAE: doCommendProcess(ContextAwareService.java:433) - complete notify the operation result.
01-16 14:21:59.108 3633-3633/? I/CAE: displayUsedCountForService(ContextAwareService.java:525) - totalCnt = 0, serviceCount = 0, subCollectionCount = 0
01-16 14:21:59.108 3633-3633/? D/CAE: showListenerList(ContextAwareService.java:366) - ===== Context Aware Service List =====
01-16 14:21:59.108 3633-3633/? I/CAE: showListenerList(ContextAwareService.java:375) - Listener : com.samsung.android.contextaware.manager.ContextAwareService$Listener@f90a7d, Service : ACTIVITY_TRACKER_CURRENT_INFO(1)
01-16 14:21:59.108 3633-3633/? I/CAE: showListenerList(ContextAwareService.java:375) - Listener : com.samsung.android.contextaware.manager.ContextAwareService$Listener@8bd4bb4, Service : PEDOMETER(1)
01-16 14:21:59.108 3633-3633/? I/CAE: showListenerList(ContextAwareService.java:375) - Listener : com.samsung.android.contextaware.manager.ContextAwareService$Listener@8bd4bb4, Service : PEDOMETER_CURRENT_INFO(1)
01-16 14:21:59.108 3633-3633/? I/CAE: showListenerList(ContextAwareService.java:375) - Listener : com.samsung.android.contextaware.manager.ContextAwareService$Listener@3a8d67b, Service : ACTIVITY_TRACKER_BATCH(1)
01-16 14:21:59.108 3633-3633/? I/CAE: showListenerList(ContextAwareService.java:375) - Listener : com.samsung.android.contextaware.manager.ContextAwareService$Listener@d622dba, Service : STEP_LEVEL_MONITOR(1)
01-16 14:21:59.108 3633-3633/? I/CAE: showListenerList(ContextAwareService.java:375) - Listener : com.samsung.android.contextaware.manager.ContextAwareService$Listener@88ca5df, Service : SENSOR_STATUS_CHECK_RUNNER(1)
01-16 14:21:59.108 3633-3633/? I/CAE: showListenerList(ContextAwareService.java:375) - Listener : com.samsung.android.contextaware.manager.ContextAwareService$Listener@cfd19d9, Service : ANY_MOTION_DETECTOR_RUNNER(1)
01-16 14:21:59.118 3633-3633/? I/CAE: showListenerList(ContextAwareService.java:375) - Listener : com.samsung.android.contextaware.manager.ContextAwareService$Listener@7cf47ab, Service : MOVEMENT(1)
01-16 14:21:59.118 3633-3633/? W/CAE: unregisterCallback(ContextAwareService.java:241) - [unregi 02] Mutex is unlocked for ACTIVITY_TRACKER
01-16 14:21:59.118 3633-3633/? D/SContextService: 	.unregisterCallback : 6, client=
01-16 14:21:59.118 3633-3633/? D/SContextService: ===== SContext Service List =====
01-16 14:21:59.118 3633-3633/? D/SContextService: Listener : android.hardware.scontext.SContextService$Listener@3da2e0a, Service : Step Level Monitor
01-16 14:21:59.118 3633-3633/? D/SContextService: Listener : android.hardware.scontext.SContextService$Listener@3da2e0a, Service : Pedometer
01-16 14:21:59.118 3633-3633/? D/SContextService: Listener : android.hardware.scontext.SContextService$Listener@e5efc98, Service : Activity Batch
01-16 14:21:59.118 3633-3633/? D/SContextService: Listener : android.hardware.scontext.SContextService$Listener@7e6c22c, Service : Sensor Status Check
01-16 14:21:59.118 3633-3633/? D/SContextService: Listener : android.hardware.scontext.SContextService$Listener@c1c7a95, Service : Any Motion Detector
01-16 14:21:59.118 3633-3633/? D/SContextService: Listener : android.hardware.scontext.SContextService$Listener@459ce08, Service : Movement
01-16 14:21:59.118 3633-3633/? D/SContextManager:   .unregisterListener : listener = com.android.server.wifi.WifiServiceImpl$11@afa459, service=Activity Tracker
01-16 14:21:59.128 3633-3799/? D/IpRemoteDisplayController: intent received android.intent.action.SCREEN_OFF
01-16 14:21:59.128 3633-3799/? D/IpRemoteDisplayController: Bridge Server is not available
01-16 14:21:59.138 3633-3633/? D/NetworkPolicy: mScreenReceiver: ACTION_SCREEN_OFF, extra: 3
01-16 14:21:59.138 3633-5035/? D/NetworkPolicy: MSG_SCREEN_ON_CHANGED: 3
01-16 14:21:59.138 3633-5035/? D/NetworkPolicy: isUidForegroundLocked: 10006, mScreenOn: false, uidstate: 0, mProxSensorScreenOff: false
01-16 14:21:59.138 3633-5035/? D/NetworkPolicy: isUidForegroundLocked: 10018, mScreenOn: false, uidstate: 3, mProxSensorScreenOff: false
01-16 14:21:59.138 3633-5035/? D/NetworkPolicy: isUidForegroundLocked: 10061, mScreenOn: false, uidstate: 0, mProxSensorScreenOff: false
01-16 14:21:59.138 3633-5035/? D/NetworkPolicy: isUidForegroundLocked: 10067, mScreenOn: false, uidstate: 3, mProxSensorScreenOff: false
01-16 14:21:59.138 3633-5035/? D/NetworkPolicy: isUidForegroundLocked: 10182, mScreenOn: false, uidstate: 3, mProxSensorScreenOff: false
01-16 14:21:59.148 3633-3781/? D/GpsLocationProvider: receive broadcast intent, action: android.intent.action.SCREEN_OFF
01-16 14:21:59.148 3633-3781/? D/GpsLocationProvider: android_location_GpsLocationProvider_set_lcd_mode --> mode:0 ++
01-16 14:21:59.148 3633-3781/? D/libexercise: Exercise::setLcdMode mode=0 restoring=F
01-16 14:21:59.158 3194-3194/? D/gpsd: WakeLock(Acquire,GPSD)
01-16 14:21:59.168 5467-5467/? D/FusedLocationReceiver: BroadcastReceiver : ACTION_SCREEN_OFF
01-16 14:21:59.168 3194-3194/? D/gpsd: WakeLock(Release,GPSD)
01-16 14:21:59.188 5513-23256/? D/NfcService: call the applyRouting
01-16 14:21:59.208 5228-5411/? D/NetworkController.MobileSignalController(0/1): onDataActivity: direction=0
01-16 14:21:59.208 5812-5812/? D/Launcher.Workspace: exitWidgetResizeMode. isClearResizeFrame is false
01-16 14:21:59.228 6150-6150/? D/BtGatt.GattService: LCD turned off
01-16 14:21:59.228 6150-6389/? D/BtGatt.ScanManager: handleLcdOffIntent
01-16 14:21:59.228 6150-6389/? D/BtGatt.ScanManager: handleLcdOffIntent : thresholdScanValue is = 10 mLastConfiguredScanValue =1
01-16 14:21:59.258 23109-23109/? W/sRaw2ChargeMasterDetect: OpLog is not well initiated!!! Current pid=23109
01-16 14:21:59.258 23109-23109/? W/sRaw2ChargeMasterDetect: OpLog is not well initiated!!! Current pid=23109
01-16 14:21:59.298 3633-3782/? V/BroadcastQueue: [background] Process cur broadcast BroadcastRecord{3b267c6 u0 com.google.android.apps.gsa.search.core.location.ACTIVITY_DETECTION qIdx=4}, state= (APP_RECEIVE) DELIVERED for app ProcessRecord{a09d8f3 28708:com.google.android.googlequicksearchbox:search/u0a67}
01-16 14:21:59.308 5643-5643/? I/DeviceScanner: [MDNS] Screen is OFF
01-16 14:21:59.318 5643-5643/? I/DeviceScanner: [CastNearby] Screen is OFF
01-16 14:21:59.318 5643-18036/? W/MdnsClient_Cast: Multicast lock held. Releasing. Subtypes:"%9E5E7C8F47989526C9BCD95D24084F6F0B27C5ED,805741C9"
01-16 14:21:59.328 5643-18036/? W/MdnsClient: unicast receiver thread is already dead.
01-16 14:21:59.358 3633-8576/? D/SSRM:u: SIOP:: AP = 300, PST = 300 (W:10), CP = 249, LCD = 0
01-16 14:21:59.378 3633-8576/? D/ConnectivityService: returning getNetworkInfo for network type 1 : [type: WIFI[] - WIFI, state: CONNECTED/CONNECTED, reason: (unspecified), extra: "Balto", roaming: false, failover: false, isAvailable: true]
01-16 14:21:59.378 5300-5300/? D/Recents: onTaskStackChanged
01-16 14:21:59.408 3633-3633/? I/SurveyLogManager: mDeviceInfo.mScreen = false
01-16 14:21:59.408 8884-8884/? D/Receiver_Screen: ACTION_SCREEN_OFF
01-16 14:21:59.428 9362-9401/? D/qconnect[4.0.7176196.0][40]: BleHelper.MSG_INTENT_LCD_OFF - SCREEN_OFF when user = 0
01-16 14:21:59.438 9362-9401/? D/qconnect[4.0.7176196.0][40]: PermissionUtil.hasPermission - android.permission.ACCESS_FINE_LOCATION: true
01-16 14:21:59.438 9362-9401/? I/qconnect[4.0.7176196.0][40]: BleHelper.shouldScanBleBg - KEY_ALLOW_TO_CONNECT == true
01-16 14:21:59.438 9362-9401/? D/qconnect[4.0.7176196.0][40]: BleHelper.startScan - [shouldScanBleBg]true || [shouldScanBleFg]false
01-16 14:21:59.438 9362-9401/? D/qconnect[4.0.7176196.0][40]: BleHelper.startScan - old:2-> new:0
01-16 14:21:59.438 9362-9401/? I/qconnect[4.0.7176196.0][40]: BleHelper.stopLeScan - call BleScanner.stopScan()
01-16 14:21:59.458 9362-9401/? D/BluetoothAdapter: STATE_BLE_ON
01-16 14:21:59.468 9362-9401/? D/BluetoothAdapter: appoCount is = 0
01-16 14:21:59.468 9362-9401/? D/BluetoothAdapter: STATE_BLE_ON
01-16 14:21:59.468 9362-9401/? D/BluetoothLeScanner: Stop Scan
01-16 14:21:59.478 3633-3633/? D/GlobalActions: mBroadcastReceiver : onReceive : android.intent.action.SCREEN_OFF
01-16 14:21:59.478 3633-3633/? D/GlobalActions: mBroadcastReceiver : onReceive : sendEmptyMessage(MESSAGE_DISMISS) reason #1
01-16 14:21:59.498 3633-5032/? V/AlarmManager:  remove PendingIntent] PendingIntent{7b8b387: PendingIntentRecord{1c1c2b4 com.google.android.gms broadcastIntent}}
01-16 14:21:59.498 3633-25334/? I/BatteryStatsDumper: In refreshStats isReason Screen ON/OFF: true
01-16 14:21:59.498 6150-9421/? D/BtGatt.GattService: [GSIM LOG]: getCallingProcessName: com.samsung.android.qconnect:QcBgService
01-16 14:21:59.498 6150-9421/? D/BtGatt.GattService: [GSIM LOG]: getCallingProcessName: com.samsung.android.qconnect
01-16 14:21:59.498 3633-25334/? D/BluetoothAdapter: STATE_BLE_ON
01-16 14:21:59.508 6150-6398/? E/BtGatt.GattService: [GSIM LOG]: gsimLogHandler: com.samsung.android.qconnect, msg: MESSAGE_STOP_SCAN
01-16 14:21:59.508 6150-6398/? D/BtGatt.GattService: [GSIM LOG]: gsimLogHandler: prevDate: 16, currDate: 16
01-16 14:21:59.508 6150-6398/? D/BtGatt.GattService: [GSIM LOG]: updateScanTime: 2
01-16 14:21:59.508 6150-9421/? D/BtGatt.GattService: stopScan() - queue size =1
01-16 14:21:59.508 6150-6389/? D/BtGatt.ScanManager: stop scan
01-16 14:21:59.508 6150-6389/? D/BtGatt.ScanManager: filter size is 1
01-16 14:21:59.508 6150-6389/? D/BtGatt.ScanManager: delete FilterIndex - 28
01-16 14:21:59.518 6150-6183/? D/BtGatt.GattService: unregisterClient() - clientIf=5
01-16 14:21:59.518 5643-5643/? I/CastMediaRouteProvider: in onDiscoveryRequestChanged: request=DiscoveryRequest{ selector=MediaRouteSelector{ controlCategories=[com.google.android.gms.cast.CATEGORY_CAST/805741C9] }, activeScan=false, isValid=true }
01-16 14:21:59.528 3633-5261/? V/AlarmManager:  remove PendingIntent] PendingIntent{40aeedd: PendingIntentRecord{5f9b44a com.android.bluetooth broadcastIntent}}
01-16 14:21:59.528 6150-6398/? D/BtGatt.GattService: [GSIM LOG]: com.samsung.android.qconnect@Custom, R time : 859 => 861
01-16 14:21:59.528 9362-9401/? D/qconnect[4.0.7176196.0][40]: BleHelper.stopLeScan - call BleScanner.stopScan() complete
01-16 14:21:59.538 6150-6398/? D/BtGatt.GattService: [GSIM LOG]: com.samsung.android.qconnect@Custom, A time : 859 => 861
01-16 14:21:59.538 6150-6398/? D/BtGatt.GattService: [GSIM LOG]: remove : com.samsung.android.qconnect at  BLE_SCAN_ACTUAL_DB
01-16 14:21:59.538 6150-6398/? D/BtGatt.GattService: [GSIM LOG]: remove : com.samsung.android.qconnect at  BLE_SCAN_REQUESTED_DB
01-16 14:21:59.538 3633-25334/? D/BatteryStatsImpl: poolsize= 1, curBatteryRealtime= 4366000, mUpdateTime= 65995101000, mTimeout= 0, mNesting= 0, mTotalTime= 0
01-16 14:21:59.578 6150-6366/? D/BtGatt.GattService: onScanFilterParamsConfigured() - clientIf=5, status=0, action=1, availableSpace=32
01-16 14:21:59.578 6150-6366/? D/BtGatt.ScanManager: callback done for clientIf - 5 status - 0
01-16 14:21:59.578 6150-6389/? D/BtGatt.ScanManager: configureRegularScanParams() - queue=0
01-16 14:21:59.578 6150-6389/? D/BtGatt.ScanManager: configureRegularScanParams() - ScanSetting Scan mode=-2147483648 mLastConfiguredScanSetting=100
01-16 14:21:59.578 6150-6389/? D/BtGatt.ScanManager: configureRegularScanParams() - queue emtpy, scan stopped
01-16 14:21:59.588 3633-25334/? D/BatteryStatsImpl: poolsize= 1, curBatteryRealtime= 4366000, mUpdateTime= 65995101000, mTimeout= 0, mNesting= 0, mTotalTime= 0
01-16 14:21:59.598 3633-25334/? I/BatteryStatsDumper: Previous Battery Level: 100 Current Level: 100 Delta: 0
01-16 14:21:59.618 3633-5261/? V/AlarmManager:  remove PendingIntent] PendingIntent{95d3a52: PendingIntentRecord{5f9b44a com.android.bluetooth broadcastIntent}}
01-16 14:21:59.628 9362-9401/? I/qconnect[4.0.7176196.0][40]: BleHelper.startScan - add mScanFilter_LCD_OFF
01-16 14:21:59.628 9362-9401/? D/qconnect[4.0.7176196.0][40]: BleHelper.getMyScanPreferences - set Background Scan
01-16 14:21:59.628 9362-9401/? D/BluetoothLeScanner: Start Scan
01-16 14:21:59.638 9362-9401/? D/BluetoothAdapter: STATE_BLE_ON
01-16 14:21:59.638 9362-9401/? D/BluetoothAdapter: appoCount is = 0
01-16 14:21:59.638 9362-9401/? D/BluetoothAdapter: STATE_BLE_ON
01-16 14:21:59.638 9362-9401/? D/BluetoothAdapter: STATE_BLE_ON
01-16 14:21:59.638 9362-9401/? D/BluetoothAdapter: STATE_BLE_ON
01-16 14:21:59.638 9362-9401/? D/BluetoothAdapter: appoCount is = 0
01-16 14:21:59.648 6150-6171/? D/BtGatt.GattService: registerClient() - UUID=06b99c85-dc2e-4f3b-907f-ae4609e5930a
01-16 14:21:59.648 3633-5601/? V/AlarmManager:  remove PendingIntent] PendingIntent{1e30123: PendingIntentRecord{5f9b44a com.android.bluetooth broadcastIntent}}
01-16 14:21:59.668 3633-3655/? V/AlarmManager:  remove PendingIntent] PendingIntent{c125620: PendingIntentRecord{5f9b44a com.android.bluetooth broadcastIntent}}
01-16 14:21:59.688 6150-6366/? D/BtGatt.GattService: onClientRegistered() - UUID=06b99c85-dc2e-4f3b-907f-ae4609e5930a, clientIf=5
01-16 14:21:59.698 9362-9373/? D/BluetoothLeScanner: onClientRegistered() - status=0 clientIf=5
01-16 14:21:59.698 6150-9421/? D/BtGatt.GattService: start scan with filters
01-16 14:21:59.698 6150-9421/? D/BluetoothAdapter: STATE_BLE_ON
01-16 14:21:59.698 6150-9421/? D/BluetoothAdapter: appoCount is = 0
01-16 14:21:59.698 6150-9421/? D/BluetoothAdapter: STATE_BLE_ON
01-16 14:21:59.698 6150-9421/? D/BtGatt.GattService: getScanSettings
01-16 14:21:59.708 6150-9421/? D/BtGatt.GattService: Is it foreground application = false
01-16 14:21:59.708 6150-9421/? D/BtGatt.GattService: Its a background application running with Low Power scan mode
01-16 14:21:59.708 3633-3655/? V/AlarmManager:  remove PendingIntent] PendingIntent{6cc9bd9: PendingIntentRecord{5f9b44a com.android.bluetooth broadcastIntent}}
01-16 14:21:59.708 6150-9421/? D/BtGatt.GattService: [GSIM LOG]: getActualScanMode (100/1 vs -2147483648/0)
01-16 14:21:59.728 6150-9421/? D/BtGatt.GattService: [GSIM LOG]: getCallingProcessName: com.samsung.android.qconnect:QcBgService
01-16 14:21:59.728 6150-9421/? D/BtGatt.GattService: [GSIM LOG]: getCallingProcessName: com.samsung.android.qconnect
01-16 14:21:59.728 6150-6398/? E/BtGatt.GattService: [GSIM LOG]: gsimLogHandler: com.samsung.android.qconnect, msg: MESSAGE_START_SCAN
01-16 14:21:59.728 6150-6398/? D/BtGatt.GattService: [GSIM LOG]: gsimLogHandler: prevDate: 16, currDate: 16
01-16 14:21:59.728 9362-9401/? D/qconnect[4.0.7176196.0][40]: BleHelper.startScan - call BleScanner.startScan() complete
01-16 14:21:59.728 6150-6389/? D/BtGatt.ScanManager: handling starting scan
01-16 14:21:59.728 6150-6389/? D/BluetoothAdapter: STATE_BLE_ON
01-16 14:21:59.728 6150-6389/? D/BluetoothAdapter: STATE_BLE_ON
01-16 14:21:59.738 6150-6389/? D/BluetoothAdapter: appoCount is = 0
01-16 14:21:59.738 6150-6389/? D/BluetoothAdapter: STATE_BLE_ON
01-16 14:21:59.738 6150-6389/? D/BluetoothAdapter: STATE_BLE_ON
01-16 14:21:59.738 6150-6389/? D/BluetoothAdapter: appoCount is = 0
01-16 14:21:59.738 6150-6398/? D/BtGatt.GattService: [GSIM LOG]: increaseScanCount : com.samsung.android.qconnect : 61
01-16 14:21:59.738 6150-6398/? D/BtGatt.GattService: [GSIM LOG]: increaseScanCount : com.samsung.android.qconnect, com.samsung.android.qconnect
01-16 14:21:59.738 6150-6389/? D/BluetoothAdapter: STATE_BLE_ON
01-16 14:21:59.738 6150-6389/? D/BluetoothAdapter: STATE_BLE_ON
01-16 14:21:59.738 6150-6389/? D/BluetoothAdapter: appoCount is = 0
01-16 14:21:59.748 6150-6366/? D/BtGatt.GattService: onScanFilterEnableDisabled() - clientIf=5, status=0, action=1
