01-16 14:20:57.858 5228-5228/? D/AirplaneModeTile: onReceive : android.intent.action.CLOSE_SYSTEM_DIALOGS
01-16 14:20:57.858 5228-5228/? D/HotspotTile: onReceive : android.intent.action.CLOSE_SYSTEM_DIALOGS
01-16 14:20:57.858 5228-5228/? D/AodTile: onReceive : android.intent.action.CLOSE_SYSTEM_DIALOGS
01-16 14:20:57.858 5228-5228/? D/PhoneStatusBar: animateCollapsePanels, state: 0, QSexpanded: false, QSdetailsShowing: false
01-16 14:20:57.858 5228-5228/? D/PhoneStatusBar: animateCollapse(): mExpandedVisible=false flags=0
01-16 14:20:57.858 5228-5228/? D/StatusBar-Window: fnf=true sanc=false, kni=false, sbf=false
01-16 14:20:57.858 5228-5228/? D/CoverUI: applyFocusableFlag() : Remove SAMSUNG_FLAG_SVIEW_COVER
01-16 14:20:57.858 5228-5228/? D/StatusBarWindowManager: forceCollapsed : false isKeyguardShowingAndNotOccluded() : false panelVisible : false keyguardFadingAway : false bouncerShowing : false headsUpShowing : false
01-16 14:20:57.858 5228-5228/? D/CoverUI: applyHeight h = 96, oc = false, fa = false, ac = false, sc = false
01-16 14:20:57.858 5228-5228/? D/PanelView: updateQsState
01-16 14:20:57.868 5228-5228/? D/KeyguardSwipeHelper: reset()
01-16 14:20:57.868 5228-5228/? D/KeyguardUnlockEventHandler: reset()
01-16 14:20:57.868 5228-5228/? D/KeyguardSwipeHelper: resetChildViewVI()
01-16 14:20:57.868 5228-5252/? D/WallpaperService: resized:[frame]Rect(0, 0 - 1440, 2560) [newConfig] is null
01-16 14:20:57.888 3633-3782/? V/BroadcastQueue: [background] Process cur broadcast BroadcastRecord{cbbffbc u-1 com.samsung.settings.action.directaccess.CLOSE_DIALOG qIdx=4}, state= (APP_RECEIVE) DELIVERED for app ProcessRecord{842215 24441:com.samsung.android.SettingsReceiver/1000}
01-16 14:20:57.888 5300-5300/? D/Recents: handleProxyCall type=3
01-16 14:20:57.888 5228-5228/? D/WallpaperService: MSG_WINDOW_RESIZED
01-16 14:20:57.888 5228-5228/? D/Recents: handleProxyCall type=3
01-16 14:20:57.888 5228-5228/? D/WallpaperService: updateSurface:[forceRelayout]true[redrawNeeded]false
01-16 14:20:57.888 5228-5228/? V/WallpaperService: Changes: creating=false format=false size=false
01-16 14:20:57.888 5228-5228/? V/WallpaperService: currentWidth:1440 currentHeight:2560 requestedWidth:1440 requestedWidth:2560
01-16 14:20:57.898 5300-5300/? D/Recents: handleProxyCall type=3
01-16 14:20:57.898 5228-6874/? D/WallpaperService: resized:[frame]Rect(0, 0 - 1440, 2560) [newConfig] is null
01-16 14:20:57.898 5228-5228/? V/WallpaperService: relayout result: Surface(name=null)/@0x856795d, frame=Rect(0, 0 - 1440, 2560),relayoutResult:1, mConfiguration{0 1.0 themeSeq = 0 showBtnBg = -1 ?mcc?mnc en_US ?layoutDir ?swdp ?wdp ?hdp ?density ?lsize ?long ?orien ?uimode ?night ?touch ?keyb/?/? ?nav/? mkbd/?}
01-16 14:20:57.898 5228-5228/? V/WallpaperService: Wallpaper size has changed: (1440, 2560)
01-16 14:20:57.898 5228-5228/? D/WallpaperService: MSG_WINDOW_RESIZED
01-16 14:20:57.898 5228-5228/? D/WallpaperService: updateSurface:[forceRelayout]true[redrawNeeded]false
01-16 14:20:57.898 5228-5228/? V/WallpaperService: Changes: creating=false format=false size=false
01-16 14:20:57.898 5228-5228/? V/WallpaperService: currentWidth:1440 currentHeight:2560 requestedWidth:1440 requestedWidth:2560
01-16 14:20:57.908 5228-5228/? V/WallpaperService: relayout result: Surface(name=null)/@0x856795d, frame=Rect(0, 0 - 1440, 2560),relayoutResult:1, mConfiguration{0 1.0 themeSeq = 0 showBtnBg = -1 ?mcc?mnc en_US ?layoutDir ?swdp ?wdp ?hdp ?density ?lsize ?long ?orien ?uimode ?night ?touch ?keyb/?/? ?nav/? mkbd/?}
01-16 14:20:57.908 5228-5228/? V/WallpaperService: Wallpaper size has changed: (1440, 2560)
01-16 14:20:57.908 5300-5300/? D/Recents_RecentsActivity: dismissRecentsToHomeRaw, animated=true
01-16 14:20:57.908 5300-5300/? D/Recents_RecentsActivity: FinishRecentsRunnable run
01-16 14:20:57.928 3633-5335/? D/VirtualScreenPolicy: applyVirtualScreenAttrs attrs=VirtualScreenAttrs{mDisplayId=0, mBaseDisplayId=0, mBaseActivity=false}
01-16 14:20:57.928 3633-5335/? D/GameManagerService: identifyGamePackage. com.sec.android.app.launcher
01-16 14:20:57.928 3633-5335/? D/MultiWindowPolicy: Gamemode - return 0,  when calling  identifyForegroundApp(com.sec.android.app.launcher)
01-16 14:20:57.928 3633-5335/? D/CustomFrequencyManagerService: acquireDVFSLockLocked : type : DVFS_MIN_LIMIT  frequency : 1872000  uid : 1000  pid : 3633  pkgName : ACTIVITY_RESUME_BOOSTER@4
01-16 14:20:57.928 3633-5335/? D/ActivityManager: mDVFSHelper.acquire()
01-16 14:20:57.928 3633-5335/? D/InputDispatcher: Focused application set to: xxxx
01-16 14:20:57.928 3633-5335/? D/InputDispatcher: Focus left window: 5300
01-16 14:20:57.938 3633-3799/? D/PointerIcon: setMouseIconStyle1 pointerType: 1001 iconType:101 flag:0 pid:3633 uid:1000
01-16 14:20:57.938 3633-3799/? D/PointerIcon: setMouseCustomIcon IconType is same.101
01-16 14:20:57.938 5300-5300/? D/ScoverManager: unregisterListener
01-16 14:20:57.938 5300-5300/? D/Recents_RecentsActivity: onPause
01-16 14:20:57.938 3633-5631/? D/CoverManagerWhiteLists: isAllowedToUse : SIGNATURE_MATCH
01-16 14:20:57.938 3633-5627/? D/CoverManagerWhiteLists: isAllowedToUse : SIGNATURE_MATCH
01-16 14:20:57.938 3633-5627/? D/CoverManager.StateNotifier: unregisterCallback : binder = android.os.BinderProxy@9888dcf, pid : 5300, uid : 10061
01-16 14:20:57.948 3633-6253/? V/WindowOrientationListener: setCurrentAppOrientation :1
01-16 14:20:57.948 3633-6253/? V/WindowOrientationListener: OrientationSensorJudge.getProposedRotation, Rotation: -1
01-16 14:20:57.948 3633-6253/? V/WindowManager: rotationForOrientationLw(orient=1, last=0); user=0  sensorRotation=-1 mLidState=-1 mDockMode=0 mHdmiPlugged=false mMobileKeyboardEnabled=false displayId=0
01-16 14:20:57.948 3633-6253/? V/WindowOrientationListener: OrientationSensorJudge.getProposedRotation, Rotation: -1
01-16 14:20:57.948 3633-3633/? D/GameManagerService: NotifyRunnable. pkg: com.sec.android.app.launcher, type: 4, isMinimized: false, isTunableApp: false
01-16 14:20:57.948 22004-22004/? W/ContextImpl: Calling a method in the system process without a qualified user: android.app.ContextImpl.bindService:1394 android.content.ContextWrapper.bindService:632 com.samsung.android.sm.opt.storage.y.handleMessage:50 android.os.Handler.dispatchMessage:102 android.os.Looper.loop:158 
01-16 14:20:57.958 3633-3782/? V/MARsPolicyManager: updatePackagesScore PackageInfo name -- com.sec.android.app.launcher
01-16 14:20:57.958 3633-3783/? W/ContextImpl: Calling a method in the system process without a qualified user: android.app.ContextImpl.sendBroadcast:830 com.android.server.policy.PhoneWindowManager.notifyToSSRM:8624 com.android.server.policy.PhoneWindowManager.access$1500:305 com.android.server.policy.PhoneWindowManager$PolicyHandler.handleMessage:1215 android.os.Handler.dispatchMessage:102 
01-16 14:20:57.958 25026-25026/? I/IPService: [IPService] onPauseservice () called 
01-16 14:20:57.958 3633-8576/? D/GameManagerService: identifyGamePackage. com.sec.android.app.launcher
01-16 14:20:57.958 5228-10496/? D/WallpaperService: resized:[frame]Rect(0, 0 - 1440, 2560) [newConfig] is null
01-16 14:20:57.958 5228-5228/? D/WallpaperService: MSG_WINDOW_RESIZED
01-16 14:20:57.958 5228-5228/? D/WallpaperService: updateSurface:[forceRelayout]true[redrawNeeded]false
01-16 14:20:57.958 5228-5228/? V/WallpaperService: Changes: creating=false format=false size=false
01-16 14:20:57.958 5228-5228/? V/WallpaperService: currentWidth:1440 currentHeight:2560 requestedWidth:1440 requestedWidth:2560
01-16 14:20:57.958 3021-3939/? I/SurfaceFlinger: Modify Choreographer's phase offset to 6666666
01-16 14:20:57.958 5812-5812/? D/Launcher: onNewIntent()
01-16 14:20:57.958 5812-5812/? D/Launcher: onNewIntent mPendingIntent is null startingSetting is false!!
01-16 14:20:57.958 22004-22004/? W/ContextImpl: Calling a method in the system process without a qualified user: android.app.ContextImpl.sendBroadcast:830 android.content.ContextWrapper.sendBroadcast:410 com.samsung.android.sm.widgetapp.d.a:133 com.samsung.android.sm.opt.storage.y.handleMessage:57 android.os.Handler.dispatchMessage:102 
01-16 14:20:57.958 5812-5812/? D/Launcher.HomeView: performOnHomePressed
01-16 14:20:57.958 5812-5812/? D/HomeScreenOptionMenu: onHomePressed() : false
01-16 14:20:57.958 5812-5812/? D/Launcher.Workspace: exitWidgetResizeMode. isClearResizeFrame is false
01-16 14:20:57.958 5812-5812/? D/Launcher: onRestart, Launcher: 68553536
01-16 14:20:57.968 3021-3029/? I/SurfaceFlinger: Modify SurfaceFlinger's phase offset to 6666666
01-16 14:20:57.968 3633-8576/? D/GameManagerService: identifyGamePackage. com.sec.android.app.launcher
01-16 14:20:57.968 5812-5812/? W/ResourcesManager: getTopLevelResources: /system/app/ClockPackage_M/ClockPackage_M.apk / 1.0 running in com.sec.android.app.launcher rsrc of package com.sec.android.app.clockpackage
01-16 14:20:57.968 5228-5228/? V/WallpaperService: relayout result: Surface(name=null)/@0x856795d, frame=Rect(0, 0 - 1440, 2560),relayoutResult:1, mConfiguration{0 1.0 themeSeq = 0 showBtnBg = -1 ?mcc?mnc en_US ?layoutDir ?swdp ?wdp ?hdp ?density ?lsize ?long ?orien ?uimode ?night ?touch ?keyb/?/? ?nav/? mkbd/?}
01-16 14:20:57.968 5228-5228/? V/WallpaperService: Wallpaper size has changed: (1440, 2560)
01-16 14:20:57.968 3633-3782/? V/BroadcastQueue: [background] Process cur broadcast BroadcastRecord{9275ba8 u0 com.samsung.android.sm.widget.UPDATE_DATA_WIDGET qIdx=4}, state= (APP_RECEIVE) DELIVERED for app ProcessRecord{d20e4f2 24054:com.samsung.android.sm/1000}
01-16 14:20:57.968 5812-5812/? D/ResourcesManager: For user 0 new overlays fetched Null
01-16 14:20:57.968 24054-24054/? D/VolumeInfo: VolumeInfo from Parcel: id private ,type 1 ,disk null
01-16 14:20:57.968 24054-24054/? D/VolumeInfo: VolumeInfo from Parcel: id public:179,1 ,type 0 ,disk DiskInfo{disk:179,0}:
                                                   flags=SD size=64021856256 label= 
                                                   sysPath=/sys//devices/15740000.dwmmc2/mmc_host/mmc0/mmc0:0001/block/mmcblk0 
01-16 14:20:57.968 24054-24054/? D/VolumeInfo: VolumeInfo from Parcel: id emulated ,type 2 ,disk null
01-16 14:20:57.968 24054-24054/? D/VolumeInfo: VolumeInfo from Parcel: id privatemode ,type 0 ,disk null
01-16 14:20:57.978 5812-5812/? D/ApplicationPackageManager: we has com.sec.android.app.clockpackage class. reuse it 
01-16 14:20:57.978 5812-5812/? W/ResourcesManager: getTopLevelResources: /system/app/ClockPackage_M/ClockPackage_M.apk / 1.0 running in com.sec.android.app.launcher rsrc of package com.sec.android.app.clockpackage
01-16 14:20:57.978 24054-24054/? D/VolumeInfo: VolumeInfo from Parcel: id private ,type 1 ,disk null
01-16 14:20:57.978 24054-24054/? D/VolumeInfo: VolumeInfo from Parcel: id public:179,1 ,type 0 ,disk DiskInfo{disk:179,0}:
                                                   flags=SD size=64021856256 label= 
                                                   sysPath=/sys//devices/15740000.dwmmc2/mmc_host/mmc0/mmc0:0001/block/mmcblk0 
01-16 14:20:57.978 24054-24054/? D/VolumeInfo: VolumeInfo from Parcel: id emulated ,type 2 ,disk null
01-16 14:20:57.978 24054-24054/? D/VolumeInfo: VolumeInfo from Parcel: id privatemode ,type 0 ,disk null
01-16 14:20:57.978 3633-8576/? D/ConnectivityService: returning getNetworkInfo for network type 1 : [type: WIFI[] - WIFI, state: CONNECTED/CONNECTED, reason: (unspecified), extra: "Balto", roaming: false, failover: false, isAvailable: true]
01-16 14:20:57.978 3633-8576/? D/GameManagerService: identifyGamePackage. com.sec.android.app.launcher
01-16 14:20:57.998 5812-5812/? W/ResourcesManager: getTopLevelResources: /system/app/SPlanner_M/SPlanner_M.apk / 1.0 running in com.sec.android.app.launcher rsrc of package com.android.calendar
01-16 14:20:57.998 5812-5812/? D/ResourcesManager: For user 0 new overlays fetched Null
01-16 14:20:58.008 5812-5812/? D/ApplicationPackageManager: we has com.android.calendar class. reuse it 
01-16 14:20:58.008 5812-5812/? W/ResourcesManager: getTopLevelResources: /system/app/SPlanner_M/SPlanner_M.apk / 1.0 running in com.sec.android.app.launcher rsrc of package com.android.calendar
01-16 14:20:58.008 5812-5812/? D/Minikin: FontFamily bestFont == NULL, so return vacant FakedFont
01-16 14:20:58.008 5812-5812/? D/Minikin: FontFamily bestFont == NULL, so return vacant FakedFont
01-16 14:20:58.008 5812-5812/? D/Minikin: FontFamily bestFont == NULL, so return vacant FakedFont
01-16 14:20:58.018 5812-5812/? D/Launcher: onStart, Launcher: 68553536
01-16 14:20:58.018 5812-5812/? D/Launcher.HomeView: onStart
01-16 14:20:58.018 5812-5812/? D/Launcher: onResume, Launcher: 68553536
01-16 14:20:58.018 3633-5261/? D/SettingsProvider: isChangeAllowed() : name = kids_home_mode
01-16 14:20:58.018 3633-5261/? D/SettingsProvider: edmUri: content://com.sec.knox.provider/RestrictionPolicy3
01-16 14:20:58.018 3633-5261/? D/SecContentProvider: query(), uri = 17 selection = isSettingsChangesAllowed
01-16 14:20:58.018 3633-5261/? D/SettingsProvider: projectionArgs: isSettingsChangesAllowed
01-16 14:20:58.018 3633-5261/? D/SettingsProvider: selectionArgs: false
01-16 14:20:58.018 3633-5261/? D/SettingsProvider: selectionArgs: 10064
01-16 14:20:58.018 3633-5261/? D/SettingsProvider: ret = -1
01-16 14:20:58.018 5812-5812/? D/Launcher.HomeView: onResume
01-16 14:20:58.018 5812-5812/? D/capture: ---------checkFileExist land
01-16 14:20:58.018 5812-5812/? D/MenuAppsGridFragment: onResume
01-16 14:20:58.018 5812-5812/? D/MenuAppsGridFragment: changeState: (new)NORMAL(old)NORMAL(force)false
01-16 14:20:58.018 5812-5812/? D/Launcher.MenuAppsGrid: updateGridSize:GRID_5x5 cellWidth:288  cellHeight:432
01-16 14:20:58.038 3633-5335/? D/ActivityManager: post active user change for 0 fullscreen true isFloatingActivity() false isHomeActivity() true
01-16 14:20:58.038 3633-5335/? I/WallpaperManagerService: switchPersonaWallpaper is called for personaId-0
01-16 14:20:58.038 3633-5335/? D/KnoxTimeoutHandler: post home show event for user 0
01-16 14:20:58.038 3633-3633/? D/WallpaperManagerService:  force update = false; persona id = 0; current user =0; current persona = 0
01-16 14:20:58.038 3633-3633/? D/KnoxTimeoutHandler: handleHomeShow for 0 and current 0
01-16 14:20:58.038 3633-5335/? D/KnoxTimeoutHandler: postActiveUserChange [MsgParam] userId: 0 fullscreen is true showWhenlocked is false
01-16 14:20:58.038 3633-3633/? D/KnoxTimeoutHandler: handleActiveUserChange [MsgParam] userId: 0 fullscreen is true showWhenlocked is false
01-16 14:20:58.038 3633-3633/? I/KnoxTimeoutHandler: Shared devices show user statefalse
01-16 14:20:58.038 5812-5812/? V/LauncherAppWidgetHostView: calculateWidgetSize: (target widgetsize)  using w/h 824 352 span 3 1 (widgetid 31) [current Gridsize : GRID_5x5]
01-16 14:20:58.038 5812-5812/? D/LauncherAppWidgetHostView: calculateWidgetSize() widget = Google Play Music(widget id = 31) result hostview size = 1030 x 440
01-16 14:20:58.038 5812-5812/? D/LauncherAppWidgetHostView: setResizeScaleResult() 1030/ 440 scaleToResize = 0.8(widget id = 31)
01-16 14:20:58.038 5812-5812/? V/LauncherAppWidgetHostView: calculateWidgetSize: (target widgetsize)  using w/h 1100 352 span 4 1 (widgetid 33) [current Gridsize : GRID_5x5]
01-16 14:20:58.038 5812-5812/? D/LauncherAppWidgetHostView: calculateWidgetSize() widget = 4 x 1 MORECAST Advanced(widget id = 33) result hostview size = 1375 x 440
01-16 14:20:58.038 5812-5812/? D/LauncherAppWidgetHostView: setResizeScaleResult() 1375/ 440 scaleToResize = 0.8(widget id = 33)
01-16 14:20:58.038 5812-5812/? V/LauncherAppWidgetHostView: calculateWidgetSize: (target widgetsize)  using w/h 1376 352 span 5 1 (widgetid 35) [current Gridsize : GRID_5x5]
01-16 14:20:58.038 5812-5812/? D/LauncherAppWidgetHostView: calculateWidgetSize() widget = Weather and Clock(widget id = 35) result hostview size = 1720 x 440
01-16 14:20:58.038 5812-5812/? D/LauncherAppWidgetHostView: setResizeScaleResult() 1720/ 440 scaleToResize = 0.8(widget id = 35)
01-16 14:20:58.038 3021-3021/? I/SurfaceFlinger: id=4833 createSurf (1440x2560),1 flag=4, MauncherAct
01-16 14:20:58.038 3633-3783/? D/StatusBarManagerService: manageDisableList userId=0 what=0x0 pkg=Window{8c0973a u0 d0 com.sec.android.app.launcher/com.sec.android.app.launcher.activities.LauncherActivity}
01-16 14:20:58.038 5228-5228/? D/PhoneStatusBar: setSystemUiVisibility vis=8600 mask=ffffffff oldVal=8700 newVal=8600 diff=100
01-16 14:20:58.038 3633-5631/? D/InputDispatcher: Focus entered window: 5812
01-16 14:20:58.038 5812-6036/? D/mali_winsys: EGLint new_window_surface(egl_winsys_display*, void*, EGLSurface, EGLConfig, egl_winsys_surface**, egl_color_buffer_format*, EGLBoolean) returns 0x3000,  [1440x2560]-format:1
01-16 14:20:58.038 3633-3799/? D/PointerIcon: setMouseIconStyle1 pointerType: 1001 iconType:101 flag:0 pid:3633 uid:1000
01-16 14:20:58.038 3633-3799/? D/PointerIcon: setMouseCustomIcon IconType is same.101
01-16 14:20:58.048 3633-6253/? D/InputMethodManagerService: windowGainedFocus mCurrentFocusedUserId - 0 and mSecureKeypadEnabled-false
01-16 14:20:58.078 3633-3655/? V/WindowStateAnimator: Finishing drawing window Window{8c0973a u0 d0 com.sec.android.app.launcher/com.sec.android.app.launcher.activities.LauncherActivity}: mDrawState=DRAW_PENDING
01-16 14:20:58.088 5812-5812/? I/Timeline: Timeline: Activity_idle id: android.os.BinderProxy@91d1c1f time:213643300
01-16 14:20:58.098 3633-3799/? D/KnoxTimeoutHandler: notifyActivityDrawn [MsgParam] userId: 0 fullscreen is true showWhenlocked is false
01-16 14:20:58.098 3633-3633/? D/KnoxTimeoutHandler: activityDrawn [MsgParam] userId: 0 fullscreen is true showWhenlocked is false
01-16 14:20:58.098 5300-28515/? W/Binder: Caught a RuntimeException from the binder stub implementation.
                                          java.lang.NullPointerException: Attempt to invoke virtual method 'boolean android.os.Handler.post(java.lang.Runnable)' on a null object reference
                                              at android.app.ActivityOptions$1.sendResult(ActivityOptions.java:284)
                                              at android.os.IRemoteCallback$Stub.onTransact(IRemoteCallback.java:56)
                                              at android.os.Binder.execTransact(Binder.java:453)
01-16 14:20:58.098 3633-3633/? I/KnoxTimeoutHandler: SD activityfalse
01-16 14:20:58.098 3021-3021/? D/libEGL: eglInitialize EGLDisplay = 0x7fe3176548
01-16 14:20:58.118 3633-3799/? D/CustomFrequencyManagerService: releaseDVFSLockLocked : Getting Lock type frm List : DVFS_MIN_LIMIT  frequency : 1872000  uid : 1000  pid : 3633  tag : ACTIVITY_RESUME_BOOSTER@4
01-16 14:20:58.118 3633-3799/? D/ActivityManager: mDVFSHelper.release()
01-16 14:20:58.118 3633-3799/? I/Timeline: Timeline: Activity_windows_visible id: ActivityRecord{33119b5 u0 com.sec.android.app.launcher/.activities.LauncherActivity t7294} time:213643335
01-16 14:20:58.118 3633-3799/? D/KnoxTimeoutHandler: notifyActivityDrawn [MsgParam] userId: 0 fullscreen is true showWhenlocked is false
01-16 14:20:58.118 3633-3633/? D/KnoxTimeoutHandler: activityDrawn [MsgParam] userId: 0 fullscreen is true showWhenlocked is false
01-16 14:20:58.118 3633-3633/? I/KnoxTimeoutHandler: SD activityfalse
01-16 14:20:58.128 3633-3782/? D/CustomFrequencyManagerService: acquireDVFSLockLocked : type : DVFS_MIN_LIMIT  frequency : 1872000  uid : 1000  pid : 3633  pkgName : ACTIVITY_RESUME_BOOSTER@10
01-16 14:20:58.138 3021-3945/? D/libEGL: eglTerminate EGLDisplay = 0x7f9a2ffe78
01-16 14:20:58.138 3021-3939/? I/SurfaceFlinger: id=4831 Removed TeparatedRe (6/10)
01-16 14:20:58.138 3021-5406/? I/SurfaceFlinger: id=4831 Removed TeparatedRe (-2/10)
01-16 14:20:58.138 5300-5300/? D/Recents_RecentsActivity: onStop
01-16 14:20:58.148 3021-3021/? D/libEGL: eglTerminate EGLDisplay = 0x7fe3176668
01-16 14:20:58.148 3021-3021/? D/libEGL: eglTerminate EGLDisplay = 0x7fe3176638
01-16 14:20:58.148 5300-5300/? V/ActivityThread: updateVisibility : ActivityRecord{543a55f token=android.os.BinderProxy@53763e6 {com.android.systemui/com.android.systemui.recents.SeparatedRecentsActivity}} show : false
01-16 14:20:58.408 3633-5061/? D/MdnieScenarioControlService:  packageName : com.sec.android.app.launcher    className : com.sec.android.app.launcher.activities.LauncherActivity
01-16 14:20:58.408 3633-5061/? I/MdnieScenarioControlService: mGameModeLauncher : false
01-16 14:20:58.408 3633-5061/? I/MdnieScenarioControlService: setUIMode
01-16 14:20:58.428 3633-3633/? D/CustomFrequencyManagerService: releaseDVFSLockLocked : Getting Lock type frm List : DVFS_MIN_LIMIT  frequency : 1872000  uid : 1000  pid : 3633  tag : ACTIVITY_RESUME_BOOSTER@10
01-16 14:20:58.948 5300-5300/? D/Recents: onTaskStackChanged
01-16 14:20:59.988 3633-3907/? V/AlarmManager: Expired Alarm result :8
01-16 14:21:00.008 5228-5228/? D/KeyguardUpdateMonitor: received broadcast android.intent.action.TIME_TICK
01-16 14:21:00.008 5228-5228/? D/KeyguardUpdateMonitor: handleTimeUpdate
01-16 14:21:00.028 5228-5228/? D/Clock: received broadcast android.intent.action.TIME_TICK
01-16 14:21:00.088 5228-5228/? D/DateView: received broadcast android.intent.action.TIME_TICK
01-16 14:21:00.098 5228-5677/? D/WallpaperService: resized:[frame]Rect(0, 0 - 1440, 2560) [newConfig] is null
01-16 14:21:00.118 5228-5228/? D/WallpaperService: MSG_WINDOW_RESIZED
01-16 14:21:00.118 5228-5228/? D/WallpaperService: updateSurface:[forceRelayout]true[redrawNeeded]false
01-16 14:21:00.118 5228-5228/? V/WallpaperService: Changes: creating=false format=false size=false
01-16 14:21:00.118 5228-5228/? V/WallpaperService: currentWidth:1440 currentHeight:2560 requestedWidth:1440 requestedWidth:2560
01-16 14:21:00.128 5228-31912/? D/WallpaperService: resized:[frame]Rect(0, 0 - 1440, 2560) [newConfig] is null
01-16 14:21:00.128 5228-5228/? V/WallpaperService: relayout result: Surface(name=null)/@0x856795d, frame=Rect(0, 0 - 1440, 2560),relayoutResult:1, mConfiguration{0 1.0 themeSeq = 0 showBtnBg = -1 ?mcc?mnc en_US ?layoutDir ?swdp ?wdp ?hdp ?density ?lsize ?long ?orien ?uimode ?night ?touch ?keyb/?/? ?nav/? mkbd/?}
01-16 14:21:00.128 5228-5228/? V/WallpaperService: Wallpaper size has changed: (1440, 2560)
01-16 14:21:00.148 5228-5228/? D/NotificationStackScrollLayout:  scroll range should be extended : 1600
01-16 14:21:00.148 5228-5228/? D/WallpaperService: MSG_WINDOW_RESIZED
01-16 14:21:00.148 5228-5228/? D/WallpaperService: updateSurface:[forceRelayout]true[redrawNeeded]false
01-16 14:21:00.148 5228-5228/? V/WallpaperService: Changes: creating=false format=false size=false
01-16 14:21:00.148 5228-5228/? V/WallpaperService: currentWidth:1440 currentHeight:2560 requestedWidth:1440 requestedWidth:2560
01-16 14:21:00.158 5228-5228/? V/WallpaperService: relayout result: Surface(name=null)/@0x856795d, frame=Rect(0, 0 - 1440, 2560),relayoutResult:1, mConfiguration{0 1.0 themeSeq = 0 showBtnBg = -1 ?mcc?mnc en_US ?layoutDir ?swdp ?wdp ?hdp ?density ?lsize ?long ?orien ?uimode ?night ?touch ?keyb/?/? ?nav/? mkbd/?}
01-16 14:21:00.158 5228-5228/? V/WallpaperService: Wallpaper size has changed: (1440, 2560)
01-16 14:21:00.158 5812-5812/? V/LauncherAppWidgetHostView: calculateWidgetSize: (target widgetsize)  using w/h 824 352 span 3 1 (widgetid 31) [current Gridsize : GRID_5x5]
01-16 14:21:00.168 5812-5812/? D/LauncherAppWidgetHostView: calculateWidgetSize() widget = Google Play Music(widget id = 31) result hostview size = 1030 x 440
01-16 14:21:00.168 5812-5812/? D/LauncherAppWidgetHostView: setResizeScaleResult() 1030/ 440 scaleToResize = 0.8(widget id = 31)
01-16 14:21:00.168 5812-5812/? V/LauncherAppWidgetHostView: calculateWidgetSize: (target widgetsize)  using w/h 1100 352 span 4 1 (widgetid 33) [current Gridsize : GRID_5x5]
01-16 14:21:00.168 5812-5812/? D/LauncherAppWidgetHostView: calculateWidgetSize() widget = 4 x 1 MORECAST Advanced(widget id = 33) result hostview size = 1375 x 440
01-16 14:21:00.168 5812-5812/? D/LauncherAppWidgetHostView: setResizeScaleResult() 1375/ 440 scaleToResize = 0.8(widget id = 33)
01-16 14:21:00.168 5812-5812/? V/LauncherAppWidgetHostView: calculateWidgetSize: (target widgetsize)  using w/h 1376 352 span 5 1 (widgetid 35) [current Gridsize : GRID_5x5]
01-16 14:21:00.168 5812-5812/? D/LauncherAppWidgetHostView: calculateWidgetSize() widget = Weather and Clock(widget id = 35) result hostview size = 1720 x 440
01-16 14:21:00.168 5812-5812/? D/LauncherAppWidgetHostView: setResizeScaleResult() 1720/ 440 scaleToResize = 0.8(widget id = 35)
01-16 14:21:00.238 23503-23503/? D/[WeatherWidget(1289)]  WeatherService: {[B73D43639EB27FAA34EF41A6129C1FA74EE523C06D7536E6814BAB417862AF9BA63017AC2C1E20CC004E1F7C09A488FE6E8405EF4D3F04CE1548AAA5BC357D19]}
01-16 14:21:00.248 23503-23503/? D/[WeatherWidget(1289)]: {[3AE6950019B083611567B0F9442DB03E46FB6DE766AD55CE2B94B9E5E5C0C8EB]}
01-16 14:21:00.258 23503-23503/? D/[WeatherWidget(1289)]: {[3AE6950019B083611567B0F9442DB03EBE3344DB7EA709231FA889CBE1BA042A320074BE8FD000B75A46F83623A94B349F464413AFF73BA1E07D1F41AB7B1476]}
01-16 14:21:00.258 23503-23503/? D/[WeatherWidget(1289)]: {[A1AF0F6A1A65A89C43D705938923D0FE9D71D1E79F916BF028A9BE05C24DCFF6CD2A051E52B392FDBAA9E734EE75F9A5D1093D23088593632B2EB4F75879A8B391364DF8DD72A7C2ADE0ECAF9CAEE10C1172900CDF2AE881D7C7D53902501C1C4F4CE7811F5CBAD6721F92DEC72085D3]}
01-16 14:21:00.258 23503-23503/? D/[WeatherWidget(1289)]: {[483B5B7E147A3DD4E13C8EC20B3BDD854E22413F3C9169F664B5925485A18F29]}
01-16 14:21:01.278 3633-3897/? D/TimaService: TIMA: TimaService scheduler is intialized. 
01-16 14:21:01.278 3633-3897/? D/TimaService: TIMA: checkEvent, operation: 50000 subject: 10000
01-16 14:21:01.278 3633-3896/? D/TimaService: TimaServiceHandler.handleMessage what =1
01-16 14:21:01.868 3633-5414/? E/Watchdog: !@Sync 7099 [01-16 14:21:01.872]
01-16 14:21:03.158 5300-9642/? E/libEGL: ------------------------------------------------
01-16 14:21:03.158 5300-9642/? E/libEGL: HWUI Context(2136322816) Damaged Report-Shader
01-16 14:21:03.158 5300-9642/? E/libEGL: HWUI   Shaders(4):
01-16 14:21:03.158 5300-9642/? E/libEGL: HWUI     Unit 0) Handle(7)
01-16 14:21:03.158 5300-9642/? E/libEGL: HWUI     Unit 1) Handle(9)
01-16 14:21:03.158 5300-9642/? E/libEGL: HWUI     Unit 2) DAMAGED Handle(14)
01-16 14:21:03.158 5300-9642/? E/libEGL: HWUI     Unit 3) Handle(16)
01-16 14:21:03.158 5300-9642/? E/libEGL: ------------------------------------------------
01-16 14:21:03.158 5300-9642/? E/libGLESv2: HWUI Protection: wrong calling from app context F:ES2-glDeleteShader, handle(14)
01-16 14:21:03.158 5300-9642/? E/libEGL: ------------------------------------------------
01-16 14:21:03.158 5300-9642/? E/libEGL: HWUI Context(2136322816) Damaged Report-Shader
01-16 14:21:03.158 5300-9642/? E/libEGL: HWUI   Shaders(4):
01-16 14:21:03.158 5300-9642/? E/libEGL: HWUI     Unit 0) DAMAGED Handle(7)
01-16 14:21:03.158 5300-9642/? E/libEGL: HWUI     Unit 1) Handle(9)
01-16 14:21:03.158 5300-9642/? E/libEGL: HWUI     Unit 2) Handle(14)
01-16 14:21:03.158 5300-9642/? E/libEGL: HWUI     Unit 3) Handle(16)
01-16 14:21:03.158 5300-9642/? E/libEGL: ------------------------------------------------
01-16 14:21:03.158 5300-9642/? E/libGLESv2: HWUI Protection: wrong calling from app context F:ES2-glDeleteShader, handle(7)
01-16 14:21:03.158 5300-9642/? E/libEGL: ------------------------------------------------
01-16 14:21:03.158 5300-9642/? E/libEGL: HWUI Context(2136322816) Damaged Report-Shader
01-16 14:21:03.158 5300-9642/? E/libEGL: HWUI   Shaders(4):
01-16 14:21:03.158 5300-9642/? E/libEGL: HWUI     Unit 0) Handle(7)
01-16 14:21:03.158 5300-9642/? E/libEGL: HWUI     Unit 1) DAMAGED Handle(9)
01-16 14:21:03.158 5300-9642/? E/libEGL: HWUI     Unit 2) Handle(14)
01-16 14:21:03.158 5300-9642/? E/libEGL: HWUI     Unit 3) Handle(16)
01-16 14:21:03.158 5300-9642/? E/libEGL: ------------------------------------------------
01-16 14:21:03.158 5300-9642/? E/libGLESv2: HWUI Protection: wrong calling from app context F:ES2-glDeleteShader, handle(9)
01-16 14:21:03.158 5300-9642/? E/libEGL: ------------------------------------------------
01-16 14:21:03.158 5300-9642/? E/libEGL: HWUI Context(2136322816) Damaged Report-Shader
01-16 14:21:03.158 5300-9642/? E/libEGL: HWUI   Shaders(4):
01-16 14:21:03.158 5300-9642/? E/libEGL: HWUI     Unit 0) Handle(7)
01-16 14:21:03.158 5300-9642/? E/libEGL: HWUI     Unit 1) Handle(9)
01-16 14:21:03.158 5300-9642/? E/libEGL: HWUI     Unit 2) Handle(14)
01-16 14:21:03.158 5300-9642/? E/libEGL: HWUI     Unit 3) DAMAGED Handle(16)
01-16 14:21:03.158 5300-9642/? E/libEGL: ------------------------------------------------
01-16 14:21:03.158 5300-9642/? E/libGLESv2: HWUI Protection: wrong calling from app context F:ES2-glDeleteShader, handle(16)
01-16 14:21:03.168 5300-9642/? D/libEGL: eglTerminate EGLDisplay = 0x7f6c2b3228
01-16 14:21:04.018 3633-8576/? D/ConnectivityService: returning getNetworkInfo for network type 1 : [type: WIFI[] - WIFI, state: CONNECTED/CONNECTED, reason: (unspecified), extra: "Balto", roaming: false, failover: false, isAvailable: true]
01-16 14:21:04.408 3633-3897/? I/TLC_TIMA_PKM_measure_kernel: TIMA: response_id = 3
01-16 14:21:04.408 3633-3897/? I/TLC_TIMA_PKM_measure_kernel: TIMA: response ret = 0, result_ondemand = MSG=Kernel Verification Success;
01-16 14:21:04.408 3633-3897/? D/TimaService: TIMA MEASUREMENT Result: TIMA_STATUS=0;MSG=Kernel Verification Success;
01-16 14:21:04.408 3633-3897/? D/TimaService: TIMA MEASUREMENT success status: TIMA_STATUS=0;MSG=Kernel Verification Success;
01-16 14:21:05.958 24859-24921/? I/ReschedulableTimer: [#CMH#] ReschedulableTimer started 
01-16 14:21:06.088 25026-25026/? I/IPService: [IPService] onResumeservice () called 
01-16 14:21:06.238 3633-5601/? D/BatteryService: !@BatteryListener : batteryPropertiesChanged!
01-16 14:21:06.238 3633-5601/? D/BatteryService: level:100, scale:100, status:5, health:2, present:true, voltage: 4325, temperature: 279, technology: Li-ion, AC powered:false, USB powered:true, POGO powered:false, Wireless powered:false, icon:17303413, invalid charger:0, maxChargingCurrent:0
01-16 14:21:06.238 3633-5601/? D/BatteryService: online:4, current avg:-5, charge type:0, power sharing:false, high voltage charger:false, capacity:280000, batterySWSelfDischarging:false, current_now:0
01-16 14:21:06.238 3633-3633/? D/BatteryService: Sending ACTION_BATTERY_CHANGED.
01-16 14:21:06.238 3633-3633/? I/MotionRecognitionService: Plugged
01-16 14:21:06.238 3633-3633/? D/MotionRecognitionService:   cableConnection= 1
01-16 14:21:06.238 3633-3633/? D/MotionRecognitionService: setPowerConnected | current backoffstate  = 1024 , state =1024
01-16 14:21:06.238 3633-3633/? D/MotionRecognitionService: skip setTransmitPower. 
01-16 14:21:06.248 3633-5040/? D/WifiController: ApOrStaEnabledState  msg.what= 155652
01-16 14:21:06.248 5228-5228/? D/KeyguardUpdateMonitor: received broadcast android.intent.action.BATTERY_CHANGED
01-16 14:21:06.248 5228-5228/? D/PowerUI: priorPlugType = 2 mPlugType =  2
01-16 14:21:06.248 5228-5228/? D/KeyguardUpdateMonitor: handleBatteryUpdate
01-16 14:21:06.248 5228-5228/? D/BatteryMeterView: ACTION_BATTERY_CHANGED : level:100 status:5 health:2
01-16 14:21:06.258 5604-5604/? D/CommonServiceConfiguration: getStringValueSetting
01-16 14:21:06.258 5604-5604/? D/BatteryMonitor: new battery level: 100
01-16 14:21:06.258 22178-22178/? I/[SC]AutoBackupBroadcastReceiver: [onReceive] action Name : android.intent.action.BATTERY_CHANGED
01-16 14:21:06.258 22178-22178/? I/[SC]AutoBackupBroadcastReceiver: setChargerStatus[true]
01-16 14:21:06.258 22178-22178/? I/[SC]AutoBackupProvider: call !!  method : setChargerStatusarg = AUTOBAKCUP
01-16 14:21:06.258 22178-22178/? I/[SC]AutoBackupProvider: setChargerStatus - started.
01-16 14:21:06.258 22178-22178/? I/[SC]AutoBackupBroadcastReceiver: [onReceive] chargerStatus : true
01-16 14:21:06.278 5228-5228/? D/BatteryMeterView: ACTION_BATTERY_CHANGED : level:100 status:5 health:2
01-16 14:21:06.288 25026-25298/? W/IPTask: [IPService] Going to sleep for 3000
01-16 14:21:06.518 3633-8576/? D/SSRM:u: SIOP:: AP = 300, PST = 315 (W:14), CP = 256, CUR = -5, LCD = 113
01-16 14:21:06.898 21915-21932/? I/Quasar: start to send events
01-16 14:21:09.428 25026-25298/? W/IPTask: [IPService] Going to sleep for 3000
01-16 14:21:10.408 32484-32501/? D/ContactsProvider_EventLog: contents_sample_state: [ contacts(221) data(770) accounts({vnd.sec.contact.phone (1)=178, com.google (10)=44, vnd.sec.contact.sim (3)=2}) accounts deleted({}) calls([logtype:100 cnt:493, logtype:500 cnt:2, logtype:800 cnt:5])  ]
                                                              contents_sample_state: [ agr({[3]=2, [2]=41, [10]=1, [1 ,1]=1, [1]=174, [2 ,1]=2})  ]
01-16 14:21:12.428 25026-25298/? I/BaseThreadPoolExecutor: [IPService] afterExecute FutureTask
01-16 14:21:12.438 25026-25298/? I/IPServiceController: [IPService] onTaskFinished  com.samsung.ipservice.extractors.task.IPTask@6818a37 mIsIPTaskCancelled false
01-16 14:21:12.438 25026-25298/? I/OscExtractor: [IPService] release() 
01-16 14:21:12.438 25026-25298/? I/IPModuleQE: [IPService] release 
01-16 14:21:12.438 25026-25298/? I/IPModuleVA: [IPService] release 
01-16 14:21:12.438 25026-25298/? D/ImageClassification: release enter
01-16 14:21:12.468 25026-25298/? I/ICNative: ImgGroupSize to be saved : 925
01-16 14:21:12.488 25026-25298/? D/ImageClassification: release exit
01-16 14:21:13.748 3171-3605/? E/NetlinkEvent: NetlinkEvent::FindParam(): Parameter 'LABEL' not found
01-16 14:21:15.488 24859-24920/? I/ReschedulableTimer: [#CMH#] ReschedulableTimer started 
01-16 14:21:15.788 2104-2206/? I/PlayCommon: [20330] com.google.android.play.a.g.e(900): Preparing logs for uploading
01-16 14:21:15.788 2104-2206/? I/PlayCommon: [20330] com.google.android.play.a.g.e(902): No file ready to send
01-16 14:21:16.558 3633-8576/? D/SSRM:u: SIOP:: AP = 300, PST = 311 (W:14), CP = 253, CUR = -5, LCD = 113
01-16 14:21:17.368 5228-5411/? D/NetworkController.MobileSignalController(0/1): onSignalStrengthsChanged signalStrength=SignalStrength: 10 99 -10 -200 -10 -200 -1 19 -92 -6 160 2 2147483647 0x4000 gsm|lte level=4
01-16 14:21:17.368 5228-5411/? D/NetworkController.MobileSignalController(0/1): getMobileIconGroup(): 13
01-16 14:21:17.368 5228-5411/? D/NetworkController.MobileSignalController(0/1): updateLTEMobileIconGroup(): 13
01-16 14:21:18.738 3171-3605/? E/NetlinkEvent: NetlinkEvent::FindParam(): Parameter 'LABEL' not found
01-16 14:21:19.918 5228-5411/? D/NetworkController.MobileSignalController(0/1): onSignalStrengthsChanged signalStrength=SignalStrength: 9 99 -9 -200 -9 -200 -1 17 -94 -5 160 2 2147483647 0x4000 gsm|lte level=4
01-16 14:21:19.918 5228-5411/? D/NetworkController.MobileSignalController(0/1): getMobileIconGroup(): 13
01-16 14:21:19.918 5228-5411/? D/NetworkController.MobileSignalController(0/1): updateLTEMobileIconGroup(): 13
01-16 14:21:23.768 5228-5411/? D/NetworkController.MobileSignalController(0/1): onSignalStrengthsChanged signalStrength=SignalStrength: 8 99 -8 -200 -8 -200 -1 14 -97 -6 160 2 2147483647 0x4000 gsm|lte level=4
01-16 14:21:23.768 5228-5411/? D/NetworkController.MobileSignalController(0/1): getMobileIconGroup(): 13
01-16 14:21:23.768 5228-5411/? D/NetworkController.MobileSignalController(0/1): updateLTEMobileIconGroup(): 13
01-16 14:21:23.788 5228-5411/? D/NetworkController.MobileSignalController(0/1): onSignalStrengthsChanged signalStrength=SignalStrength: 8 99 -8 -200 -8 -200 -1 99 -97 -6 160 2 2147483647 0x3000 gsm|lte level=3
01-16 14:21:23.788 5228-5411/? D/NetworkController.MobileSignalController(0/1): getMobileIconGroup(): 13
01-16 14:21:23.788 5228-5411/? D/NetworkController.MobileSignalController(0/1): updateLTEMobileIconGroup(): 13
01-16 14:21:25.038 5228-5411/? D/NetworkController.MobileSignalController(0/1): onSignalStrengthsChanged signalStrength=SignalStrength: 9 99 -9 -200 -9 -200 -1 16 -95 -6 170 2 2147483647 0x3000 gsm|lte level=3
01-16 14:21:25.048 5228-5411/? D/NetworkController.MobileSignalController(0/1): getMobileIconGroup(): 13
01-16 14:21:25.048 5228-5411/? D/NetworkController.MobileSignalController(0/1): updateLTEMobileIconGroup(): 13
01-16 14:21:26.328 5228-5411/? D/NetworkController.MobileSignalController(0/1): onSignalStrengthsChanged signalStrength=SignalStrength: 8 99 -8 -200 -8 -200 -1 14 -97 -6 160 2 2147483647 0x3000 gsm|lte level=3
01-16 14:21:26.328 5228-5411/? D/NetworkController.MobileSignalController(0/1): getMobileIconGroup(): 13
01-16 14:21:26.328 5228-5411/? D/NetworkController.MobileSignalController(0/1): updateLTEMobileIconGroup(): 13
01-16 14:21:26.588 3633-8576/? D/SSRM:u: SIOP:: AP = 290, PST = 306 (W:14), CP = 251, CUR = -5, LCD = 113
01-16 14:21:27.818 3171-3609/? D/EnterpriseController: netId is 0
01-16 14:21:27.818 3171-3609/? D/Netd: getNetworkForDns: using netid 662 for uid 10096
01-16 14:21:28.098 3171-3609/? D/EnterpriseController: netId is 0
01-16 14:21:28.098 3171-3609/? D/Netd: getNetworkForDns: using netid 662 for uid 10096
01-16 14:21:28.888 5228-5411/? D/NetworkController.MobileSignalController(0/1): onSignalStrengthsChanged signalStrength=SignalStrength: 9 99 -9 -200 -9 -200 -1 16 -95 -6 170 2 2147483647 0x3000 gsm|lte level=3
01-16 14:21:28.888 5228-5411/? D/NetworkController.MobileSignalController(0/1): getMobileIconGroup(): 13
01-16 14:21:28.888 5228-5411/? D/NetworkController.MobileSignalController(0/1): updateLTEMobileIconGroup(): 13
01-16 14:21:31.868 3633-5414/? E/Watchdog: !@Sync 7100 [01-16 14:21:31.873]
01-16 14:21:32.718 5228-5411/? D/NetworkController.MobileSignalController(0/1): onSignalStrengthsChanged signalStrength=SignalStrength: 10 99 -10 -200 -10 -200 -1 19 -92 -6 170 2 2147483647 0x3000 gsm|lte level=3
01-16 14:21:32.718 5228-5411/? D/NetworkController.MobileSignalController(0/1): getMobileIconGroup(): 13
01-16 14:21:32.728 5228-5411/? D/NetworkController.MobileSignalController(0/1): updateLTEMobileIconGroup(): 13
01-16 14:21:34.308 3633-3907/? V/AlarmManager: Expired Alarm result :4
01-16 14:21:36.288 3633-6253/? D/BatteryService: !@BatteryListener : batteryPropertiesChanged!
01-16 14:21:36.288 3633-6253/? D/BatteryService: level:100, scale:100, status:5, health:2, present:true, voltage: 4327, temperature: 279, technology: Li-ion, AC powered:false, USB powered:true, POGO powered:false, Wireless powered:false, icon:17303413, invalid charger:0, maxChargingCurrent:0
01-16 14:21:36.288 3633-6253/? D/BatteryService: online:4, current avg:0, charge type:0, power sharing:false, high voltage charger:false, capacity:280000, batterySWSelfDischarging:false, current_now:0
01-16 14:21:36.288 3633-3633/? D/BatteryService: Sending ACTION_BATTERY_CHANGED.
01-16 14:21:36.298 3633-3633/? I/MotionRecognitionService: Plugged
01-16 14:21:36.298 3633-3633/? D/MotionRecognitionService:   cableConnection= 1
01-16 14:21:36.298 3633-3633/? D/MotionRecognitionService: setPowerConnected | current backoffstate  = 1024 , state =1024
01-16 14:21:36.298 3633-3633/? D/MotionRecognitionService: skip setTransmitPower. 
01-16 14:21:36.308 3633-5040/? D/WifiController: ApOrStaEnabledState  msg.what= 155652
01-16 14:21:36.308 5228-5228/? D/KeyguardUpdateMonitor: received broadcast android.intent.action.BATTERY_CHANGED
01-16 14:21:36.308 5228-5228/? D/KeyguardUpdateMonitor: handleBatteryUpdate
01-16 14:21:36.308 5228-5228/? D/PowerUI: priorPlugType = 2 mPlugType =  2
01-16 14:21:36.328 5604-5604/? D/CommonServiceConfiguration: getStringValueSetting
01-16 14:21:36.338 5604-5604/? D/BatteryMonitor: new battery level: 100
01-16 14:21:36.348 22178-22178/? I/[SC]AutoBackupBroadcastReceiver: [onReceive] action Name : android.intent.action.BATTERY_CHANGED
01-16 14:21:36.358 22178-22178/? I/[SC]AutoBackupBroadcastReceiver: setChargerStatus[true]
01-16 14:21:36.358 22178-22178/? I/[SC]AutoBackupProvider: call !!  method : setChargerStatusarg = AUTOBAKCUP
01-16 14:21:36.358 22178-22178/? I/[SC]AutoBackupProvider: setChargerStatus - started.
01-16 14:21:36.358 22178-22178/? I/[SC]AutoBackupBroadcastReceiver: [onReceive] chargerStatus : true
01-16 14:21:36.358 5228-5228/? D/BatteryMeterView: ACTION_BATTERY_CHANGED : level:100 status:5 health:2
01-16 14:21:36.358 5228-5228/? D/BatteryMeterView: ACTION_BATTERY_CHANGED : level:100 status:5 health:2
01-16 14:21:36.618 3633-8576/? D/SSRM:u: SIOP:: AP = 290, PST = 304 (W:14), CP = 250, LCD = 113
01-16 14:21:45.428 3633-3907/? V/AlarmManager: Expired Alarm result :8
01-16 14:21:45.478 3633-5626/? V/BroadcastQueue: [background] Process cur broadcast BroadcastRecord{3d9564a u0 null qIdx=4}, state= (APP_RECEIVE) DELIVERED for app ProcessRecord{c2127b8 5977:com.google.android.gms.persistent/u0a18}
01-16 14:21:45.578 5977-25320/? D/SecWifiDisplayUtil: Metadata value : SecSettings2
01-16 14:21:46.668 3633-8576/? D/SSRM:u: SIOP:: AP = 290, PST = 302 (W:14), CP = 249, LCD = 113
01-16 14:21:50.848 3633-3801/? D/PowerManagerService: [s] UserActivityState : 1 -> 2
01-16 14:21:50.848 3633-3801/? D/PowerManagerService: mDisplayReady: false
01-16 14:21:50.858 3633-3801/? D/DisplayPowerController: animateScreenStateChange[0]: target=2
01-16 14:21:50.858 3633-3801/? D/DisplayPowerController: [Dual Screen Compatible] state[0] :2
01-16 14:21:50.858 3633-3801/? D/DisplayPowerController: getFinalBrightness : Summary is 57 -> 57
01-16 14:21:50.858 3633-3801/? D/DisplayPowerController: Animating brightness: target=57, rate=500 (PSM:false, AB limit:(-1 ~ -1) MB Limit:(-1 ~ -1))
01-16 14:21:50.868 3633-3801/? D/PowerManagerService: [s] DisplayPowerCallbacks : onStateChanged()
01-16 14:21:50.868 3633-3801/? D/PowerManagerService: mDisplayReady: true
01-16 14:21:50.868 3633-5086/? D/lights: lcd : 110 +
01-16 14:21:50.878 3633-5086/? D/lights: lcd : 110 -
01-16 14:21:50.888 3633-5086/? D/lights: lcd : 102 +
01-16 14:21:50.888 3633-5086/? D/lights: lcd : 102 -
01-16 14:21:50.888 3633-3801/? D/DisplayPowerController: animateScreenStateChange[0]: target=2
01-16 14:21:50.888 3633-3801/? D/DisplayPowerController: [Dual Screen Compatible] state[0] :2
01-16 14:21:50.888 3633-3801/? D/DisplayPowerController: getFinalBrightness : Summary is 57 -> 57
01-16 14:21:50.888 3633-3801/? D/DisplayPowerController: Animating brightness: target=57, rate=500 (PSM:false, AB limit:(-1 ~ -1) MB Limit:(-1 ~ -1))
01-16 14:21:50.888 3633-3801/? D/DisplayPowerController: animateScreenStateChange[0]: target=2
01-16 14:21:50.888 3633-3801/? D/DisplayPowerController: [Dual Screen Compatible] state[0] :2
01-16 14:21:50.888 3633-3801/? D/DisplayPowerController: getFinalBrightness : Summary is 57 -> 57
01-16 14:21:50.888 3633-3801/? D/DisplayPowerController: Animating brightness: target=57, rate=500 (PSM:false, AB limit:(-1 ~ -1) MB Limit:(-1 ~ -1))
01-16 14:21:50.898 3633-5086/? D/lights: lcd : 94 +
01-16 14:21:50.898 3633-5086/? D/lights: lcd : 94 -
01-16 14:21:50.908 3633-3801/? D/DisplayPowerController: animateScreenStateChange[0]: target=2
01-16 14:21:50.908 3633-3801/? D/DisplayPowerController: [Dual Screen Compatible] state[0] :2
01-16 14:21:50.908 3633-3801/? D/DisplayPowerController: getFinalBrightness : Summary is 57 -> 57
01-16 14:21:50.908 3633-3801/? D/DisplayPowerController: Animating brightness: target=57, rate=500 (PSM:false, AB limit:(-1 ~ -1) MB Limit:(-1 ~ -1))
01-16 14:21:50.918 3633-5086/? D/lights: lcd : 85 +
01-16 14:21:50.918 3633-5086/? D/lights: lcd : 85 -
01-16 14:21:50.918 3633-3801/? D/DisplayPowerController: animateScreenStateChange[0]: target=2
01-16 14:21:50.918 3633-3801/? D/DisplayPowerController: [Dual Screen Compatible] state[0] :2
01-16 14:21:50.918 3633-3801/? D/DisplayPowerController: getFinalBrightness : Summary is 57 -> 57
01-16 14:21:50.918 3633-3801/? D/DisplayPowerController: Animating brightness: target=57, rate=500 (PSM:false, AB limit:(-1 ~ -1) MB Limit:(-1 ~ -1))
01-16 14:21:50.938 3633-5086/? D/lights: lcd : 77 +
01-16 14:21:50.938 3633-5086/? D/lights: lcd : 77 -
01-16 14:21:50.938 3633-3801/? D/DisplayPowerController: animateScreenStateChange[0]: target=2
01-16 14:21:50.938 3633-3801/? D/DisplayPowerController: [Dual Screen Compatible] state[0] :2
01-16 14:21:50.938 3633-3801/? D/DisplayPowerController: getFinalBrightness : Summary is 57 -> 57
01-16 14:21:50.938 3633-3801/? D/DisplayPowerController: Animating brightness: target=57, rate=500 (PSM:false, AB limit:(-1 ~ -1) MB Limit:(-1 ~ -1))
01-16 14:21:50.948 3633-5086/? D/lights: lcd : 68 +
01-16 14:21:50.948 3633-5086/? D/lights: lcd : 68 -
01-16 14:21:50.958 3633-3801/? D/DisplayPowerController: animateScreenStateChange[0]: target=2
01-16 14:21:50.958 3633-3801/? D/DisplayPowerController: [Dual Screen Compatible] state[0] :2
01-16 14:21:50.958 3633-3801/? D/DisplayPowerController: getFinalBrightness : Summary is 57 -> 57
01-16 14:21:50.958 3633-3801/? D/DisplayPowerController: Animating brightness: target=57, rate=500 (PSM:false, AB limit:(-1 ~ -1) MB Limit:(-1 ~ -1))
01-16 14:21:50.968 3633-5086/? D/lights: lcd : 60 +
01-16 14:21:50.968 3633-5086/? D/lights: lcd : 60 -
01-16 14:21:50.968 3633-3801/? D/DisplayPowerController: animateScreenStateChange[0]: target=2
01-16 14:21:50.968 3633-3801/? D/DisplayPowerController: [Dual Screen Compatible] state[0] :2
01-16 14:21:50.968 3633-3801/? D/DisplayPowerController: getFinalBrightness : Summary is 57 -> 57
01-16 14:21:50.968 3633-3801/? D/DisplayPowerController: Animating brightness: target=57, rate=500 (PSM:false, AB limit:(-1 ~ -1) MB Limit:(-1 ~ -1))
01-16 14:21:50.988 3633-5086/? D/lights: lcd : 57 +
01-16 14:21:50.988 3633-3801/? D/DisplayPowerController: animateScreenStateChange[0]: target=2
01-16 14:21:50.988 3633-3801/? D/DisplayPowerController: [Dual Screen Compatible] state[0] :2
01-16 14:21:50.988 3633-3801/? D/DisplayPowerController: getFinalBrightness : Summary is 57 -> 57
01-16 14:21:50.988 3633-3801/? D/DisplayPowerController: Animating brightness: target=57, rate=500 (PSM:false, AB limit:(-1 ~ -1) MB Limit:(-1 ~ -1))
01-16 14:21:50.988 3633-5086/? D/lights: lcd : 57 -
01-16 14:21:50.988 3633-3801/? D/DisplayPowerController: animateScreenStateChange[0]: target=2
01-16 14:21:50.988 3633-3801/? D/DisplayPowerController: [Dual Screen Compatible] state[0] :2
01-16 14:21:50.988 3633-3801/? D/DisplayPowerController: getFinalBrightness : Summary is 57 -> 57
01-16 14:21:50.988 3633-3801/? D/DisplayPowerController: Animating brightness: target=57, rate=500 (PSM:false, AB limit:(-1 ~ -1) MB Limit:(-1 ~ -1))
01-16 14:21:56.718 3633-8576/? D/SSRM:u: SIOP:: AP = 290, PST = 300 (W:14), CP = 248, LCD = 57
01-16 14:21:57.848 3633-3801/? D/PowerManagerService: [s] UserActivityState : 2 -> 4
01-16 14:21:57.848 3633-3801/? I/PowerManagerService: Nap time (uid 1000)...
01-16 14:21:57.848 3633-3801/? D/PowerManagerService: handleSandman : startDreaming: false  (canDreamLocked: false  canDozeLocked: false)
01-16 14:21:57.848 3633-3801/? D/InputManager-JNI: setInteractive(false)
01-16 14:21:57.848 3633-3801/? I/PowerManagerService: !@[ps] Screen__Off - 669 :  dream(timeout) (2)
01-16 14:21:57.848 3633-3801/? I/PowerManagerService: Going to sleep due to screen timeout (uid 1000)...
01-16 14:21:57.848 3633-3801/? D/PowerManagerService: mDisplayReady: false
01-16 14:21:57.848 3633-5083/? D/NetworkPolicy: onScreenStateChanged, state: false, reason: 3
01-16 14:21:57.848 3633-3801/? D/DisplayPowerController: animateScreenStateChange[0]: target=1
01-16 14:21:57.848 3633-3801/? D/ColorFade: prepare: mode=4
01-16 14:21:57.858 3021-3021/? I/SurfaceFlinger: id=4834 createSurf (1440x2560),2 flag=404, DolorFade
01-16 14:21:57.858 5228-29602/? D/KeyguardViewMediator: onStartedGoingToSleep(3)
01-16 14:21:57.878 3633-3801/? D/PowerManagerUtil: Excessive delay in ColorFade : createSurface: 27ms
01-16 14:21:57.888 5228-29602/? E/KeyguardViewMediator: lockAfterTimeout = 5000 policyTimeout = 0
01-16 14:21:57.898 3633-3801/? D/mali_winsys: EGLint new_window_surface(egl_winsys_display*, void*, EGLSurface, EGLConfig, egl_winsys_surface**, egl_color_buffer_format*, EGLBoolean) returns 0x3000,  [1440x2560]-format:1
01-16 14:21:57.898 5228-29602/? D/KeyguardViewMediator: timeout : 5000
01-16 14:21:57.898 3633-3801/? D/PowerManagerUtil: Excessive delay in ColorFade : createEglSurface: 18ms
01-16 14:21:57.898 5228-29602/? D/KeyguardViewMediator: setting alarm to turn off keyguard, seq = 670
01-16 14:21:57.898 5228-29602/? D/KeyguardViewMediator: notifyStartedGoingToSleep
01-16 14:21:57.908 5228-5228/? V/KeyguardFingerPrint: updateFingerprintListeningState(false)
01-16 14:21:57.908 5228-5228/? D/KeyguardFingerPrint: shouldListenForFingerprint ( mKeyguardIsVisible = false , mDeviceInteractive = true , mSwitchingUser = false , mGoingToSleep = true
01-16 14:21:57.908 5228-5228/? V/KeyguardUpdateMonitor: stopListeningForFingerprint()
01-16 14:21:57.908 5228-5228/? D/KeyguardViewMediator: handleNotifyStartedGoingToSleep
01-16 14:21:57.948 3633-3801/? D/libEGL: eglInitialize EGLDisplay = 0x7f6958d778
01-16 14:21:57.948 3633-3801/? D/libEGL: eglTerminate EGLDisplay = 0x7f6958d8e8
01-16 14:21:57.958 3633-3801/? D/PowerManagerUtil: Excessive delay in ColorFade prepare: 109ms
01-16 14:21:57.958 3633-3801/? D/ColorFade: ColorFade is ready
01-16 14:21:57.958 3633-3801/? D/DisplayPowerController: ColorFade: onAnimationStart
01-16 14:21:57.958 3633-3801/? D/DisplayPowerController: [Dual Screen Compatible] state[0] :2
01-16 14:21:57.958 3633-3801/? D/DisplayPowerController: getFinalBrightness : Summary is 113 -> 113
01-16 14:21:58.008 3021-3021/? D/libEGL: eglInitialize EGLDisplay = 0x7fe3176548
01-16 14:21:58.028 3021-3021/? D/libEGL: eglInitialize EGLDisplay = 0x7fe3176548
01-16 14:21:58.048 3021-3021/? D/libEGL: eglInitialize EGLDisplay = 0x7fe3176548
01-16 14:21:58.258 3633-3801/? D/DisplayPowerState: !@ [0] ColorFade entry
01-16 14:21:58.258 3633-3801/? D/PowerManagerService: [input device light] onColorFadeExit(false)
01-16 14:21:58.258 3633-3801/? D/DisplayPowerController: ColorFade: onAnimationEnd
01-16 14:21:58.278 3633-5086/? D/lights: lcd : 0 +
